Archive member included because of file (symbol)

/opt/altera/13.0sp1/nios2eds/bin/gnu/H-i686-pc-linux-gnu/bin/../lib/gcc/nios2-elf/4.1.2/../../../../nios2-elf/lib/mno-hw-mul/libc.a(lib_a-impure.o)
                              obj/default/twotasksimp.o (_impure_ptr)
/opt/altera/13.0sp1/nios2eds/bin/gnu/H-i686-pc-linux-gnu/bin/../lib/gcc/nios2-elf/4.1.2/../../../../nios2-elf/lib/mno-hw-mul/libc.a(lib_a-printf.o)
                              obj/default/twotasksimp.o (printf)
/opt/altera/13.0sp1/nios2eds/bin/gnu/H-i686-pc-linux-gnu/bin/../lib/gcc/nios2-elf/4.1.2/../../../../nios2-elf/lib/mno-hw-mul/libc.a(lib_a-putc.o)
                              obj/default/twotasksimp.o (putc)
/opt/altera/13.0sp1/nios2eds/bin/gnu/H-i686-pc-linux-gnu/bin/../lib/gcc/nios2-elf/4.1.2/../../../../nios2-elf/lib/mno-hw-mul/libc.a(lib_a-puts.o)
                              obj/default/twotasksimp.o (puts)
/opt/altera/13.0sp1/nios2eds/bin/gnu/H-i686-pc-linux-gnu/bin/../lib/gcc/nios2-elf/4.1.2/../../../../nios2-elf/lib/mno-hw-mul/libc.a(lib_a-strlen.o)
                              obj/default/twotasksimp.o (strlen)
/opt/altera/13.0sp1/nios2eds/bin/gnu/H-i686-pc-linux-gnu/bin/../lib/gcc/nios2-elf/4.1.2/../../../../nios2-elf/lib/mno-hw-mul/libc.a(lib_a-vfprintf.o)
                              /opt/altera/13.0sp1/nios2eds/bin/gnu/H-i686-pc-linux-gnu/bin/../lib/gcc/nios2-elf/4.1.2/../../../../nios2-elf/lib/mno-hw-mul/libc.a(lib_a-printf.o) (___vfprintf_internal_r)
/opt/altera/13.0sp1/nios2eds/bin/gnu/H-i686-pc-linux-gnu/bin/../lib/gcc/nios2-elf/4.1.2/../../../../nios2-elf/lib/mno-hw-mul/libc.a(lib_a-wbuf.o)
                              /opt/altera/13.0sp1/nios2eds/bin/gnu/H-i686-pc-linux-gnu/bin/../lib/gcc/nios2-elf/4.1.2/../../../../nios2-elf/lib/mno-hw-mul/libc.a(lib_a-putc.o) (__swbuf_r)
/opt/altera/13.0sp1/nios2eds/bin/gnu/H-i686-pc-linux-gnu/bin/../lib/gcc/nios2-elf/4.1.2/../../../../nios2-elf/lib/mno-hw-mul/libc.a(lib_a-wsetup.o)
                              /opt/altera/13.0sp1/nios2eds/bin/gnu/H-i686-pc-linux-gnu/bin/../lib/gcc/nios2-elf/4.1.2/../../../../nios2-elf/lib/mno-hw-mul/libc.a(lib_a-vfprintf.o) (__swsetup_r)
/opt/altera/13.0sp1/nios2eds/bin/gnu/H-i686-pc-linux-gnu/bin/../lib/gcc/nios2-elf/4.1.2/../../../../nios2-elf/lib/mno-hw-mul/libc.a(lib_a-dtoa.o)
                              /opt/altera/13.0sp1/nios2eds/bin/gnu/H-i686-pc-linux-gnu/bin/../lib/gcc/nios2-elf/4.1.2/../../../../nios2-elf/lib/mno-hw-mul/libc.a(lib_a-vfprintf.o) (_dtoa_r)
/opt/altera/13.0sp1/nios2eds/bin/gnu/H-i686-pc-linux-gnu/bin/../lib/gcc/nios2-elf/4.1.2/../../../../nios2-elf/lib/mno-hw-mul/libc.a(lib_a-fflush.o)
                              /opt/altera/13.0sp1/nios2eds/bin/gnu/H-i686-pc-linux-gnu/bin/../lib/gcc/nios2-elf/4.1.2/../../../../nios2-elf/lib/mno-hw-mul/libc.a(lib_a-vfprintf.o) (_fflush_r)
/opt/altera/13.0sp1/nios2eds/bin/gnu/H-i686-pc-linux-gnu/bin/../lib/gcc/nios2-elf/4.1.2/../../../../nios2-elf/lib/mno-hw-mul/libc.a(lib_a-findfp.o)
                              /opt/altera/13.0sp1/nios2eds/bin/gnu/H-i686-pc-linux-gnu/bin/../lib/gcc/nios2-elf/4.1.2/../../../../nios2-elf/lib/mno-hw-mul/libc.a(lib_a-putc.o) (__sinit)
/opt/altera/13.0sp1/nios2eds/bin/gnu/H-i686-pc-linux-gnu/bin/../lib/gcc/nios2-elf/4.1.2/../../../../nios2-elf/lib/mno-hw-mul/libc.a(lib_a-freer.o)
                              /opt/altera/13.0sp1/nios2eds/bin/gnu/H-i686-pc-linux-gnu/bin/../lib/gcc/nios2-elf/4.1.2/../../../../nios2-elf/lib/mno-hw-mul/libc.a(lib_a-wsetup.o) (_free_r)
/opt/altera/13.0sp1/nios2eds/bin/gnu/H-i686-pc-linux-gnu/bin/../lib/gcc/nios2-elf/4.1.2/../../../../nios2-elf/lib/mno-hw-mul/libc.a(lib_a-fvwrite.o)
                              /opt/altera/13.0sp1/nios2eds/bin/gnu/H-i686-pc-linux-gnu/bin/../lib/gcc/nios2-elf/4.1.2/../../../../nios2-elf/lib/mno-hw-mul/libc.a(lib_a-puts.o) (__sfvwrite_r)
/opt/altera/13.0sp1/nios2eds/bin/gnu/H-i686-pc-linux-gnu/bin/../lib/gcc/nios2-elf/4.1.2/../../../../nios2-elf/lib/mno-hw-mul/libc.a(lib_a-fwalk.o)
                              /opt/altera/13.0sp1/nios2eds/bin/gnu/H-i686-pc-linux-gnu/bin/../lib/gcc/nios2-elf/4.1.2/../../../../nios2-elf/lib/mno-hw-mul/libc.a(lib_a-fflush.o) (_fwalk_reent)
/opt/altera/13.0sp1/nios2eds/bin/gnu/H-i686-pc-linux-gnu/bin/../lib/gcc/nios2-elf/4.1.2/../../../../nios2-elf/lib/mno-hw-mul/libc.a(lib_a-locale.o)
                              /opt/altera/13.0sp1/nios2eds/bin/gnu/H-i686-pc-linux-gnu/bin/../lib/gcc/nios2-elf/4.1.2/../../../../nios2-elf/lib/mno-hw-mul/libc.a(lib_a-vfprintf.o) (_localeconv_r)
/opt/altera/13.0sp1/nios2eds/bin/gnu/H-i686-pc-linux-gnu/bin/../lib/gcc/nios2-elf/4.1.2/../../../../nios2-elf/lib/mno-hw-mul/libc.a(lib_a-makebuf.o)
                              /opt/altera/13.0sp1/nios2eds/bin/gnu/H-i686-pc-linux-gnu/bin/../lib/gcc/nios2-elf/4.1.2/../../../../nios2-elf/lib/mno-hw-mul/libc.a(lib_a-wsetup.o) (__smakebuf_r)
[...]
Memory Configuration

Name             Origin             Length             Attributes
onchip_memory    0x00000000         0x00006400
sram             0x00100000         0x00080000
reset            0x01000000         0x00000020
sdram            0x01000020         0x007fffe0
*default*        0x00000000         0xffffffff

Linker script and memory map

LOAD ../bsp//obj/HAL/src/crt0.o
LOAD obj/default/twotasksimp.o
LOAD /opt/altera/13.0sp1/nios2eds/bin/gnu/H-i686-pc-linux-gnu/bin/../lib/gcc/nios2-elf/4.1.2/../../../../nios2-elf/lib/mno-hw-mul/libstdc++.a
LOAD /opt/altera/13.0sp1/nios2eds/bin/gnu/H-i686-pc-linux-gnu/bin/../lib/gcc/nios2-elf/4.1.2/../../../../nios2-elf/lib/mno-hw-mul/libm.a
LOAD /opt/altera/13.0sp1/nios2eds/bin/gnu/H-i686-pc-linux-gnu/bin/../lib/gcc/nios2-elf/4.1.2/mno-hw-mul/libgcc.a
START GROUP
LOAD /opt/altera/13.0sp1/nios2eds/bin/gnu/H-i686-pc-linux-gnu/bin/../lib/gcc/nios2-elf/4.1.2/../../../../nios2-elf/lib/mno-hw-mul/libc.a
LOAD /opt/altera/13.0sp1/nios2eds/bin/gnu/H-i686-pc-linux-gnu/bin/../lib/gcc/nios2-elf/4.1.2/mno-hw-mul/libgcc.a
LOAD ../bsp//libucosii_bsp.a
END GROUP
LOAD /opt/altera/13.0sp1/nios2eds/bin/gnu/H-i686-pc-linux-gnu/bin/../lib/gcc/nios2-elf/4.1.2/mno-hw-mul/libgcc.a
                0x00000000                __alt_mem_onchip_memory = 0x0
                0x00100000                __alt_mem_sram = 0x100000
                0x01000000                __alt_mem_sdram = 0x1000000

.entry          0x01000000       0x20
 *(.entry)
 .entry         0x01000000       0x20 ../bsp//obj/HAL/src/crt0.o
                0x01000000                __reset

.exceptions     0x01000020      0x124 load address 0x00100000
                0x01000020                PROVIDE (__ram_exceptions_start, ABSOLUTE (.))
                0x01000020                . = ALIGN (0x20)
 *(.irq)
 *(.exceptions.entry.label)
 .exceptions.entry.label
                0x01000020        0x0 ../bsp//libucosii_bsp.a(alt_irq_entry.o)
                0x01000020                alt_irq_entry
 .exceptions.entry.label
                0x01000020        0x0 ../bsp//libucosii_bsp.a(alt_exception_entry.o)
                0x01000020                alt_exception
 *(.exceptions.entry.user)
 *(.exceptions.entry)
 .exceptions.entry
                0x01000020       0x54 ../bsp//libucosii_bsp.a(alt_exception_entry.o)
 *(.exceptions.irqtest.user)
 *(.exceptions.irqtest)
 .exceptions.irqtest
                0x01000074       0x10 ../bsp//libucosii_bsp.a(alt_irq_entry.o)
 *(.exceptions.irqhandler.user)
 *(.exceptions.irqhandler)
 .exceptions.irqhandler
                0x01000084        0x4 ../bsp//libucosii_bsp.a(alt_irq_entry.o)
 *(.exceptions.irqreturn.user)
 *(.exceptions.irqreturn)
 .exceptions.irqreturn
                0x01000088        0x4 ../bsp//libucosii_bsp.a(alt_irq_entry.o)
 *(.exceptions.notirq.label)
 .exceptions.notirq.label
                0x0100008c        0x0 ../bsp//libucosii_bsp.a(alt_irq_entry.o)
 *(.exceptions.notirq.user)
 *(.exceptions.notirq)
 .exceptions.notirq
                0x0100008c        0x8 ../bsp//libucosii_bsp.a(alt_exception_entry.o)
 *(.exceptions.soft.user)
 *(.exceptions.soft)
 *(.exceptions.unknown.user)
 *(.exceptions.unknown)
 .exceptions.unknown
                0x01000094        0x4 ../bsp//libucosii_bsp.a(alt_exception_entry.o)
 *(.exceptions.exit.label)
 .exceptions.exit.label
                0x01000098        0x0 ../bsp//libucosii_bsp.a(alt_irq_entry.o)
 .exceptions.exit.label
                0x01000098        0x0 ../bsp//libucosii_bsp.a(alt_exception_entry.o)
 *(.exceptions.exit.user)
 *(.exceptions.exit)
 .exceptions.exit
                0x01000098       0x54 ../bsp//libucosii_bsp.a(alt_exception_entry.o)
 *(.exceptions)
 .exceptions    0x010000ec       0x58 ../bsp//libucosii_bsp.a(alt_irq_handler.o)
                0x010000ec                alt_irq_handler
                0x01000144                PROVIDE (__ram_exceptions_end, ABSOLUTE (.))
                0x00100000                PROVIDE (__flash_exceptions_start, LOADADDR (.exceptions))

.text           0x00100124    0x11134
                0x00100124                PROVIDE (stext, ABSOLUTE (.))
 *(.interp)
 *(.hash)
 *(.dynsym)
 *(.dynstr)
 *(.gnu.version)
 *(.gnu.version_d)
 *(.gnu.version_r)
 *(.rel.init)
 *(.rela.init)
 *(.rel.text .rel.text.* .rel.gnu.linkonce.t.*)
 *(.rela.text .rela.text.* .rela.gnu.linkonce.t.*)
 *(.rel.fini)
 *(.rela.fini)
 *(.rel.rodata .rel.rodata.* .rel.gnu.linkonce.r.*)
 *(.rela.rodata .rela.rodata.* .rela.gnu.linkonce.r.*)
 *(.rel.data .rel.data.* .rel.gnu.linkonce.d.*)
 *(.rela.data .rela.data.* .rela.gnu.linkonce.d.*)
 *(.rel.tdata .rel.tdata.* .rel.gnu.linkonce.td.*)
 *(.rela.tdata .rela.tdata.* .rela.gnu.linkonce.td.*)
 *(.rel.tbss .rel.tbss.* .rel.gnu.linkonce.tb.*)
 *(.rela.tbss .rela.tbss.* .rela.gnu.linkonce.tb.*)
 *(.rel.ctors)
 *(.rela.ctors)
 *(.rel.dtors)
 *(.rela.dtors)
 *(.rel.got)
 *(.rela.got)
 *(.rel.sdata .rel.sdata.* .rel.gnu.linkonce.s.*)
 *(.rela.sdata .rela.sdata.* .rela.gnu.linkonce.s.*)
 *(.rel.sbss .rel.sbss.* .rel.gnu.linkonce.sb.*)
 *(.rela.sbss .rela.sbss.* .rela.gnu.linkonce.sb.*)
 *(.rel.sdata2 .rel.sdata2.* .rel.gnu.linkonce.s2.*)
 *(.rela.sdata2 .rela.sdata2.* .rela.gnu.linkonce.s2.*)
 *(.rel.sbss2 .rel.sbss2.* .rel.gnu.linkonce.sb2.*)
 *(.rela.sbss2 .rela.sbss2.* .rela.gnu.linkonce.sb2.*)
 *(.rel.bss .rel.bss.* .rel.gnu.linkonce.b.*)
 *(.rela.bss .rela.bss.* .rela.gnu.linkonce.b.*)
 *(.rel.plt)
 *(.rela.plt)
 *(.rel.dyn)
 *(.init)
 *(.plt)
 *(.text .stub .text.* .gnu.linkonce.t.*)
 .text          0x00100124       0x3c ../bsp//obj/HAL/src/crt0.o
                0x00100124                _start
 .text          0x00100160      0x368 obj/default/twotasksimp.o
                0x00100160                printStackSize
                0x001001d8                task1
                0x001002a4                task2
                0x00100370                statisticTask
                0x001003b8                main
 .text          0x001004c8        0x0 /opt/altera/13.0sp1/nios2eds/bin/gnu/H-i686-pc-linux-gnu/bin/../lib/gcc/nios2-elf/4.1.2/../../../../nios2-elf/lib/mno-hw-mul/libc.a(lib_a-impure.o)
 .text          0x001004c8       0x78 /opt/altera/13.0sp1/nios2eds/bin/gnu/H-i686-pc-linux-gnu/bin/../lib/gcc/nios2-elf/4.1.2/../../../../nios2-elf/lib/mno-hw-mul/libc.a(lib_a-printf.o)
                0x001004c8                printf
                0x0010050c                _printf_r
 .text          0x00100540      0x1ec /opt/altera/13.0sp1/nios2eds/bin/gnu/H-i686-pc-linux-gnu/bin/../lib/gcc/nios2-elf/4.1.2/../../../../nios2-elf/lib/mno-hw-mul/libc.a(lib_a-putc.o)
                0x00100540                putc
                0x00100644                _putc_r
 .text          0x0010072c       0xb4 /opt/altera/13.0sp1/nios2eds/bin/gnu/H-i686-pc-linux-gnu/bin/../lib/gcc/nios2-elf/4.1.2/../../../../nios2-elf/lib/mno-hw-mul/libc.a(lib_a-puts.o)
                0x0010072c                _puts_r
                0x001007cc                puts
 .text          0x001007e0       0x74 /opt/altera/13.0sp1/nios2eds/bin/gnu/H-i686-pc-linux-gnu/bin/../lib/gcc/nios2-elf/4.1.2/../../../../nios2-elf/lib/mno-hw-mul/libc.a(lib_a-strlen.o)
                0x001007e0                strlen
 .text          0x00100854     0x1f40 /opt/altera/13.0sp1/nios2eds/bin/gnu/H-i686-pc-linux-gnu/bin/../lib/gcc/nios2-elf/4.1.2/../../../../nios2-elf/lib/mno-hw-mul/libc.a(lib_a-vfprintf.o)
                0x001008ac                ___vfprintf_internal_r
                0x00102770                __vfprintf_internal
 .text          0x00102794      0x14c /opt/altera/13.0sp1/nios2eds/bin/gnu/H-i686-pc-linux-gnu/bin/../lib/gcc/nios2-elf/4.1.2/../../../../nios2-elf/lib/mno-hw-mul/libc.a(lib_a-wbuf.o)
                0x00102794                __swbuf_r
                0x001028c4                __swbuf
 .text          0x001028e0      0x13c /opt/altera/13.0sp1/nios2eds/bin/gnu/H-i686-pc-linux-gnu/bin/../lib/gcc/nios2-elf/4.1.2/../../../../nios2-elf/lib/mno-hw-mul/libc.a(lib_a-wsetup.o)
                0x001028e0                __swsetup_r
 .text          0x00102a1c     0x17f8 /opt/altera/13.0sp1/nios2eds/bin/gnu/H-i686-pc-linux-gnu/bin/../lib/gcc/nios2-elf/4.1.2/../../../../nios2-elf/lib/mno-hw-mul/libc.a(lib_a-dtoa.o)
                0x00102c60                _dtoa_r
 .text          0x00104214      0x230 /opt/altera/13.0sp1/nios2eds/bin/gnu/H-i686-pc-linux-gnu/bin/../lib/gcc/nios2-elf/4.1.2/../../../../nios2-elf/lib/mno-hw-mul/libc.a(lib_a-fflush.o)
                0x00104214                _fflush_r
                0x00104410                fflush
 .text          0x00104444      0x2f4 /opt/altera/13.0sp1/nios2eds/bin/gnu/H-i686-pc-linux-gnu/bin/../lib/gcc/nios2-elf/4.1.2/../../../../nios2-elf/lib/mno-hw-mul/libc.a(lib_a-findfp.o)
                0x0010449c                __sfp_lock_acquire
                0x001044a0                __sfp_lock_release
                0x001044a4                __sinit_lock_acquire
                0x001044a8                __sinit_lock_release
                0x001044ac                __sinit
                0x00104560                __fp_unlock_all
                0x00104578                __fp_lock_all
                0x00104590                _cleanup_r
                0x0010459c                _cleanup
                0x001045ac                __sfmoreglue
                0x00104648                __sfp
 .text          0x00104738      0x440 /opt/altera/13.0sp1/nios2eds/bin/gnu/H-i686-pc-linux-gnu/bin/../lib/gcc/nios2-elf/4.1.2/../../../../nios2-elf/lib/mno-hw-mul/libc.a(lib_a-freer.o)
                0x00104738                _malloc_trim_r
                0x00104864                _free_r
 .text          0x00104b78      0x49c /opt/altera/13.0sp1/nios2eds/bin/gnu/H-i686-pc-linux-gnu/bin/../lib/gcc/nios2-elf/4.1.2/../../../../nios2-elf/lib/mno-hw-mul/libc.a(lib_a-fvwrite.o)
                0x00104b78                __sfvwrite_r
 .text          0x00105014      0x180 /opt/altera/13.0sp1/nios2eds/bin/gnu/H-i686-pc-linux-gnu/bin/../lib/gcc/nios2-elf/4.1.2/../../../../nios2-elf/lib/mno-hw-mul/libc.a(lib_a-fwalk.o)
                0x00105014                _fwalk_reent
                0x001050dc                _fwalk
 .text          0x00105194       0xc4 /opt/altera/13.0sp1/nios2eds/bin/gnu/H-i686-pc-linux-gnu/bin/../lib/gcc/nios2-elf/4.1.2/../../../../nios2-elf/lib/mno-hw-mul/libc.a(lib_a-locale.o)
                0x00105194                __locale_charset
                0x0010519c                _localeconv_r
                0x001051a8                localeconv
                0x001051b8                _setlocale_r
                0x0010523c                setlocale
 .text          0x00105258      0x194 /opt/altera/13.0sp1/nios2eds/bin/gnu/H-i686-pc-linux-gnu/bin/../lib/gcc/nios2-elf/4.1.2/../../../../nios2-elf/lib/mno-hw-mul/libc.a(lib_a-makebuf.o)
                0x00105258                __smakebuf_r
 .text          0x001053ec      0x740 /opt/altera/13.0sp1/nios2eds/bin/gnu/H-i686-pc-linux-gnu/bin/../lib/gcc/nios2-elf/4.1.2/../../../../nios2-elf/lib/mno-hw-mul/libc.a(lib_a-mallocr.o)
                0x001053ec                _malloc_r
 .text          0x00105b2c       0xe4 /opt/altera/13.0sp1/nios2eds/bin/gnu/H-i686-pc-linux-gnu/bin/../lib/gcc/nios2-elf/4.1.2/../../../../nios2-elf/lib/mno-hw-mul/libc.a(lib_a-memchr.o)
                0x00105b2c                memchr
 .text          0x00105c10       0xa0 /opt/altera/13.0sp1/nios2eds/bin/gnu/H-i686-pc-linux-gnu/bin/../lib/gcc/nios2-elf/4.1.2/../../../../nios2-elf/lib/mno-hw-mul/libc.a(lib_a-memcpy.o)
                0x00105c10                memcpy
 .text          0x00105cb0       0xe0 /opt/altera/13.0sp1/nios2eds/bin/gnu/H-i686-pc-linux-gnu/bin/../lib/gcc/nios2-elf/4.1.2/../../../../nios2-elf/lib/mno-hw-mul/libc.a(lib_a-memmove.o)
                0x00105cb0                memmove
 .text          0x00105d90       0x98 /opt/altera/13.0sp1/nios2eds/bin/gnu/H-i686-pc-linux-gnu/bin/../lib/gcc/nios2-elf/4.1.2/../../../../nios2-elf/lib/mno-hw-mul/libc.a(lib_a-memset.o)
                0x00105d90                memset
 .text          0x00105e28     0x108c /opt/altera/13.0sp1/nios2eds/bin/gnu/H-i686-pc-linux-gnu/bin/../lib/gcc/nios2-elf/4.1.2/../../../../nios2-elf/lib/mno-hw-mul/libc.a(lib_a-mprec.o)
                0x00105e28                _Bfree
                0x00105e50                __hi0bits
                0x00105ec0                __lo0bits
                0x00105f84                __mcmp
                0x00105fe4                __ulp
                0x00106064                __b2d
                0x00106184                __ratio
                0x00106234                _mprec_log10
                0x001062c8                __copybits
                0x00106320                __any_on
                0x001063a8                _Balloc
                0x00106464                __d2b
                0x001065e0                __mdiff
                0x0010676c                __lshift
                0x001068b8                __multiply
                0x00106b0c                __i2b
                0x00106b48                __multadd
                0x00106c74                __pow5mult
                0x00106d94                __s2b
 .text          0x00106eb4      0x5f4 /opt/altera/13.0sp1/nios2eds/bin/gnu/H-i686-pc-linux-gnu/bin/../lib/gcc/nios2-elf/4.1.2/../../../../nios2-elf/lib/mno-hw-mul/libc.a(lib_a-reallocr.o)
                0x00106eb4                _realloc_r
 .text          0x001074a8       0x40 /opt/altera/13.0sp1/nios2eds/bin/gnu/H-i686-pc-linux-gnu/bin/../lib/gcc/nios2-elf/4.1.2/../../../../nios2-elf/lib/mno-hw-mul/libc.a(lib_a-s_isinfd.o)
                0x001074a8                __isinfd
 .text          0x001074e8       0x30 /opt/altera/13.0sp1/nios2eds/bin/gnu/H-i686-pc-linux-gnu/bin/../lib/gcc/nios2-elf/4.1.2/../../../../nios2-elf/lib/mno-hw-mul/libc.a(lib_a-s_isnand.o)
                0x001074e8                __isnand
 .text          0x00107518       0x70 /opt/altera/13.0sp1/nios2eds/bin/gnu/H-i686-pc-linux-gnu/bin/../lib/gcc/nios2-elf/4.1.2/../../../../nios2-elf/lib/mno-hw-mul/libc.a(lib_a-sbrkr.o)
                0x00107518                _sbrk_r
 .text          0x00107588      0x14c /opt/altera/13.0sp1/nios2eds/bin/gnu/H-i686-pc-linux-gnu/bin/../lib/gcc/nios2-elf/4.1.2/../../../../nios2-elf/lib/mno-hw-mul/libc.a(lib_a-stdio.o)
                0x00107588                __sclose
                0x00107590                __sseek
                0x001075f8                __swrite
                0x00107674                __sread
 .text          0x001076d4       0xbc /opt/altera/13.0sp1/nios2eds/bin/gnu/H-i686-pc-linux-gnu/bin/../lib/gcc/nios2-elf/4.1.2/../../../../nios2-elf/lib/mno-hw-mul/libc.a(lib_a-strcmp.o)
                0x001076d4                strcmp
 .text          0x00107790       0x78 /opt/altera/13.0sp1/nios2eds/bin/gnu/H-i686-pc-linux-gnu/bin/../lib/gcc/nios2-elf/4.1.2/../../../../nios2-elf/lib/mno-hw-mul/libc.a(lib_a-writer.o)
                0x00107790                _write_r
 .text          0x00107808       0xc8 /opt/altera/13.0sp1/nios2eds/bin/gnu/H-i686-pc-linux-gnu/bin/../lib/gcc/nios2-elf/4.1.2/../../../../nios2-elf/lib/mno-hw-mul/libc.a(lib_a-callocr.o)
                0x00107808                _calloc_r
 .text          0x001078d0       0x70 /opt/altera/13.0sp1/nios2eds/bin/gnu/H-i686-pc-linux-gnu/bin/../lib/gcc/nios2-elf/4.1.2/../../../../nios2-elf/lib/mno-hw-mul/libc.a(lib_a-closer.o)
                0x001078d0                _close_r
 .text          0x00107940      0x124 /opt/altera/13.0sp1/nios2eds/bin/gnu/H-i686-pc-linux-gnu/bin/../lib/gcc/nios2-elf/4.1.2/../../../../nios2-elf/lib/mno-hw-mul/libc.a(lib_a-fclose.o)
                0x00107940                _fclose_r
                0x00107a50                fclose
 .text          0x00107a64       0x74 /opt/altera/13.0sp1/nios2eds/bin/gnu/H-i686-pc-linux-gnu/bin/../lib/gcc/nios2-elf/4.1.2/../../../../nios2-elf/lib/mno-hw-mul/libc.a(lib_a-fstatr.o)
                0x00107a64                _fstat_r
 .text          0x00107ad8        0x0 /opt/altera/13.0sp1/nios2eds/bin/gnu/H-i686-pc-linux-gnu/bin/../lib/gcc/nios2-elf/4.1.2/../../../../nios2-elf/lib/mno-hw-mul/libc.a(lib_a-int_errno.o)
 .text          0x00107ad8       0x70 /opt/altera/13.0sp1/nios2eds/bin/gnu/H-i686-pc-linux-gnu/bin/../lib/gcc/nios2-elf/4.1.2/../../../../nios2-elf/lib/mno-hw-mul/libc.a(lib_a-isattyr.o)
                0x00107ad8                _isatty_r
 .text          0x00107b48       0x78 /opt/altera/13.0sp1/nios2eds/bin/gnu/H-i686-pc-linux-gnu/bin/../lib/gcc/nios2-elf/4.1.2/../../../../nios2-elf/lib/mno-hw-mul/libc.a(lib_a-lseekr.o)
                0x00107b48                _lseek_r
 .text          0x00107bc0       0x78 /opt/altera/13.0sp1/nios2eds/bin/gnu/H-i686-pc-linux-gnu/bin/../lib/gcc/nios2-elf/4.1.2/../../../../nios2-elf/lib/mno-hw-mul/libc.a(lib_a-readr.o)
                0x00107bc0                _read_r
 .text          0x00107c38      0x66c /opt/altera/13.0sp1/nios2eds/bin/gnu/H-i686-pc-linux-gnu/bin/../lib/gcc/nios2-elf/4.1.2/mno-hw-mul/libgcc.a(_udivdi3.o)
                0x00107c38                __udivdi3
 .text          0x001082a4      0x660 /opt/altera/13.0sp1/nios2eds/bin/gnu/H-i686-pc-linux-gnu/bin/../lib/gcc/nios2-elf/4.1.2/mno-hw-mul/libgcc.a(_umoddi3.o)
                0x001082a4                __umoddi3
 .text          0x00108904      0x504 /opt/altera/13.0sp1/nios2eds/bin/gnu/H-i686-pc-linux-gnu/bin/../lib/gcc/nios2-elf/4.1.2/mno-hw-mul/libgcc.a(_addsub_df.o)
                0x00108d14                __subdf3
                0x00108d94                __adddf3
 .text          0x00108e08      0x3c4 /opt/altera/13.0sp1/nios2eds/bin/gnu/H-i686-pc-linux-gnu/bin/../lib/gcc/nios2-elf/4.1.2/mno-hw-mul/libgcc.a(_mul_df.o)
                0x00108e08                __muldf3
 .text          0x001091cc      0x258 /opt/altera/13.0sp1/nios2eds/bin/gnu/H-i686-pc-linux-gnu/bin/../lib/gcc/nios2-elf/4.1.2/mno-hw-mul/libgcc.a(_div_df.o)
                0x001091cc                __divdf3
 .text          0x00109424       0x88 /opt/altera/13.0sp1/nios2eds/bin/gnu/H-i686-pc-linux-gnu/bin/../lib/gcc/nios2-elf/4.1.2/mno-hw-mul/libgcc.a(_eq_df.o)
                0x00109424                __eqdf2
 .text          0x001094ac       0x88 /opt/altera/13.0sp1/nios2eds/bin/gnu/H-i686-pc-linux-gnu/bin/../lib/gcc/nios2-elf/4.1.2/mno-hw-mul/libgcc.a(_ne_df.o)
                0x001094ac                __nedf2
 .text          0x00109534       0x88 /opt/altera/13.0sp1/nios2eds/bin/gnu/H-i686-pc-linux-gnu/bin/../lib/gcc/nios2-elf/4.1.2/mno-hw-mul/libgcc.a(_gt_df.o)
                0x00109534                __gtdf2
 .text          0x001095bc       0x88 /opt/altera/13.0sp1/nios2eds/bin/gnu/H-i686-pc-linux-gnu/bin/../lib/gcc/nios2-elf/4.1.2/mno-hw-mul/libgcc.a(_ge_df.o)
                0x001095bc                __gedf2
 .text          0x00109644       0x88 /opt/altera/13.0sp1/nios2eds/bin/gnu/H-i686-pc-linux-gnu/bin/../lib/gcc/nios2-elf/4.1.2/mno-hw-mul/libgcc.a(_lt_df.o)
                0x00109644                __ltdf2
 .text          0x001096cc       0xf8 /opt/altera/13.0sp1/nios2eds/bin/gnu/H-i686-pc-linux-gnu/bin/../lib/gcc/nios2-elf/4.1.2/mno-hw-mul/libgcc.a(_si_to_df.o)
                0x001096cc                __floatsidf
 .text          0x001097c4       0xd8 /opt/altera/13.0sp1/nios2eds/bin/gnu/H-i686-pc-linux-gnu/bin/../lib/gcc/nios2-elf/4.1.2/mno-hw-mul/libgcc.a(_df_to_si.o)
                0x001097c4                __fixdfsi
 .text          0x0010989c        0x0 /opt/altera/13.0sp1/nios2eds/bin/gnu/H-i686-pc-linux-gnu/bin/../lib/gcc/nios2-elf/4.1.2/mno-hw-mul/libgcc.a(_thenan_df.o)
 .text          0x0010989c      0x194 /opt/altera/13.0sp1/nios2eds/bin/gnu/H-i686-pc-linux-gnu/bin/../lib/gcc/nios2-elf/4.1.2/mno-hw-mul/libgcc.a(_usi_to_df.o)
                0x0010989c                __floatunsidf
 .text          0x00109a30      0x14c /opt/altera/13.0sp1/nios2eds/bin/gnu/H-i686-pc-linux-gnu/bin/../lib/gcc/nios2-elf/4.1.2/mno-hw-mul/libgcc.a(lib2-divmod.o)
                0x00109aac                __divsi3
                0x00109b0c                __modsi3
                0x00109b6c                __udivsi3
                0x00109b74                __umodsi3
 .text          0x00109b7c       0x38 /opt/altera/13.0sp1/nios2eds/bin/gnu/H-i686-pc-linux-gnu/bin/../lib/gcc/nios2-elf/4.1.2/mno-hw-mul/libgcc.a(lib2-mul.o)
                0x00109b7c                __mulsi3
 .text          0x00109bb4      0x124 /opt/altera/13.0sp1/nios2eds/bin/gnu/H-i686-pc-linux-gnu/bin/../lib/gcc/nios2-elf/4.1.2/mno-hw-mul/libgcc.a(_muldi3.o)
                0x00109bb4                __muldi3
 .text          0x00109cd8        0x0 /opt/altera/13.0sp1/nios2eds/bin/gnu/H-i686-pc-linux-gnu/bin/../lib/gcc/nios2-elf/4.1.2/mno-hw-mul/libgcc.a(_clz.o)
 .text          0x00109cd8       0x80 /opt/altera/13.0sp1/nios2eds/bin/gnu/H-i686-pc-linux-gnu/bin/../lib/gcc/nios2-elf/4.1.2/mno-hw-mul/libgcc.a(_clzsi2.o)
                0x00109cd8                __clzsi2
 .text          0x00109d58      0x314 /opt/altera/13.0sp1/nios2eds/bin/gnu/H-i686-pc-linux-gnu/bin/../lib/gcc/nios2-elf/4.1.2/mno-hw-mul/libgcc.a(_pack_df.o)
                0x00109d58                __pack_d
 .text          0x0010a06c      0x138 /opt/altera/13.0sp1/nios2eds/bin/gnu/H-i686-pc-linux-gnu/bin/../lib/gcc/nios2-elf/4.1.2/mno-hw-mul/libgcc.a(_unpack_df.o)
                0x0010a06c                __unpack_d
 .text          0x0010a1a4       0xc8 /opt/altera/13.0sp1/nios2eds/bin/gnu/H-i686-pc-linux-gnu/bin/../lib/gcc/nios2-elf/4.1.2/mno-hw-mul/libgcc.a(_fpcmp_parts_df.o)
                0x0010a1a4                __fpcmp_parts_d
 .text          0x0010a26c       0xbc ../bsp//libucosii_bsp.a(alt_close.o)
                0x0010a28c                close
 .text          0x0010a328        0x8 ../bsp//libucosii_bsp.a(alt_dev.o)
 .text          0x0010a330        0x0 ../bsp//libucosii_bsp.a(alt_errno.o)
 .text          0x0010a330       0x9c ../bsp//libucosii_bsp.a(alt_fstat.o)
                0x0010a330                fstat
 .text          0x0010a3cc       0x94 ../bsp//libucosii_bsp.a(alt_isatty.o)
                0x0010a3cc                isatty
 .text          0x0010a460       0x8c ../bsp//libucosii_bsp.a(alt_load.o)
                0x0010a480                alt_load
 .text          0x0010a4ec       0xb8 ../bsp//libucosii_bsp.a(alt_lseek.o)
                0x0010a4ec                lseek
 .text          0x0010a5a4       0xa8 ../bsp//libucosii_bsp.a(alt_main.o)
                0x0010a5a4                alt_main
 .text          0x0010a64c       0xd8 ../bsp//libucosii_bsp.a(alt_read.o)
                0x0010a66c                read
 .text          0x0010a724       0x5c ../bsp//libucosii_bsp.a(alt_release_fd.o)
                0x0010a724                alt_release_fd
 .text          0x0010a780       0x50 ../bsp//libucosii_bsp.a(alt_sbrk.o)
                0x0010a780                sbrk
 .text          0x0010a7d0       0xd4 ../bsp//libucosii_bsp.a(alt_write.o)
                0x0010a7f0                write
 .text          0x0010a8a4       0xa8 ../bsp//libucosii_bsp.a(alt_env_lock.o)
                0x0010a8a4                __env_unlock
                0x0010a8cc                __env_lock
 .text          0x0010a94c      0x110 ../bsp//libucosii_bsp.a(alt_malloc_lock.o)
                0x0010a94c                __malloc_unlock
                0x0010a9a8                __malloc_lock
 .text          0x0010aa5c     0x1118 ../bsp//libucosii_bsp.a(os_core.o)
                0x0010aa5c                OSVersion
                0x0010aa64                OS_Dummy
                0x0010aa68                OS_EventTaskWait
                0x0010aaec                OS_EventTaskWaitMulti
                0x0010ab8c                OS_EventTaskRemove
                0x0010abd8                OS_EventTaskRemoveMulti
                0x0010ac34                OS_EventTaskRdy
                0x0010ad28                OS_EventWaitListInit
                0x0010ad44                OS_MemClr
                0x0010ad60                OS_MemCopy
                0x0010ad84                OS_StrCopy
                0x0010adb0                OS_StrLen
                0x0010add0                OS_TaskStatStkChk
                0x0010ae54                OS_Sched
                0x0010af0c                OSStart
                0x0010af78                OSInit
                0x0010b158                OSEventNameGet
                0x0010b210                OSEventPendMulti
                0x0010b568                OSIntEnter
                0x0010b5a4                OSSchedLock
                0x0010b5e8                OSSchedUnlock
                0x0010b63c                OSStatInit
                0x0010b6a0                OSTimeTick
                0x0010b7ac                OS_TaskIdle
                0x0010b7dc                OS_TaskStat
                0x0010b860                OS_TCBInit
                0x0010b9e4                OSIntExit
                0x0010bab8                OSEventNameSet
 .text          0x0010bb74        0x4 ../bsp//libucosii_bsp.a(os_dbg.o)
                0x0010bb74                OSDebugInit
 .text          0x0010bb78      0xc5c ../bsp//libucosii_bsp.a(os_flag.o)
                0x0010bc30                OS_FlagUnlink
                0x0010bcfc                OS_FlagInit
                0x0010bd6c                OSFlagQuery
                0x0010bdc8                OSFlagAccept
                0x0010bf38                OSFlagCreate
                0x0010bfc0                OSFlagDel
                0x0010c120                OSFlagNameGet
                0x0010c1e0                OSFlagNameSet
                0x0010c2b4                OSFlagPend
                0x0010c5b4                OSFlagPendGetFlagsRdy
                0x0010c5e0                OSFlagPost
 .text          0x0010c7d4      0x3b8 ../bsp//libucosii_bsp.a(os_mem.o)
                0x0010c7d4                OS_MemInit
                0x0010c83c                OSMemQuery
                0x0010c8a0                OSMemCreate
                0x0010c970                OSMemGet
                0x0010c9dc                OSMemNameGet
                0x0010ca78                OSMemNameSet
                0x0010cb34                OSMemPut
 .text          0x0010cb8c      0x9c4 ../bsp//libucosii_bsp.a(os_q.o)
                0x0010cb8c                OS_QInit
                0x0010cbdc                OSQQuery
                0x0010cc74                OSQAccept
                0x0010cd10                OSQCreate
                0x0010ce10                OSQDel
                0x0010cf94                OSQFlush
                0x0010cfe4                OSQPend
                0x0010d1a4                OSQPendAbort
                0x0010d28c                OSQPost
                0x0010d348                OSQPostFront
                0x0010d40c                OSQPostOpt
 .text          0x0010d550      0x5e0 ../bsp//libucosii_bsp.a(os_sem.o)
                0x0010d550                OSSemSet
                0x0010d5b4                OSSemAccept
                0x0010d5f8                OSSemCreate
                0x0010d684                OSSemDel
                0x0010d7d8                OSSemPend
                0x0010d940                OSSemPendAbort
                0x0010da2c                OSSemPost
                0x0010dac8                OSSemQuery
 .text          0x0010db30      0xe74 ../bsp//libucosii_bsp.a(os_task.o)
                0x0010db30                OS_TaskStkClr
                0x0010db60                OSTaskQuery
                0x0010dc28                OSTaskChangePrio
                0x0010dec4                OSTaskCreate
                0x0010dfd0                OSTaskCreateExt
                0x0010e148                OSTaskDel
                0x0010e394                OSTaskDelReq
                0x0010e448                OSTaskNameGet
                0x0010e550                OSTaskNameSet
                0x0010e66c                OSTaskResume
                0x0010e770                OSTaskStkChk
                0x0010e860                OSTaskSuspend
 .text          0x0010e9a4      0x378 ../bsp//libucosii_bsp.a(os_time.o)
                0x0010e9a4                OSTimeSet
                0x0010e9c8                OSTimeDly
                0x0010ea60                OSTimeDlyHMSM
                0x0010ec00                OSTimeDlyResume
                0x0010ecf8                OSTimeGet
 .text          0x0010ed1c      0xb94 ../bsp//libucosii_bsp.a(os_tmr.o)
                0x0010ee88                OSTmr_Init
                0x0010f0e4                OSTmrStop
                0x0010f240                OSTmrStart
                0x0010f344                OSTmrStateGet
                0x0010f3ec                OSTmrRemainGet
                0x0010f504                OSTmrDel
                0x0010f600                OSTmrSignal
                0x0010f628                OSTmrNameGet
                0x0010f714                OSTmrCreate
 .text          0x0010f8b0       0x9c ../bsp//libucosii_bsp.a(alt_sys_init.o)
                0x0010f8bc                alt_sys_init
                0x0010f92c                alt_irq_init
 .text          0x0010f94c       0x3c ../bsp//libucosii_bsp.a(altera_avalon_jtag_uart_fd.o)
                0x0010f94c                altera_avalon_jtag_uart_ioctl_fd
                0x0010f958                altera_avalon_jtag_uart_close_fd
                0x0010f968                altera_avalon_jtag_uart_write_fd
                0x0010f978                altera_avalon_jtag_uart_read_fd
 .text          0x0010f988      0x2f4 ../bsp//libucosii_bsp.a(altera_avalon_jtag_uart_init.o)
                0x0010f988                altera_avalon_jtag_uart_close
                0x0010fa48                altera_avalon_jtag_uart_init
 .text          0x0010fc7c       0x7c ../bsp//libucosii_bsp.a(altera_avalon_jtag_uart_ioctl.o)
                0x0010fc7c                altera_avalon_jtag_uart_ioctl
 .text          0x0010fcf8      0x1ac ../bsp//libucosii_bsp.a(altera_avalon_jtag_uart_read.o)
                0x0010fcf8                altera_avalon_jtag_uart_read
 .text          0x0010fea4      0x1b8 ../bsp//libucosii_bsp.a(altera_avalon_jtag_uart_write.o)
                0x0010fea4                altera_avalon_jtag_uart_write
 .text          0x0011005c       0x8c ../bsp//libucosii_bsp.a(altera_avalon_timer_sc.o)
                0x0011005c                alt_avalon_timer_sc_init
 .text          0x001100e8      0x250 ../bsp//libucosii_bsp.a(altera_up_avalon_character_lcd.o)
                0x001100e8                get_DDRAM_addr
                0x00110100                alt_up_character_lcd_string
                0x0011011c                alt_up_character_lcd_write
                0x00110140                alt_up_character_lcd_write_fd
                0x00110160                alt_up_character_lcd_init
                0x00110170                alt_up_character_lcd_send_cmd
                0x00110180                alt_up_character_lcd_cursor_blink_on
                0x00110188                alt_up_character_lcd_cursor_off
                0x00110190                alt_up_character_lcd_erase_pos
                0x001101f4                alt_up_character_lcd_shift_display
                0x00110264                alt_up_character_lcd_shift_cursor
                0x001102d4                alt_up_character_lcd_set_cursor_pos
                0x0011032c                alt_up_character_lcd_open_dev
 .text          0x00110338       0x90 ../bsp//libucosii_bsp.a(alt_alarm_start.o)
                0x00110338                alt_alarm_start
 .text          0x001103c8        0x4 ../bsp//libucosii_bsp.a(alt_dcache_flush_all.o)
                0x001103c8                alt_dcache_flush_all
 .text          0x001103cc       0x70 ../bsp//libucosii_bsp.a(alt_dev_llist_insert.o)
                0x001103cc                alt_dev_llist_insert
 .text          0x0011043c       0x40 ../bsp//libucosii_bsp.a(alt_do_ctors.o)
                0x0011043c                _do_ctors
 .text          0x0011047c       0x40 ../bsp//libucosii_bsp.a(alt_do_dtors.o)
                0x0011047c                _do_dtors
 .text          0x001104bc       0x70 ../bsp//libucosii_bsp.a(alt_find_dev.o)
                0x001104bc                alt_find_dev
 .text          0x0011052c        0x4 ../bsp//libucosii_bsp.a(alt_icache_flush_all.o)
                0x0011052c                alt_icache_flush_all
 .text          0x00110530       0x9c ../bsp//libucosii_bsp.a(alt_iic.o)
                0x00110530                alt_ic_irq_enabled
                0x00110548                alt_ic_irq_enable
                0x00110588                alt_ic_irq_disable
                0x001105c8                alt_ic_isr_register
 .text          0x001105cc       0x6c ../bsp//libucosii_bsp.a(alt_iic_isr_register.o)
                0x001105cc                alt_iic_isr_register
 .text          0x00110638      0x114 ../bsp//libucosii_bsp.a(alt_io_redirect.o)
                0x001106c0                alt_io_redirect
 .text          0x0011074c        0x0 ../bsp//libucosii_bsp.a(alt_irq_entry.o)
 .text          0x0011074c        0x0 ../bsp//libucosii_bsp.a(alt_irq_handler.o)
 .text          0x0011074c        0x0 ../bsp//libucosii_bsp.a(alt_irq_vars.o)
 .text          0x0011074c      0x17c ../bsp//libucosii_bsp.a(alt_open.o)
                0x0011074c                open
 .text          0x001108c8       0xe0 ../bsp//libucosii_bsp.a(alt_tick.o)
                0x001108c8                alt_alarm_stop
                0x001108fc                alt_tick
 .text          0x001109a8        0x8 ../bsp//libucosii_bsp.a(altera_nios2_qsys_irq.o)
                0x001109a8                altera_nios2_qsys_irq_init
 .text          0x001109b0       0xd0 ../bsp//libucosii_bsp.a(os_cpu_a.o)
                0x001109b0                OSCtxSw
                0x001109b0                OSIntCtxSw
                0x00110a3c                OSStartHighRdy
                0x00110a5c                OSStartTsk
 .text          0x00110a80      0x228 ../bsp//libucosii_bsp.a(os_cpu_c.o)
                0x00110a80                OSTaskCreateHook
                0x00110a84                OSTaskDelHook
                0x00110a88                OSTaskSwHook
                0x00110a8c                OSTaskStatHook
                0x00110a90                OSInitHookBegin
                0x00110a98                OSInitHookEnd
                0x00110a9c                OSTaskIdleHook
                0x00110aa0                OSTCBInitHook
                0x00110aa4                OSTimeTickHook
                0x00110afc                OSTaskStkInit
 .text          0x00110ca8        0x0 ../bsp//libucosii_bsp.a(alt_exception_entry.o)
 .text          0x00110ca8       0x9c ../bsp//libucosii_bsp.a(alt_find_file.o)
                0x00110ca8                alt_find_file
 .text          0x00110d44       0xa4 ../bsp//libucosii_bsp.a(alt_get_fd.o)
                0x00110d44                alt_get_fd
 .text          0x00110de8       0x14 /opt/altera/13.0sp1/nios2eds/bin/gnu/H-i686-pc-linux-gnu/bin/../lib/gcc/nios2-elf/4.1.2/../../../../nios2-elf/lib/mno-hw-mul/libc.a(lib_a-atexit.o)
                0x00110de8                atexit
 .text          0x00110dfc       0x38 /opt/altera/13.0sp1/nios2eds/bin/gnu/H-i686-pc-linux-gnu/bin/../lib/gcc/nios2-elf/4.1.2/../../../../nios2-elf/lib/mno-hw-mul/libc.a(lib_a-exit.o)
                0x00110dfc                exit
 .text          0x00110e34       0x74 /opt/altera/13.0sp1/nios2eds/bin/gnu/H-i686-pc-linux-gnu/bin/../lib/gcc/nios2-elf/4.1.2/../../../../nios2-elf/lib/mno-hw-mul/libc.a(lib_a-memcmp.o)
                0x00110e34                memcmp
 .text          0x00110ea8      0x134 /opt/altera/13.0sp1/nios2eds/bin/gnu/H-i686-pc-linux-gnu/bin/../lib/gcc/nios2-elf/4.1.2/../../../../nios2-elf/lib/mno-hw-mul/libc.a(lib_a-__atexit.o)
                0x00110ea8                __register_exitproc
 .text          0x00110fdc      0x1b4 /opt/altera/13.0sp1/nios2eds/bin/gnu/H-i686-pc-linux-gnu/bin/../lib/gcc/nios2-elf/4.1.2/../../../../nios2-elf/lib/mno-hw-mul/libc.a(lib_a-__call_atexit.o)
                0x00110fe0                __call_exitprocs
 .text          0x00111190       0xa4 /opt/altera/13.0sp1/nios2eds/bin/gnu/H-i686-pc-linux-gnu/bin/../lib/gcc/nios2-elf/4.1.2/mno-hw-mul/libgcc.a(_fixunsdfsi.o)
                0x00111190                __fixunsdfsi
 .text          0x00111234       0x20 ../bsp//libucosii_bsp.a(alt_exit.o)
                0x00111234                _exit
 *(.gnu.warning.*)
 *(.fini)
                0x00111254                PROVIDE (__etext, ABSOLUTE (.))
                0x00111254                PROVIDE (_etext, ABSOLUTE (.))
                0x00111254                PROVIDE (etext, ABSOLUTE (.))
 *(.eh_frame_hdr)
                0x00111254                . = ALIGN (0x4)
                0x00111254                PROVIDE (__preinit_array_start, ABSOLUTE (.))
 *(.preinit_array)
                0x00111254                PROVIDE (__preinit_array_end, ABSOLUTE (.))
                0x00111254                PROVIDE (__init_array_start, ABSOLUTE (.))
 *(.init_array)
                0x00111254                PROVIDE (__init_array_end, ABSOLUTE (.))
                0x00111254                PROVIDE (__fini_array_start, ABSOLUTE (.))
 *(.fini_array)
                0x00111254                PROVIDE (__fini_array_end, ABSOLUTE (.))
 *(.eh_frame)
 *(.gcc_except_table)
 *(.dynamic)
                0x00111254                PROVIDE (__CTOR_LIST__, ABSOLUTE (.))
 *(.ctors)
 *(SORT(.ctors.*))
 .ctors.65535   0x00111254        0x4 /opt/altera/13.0sp1/nios2eds/bin/gnu/H-i686-pc-linux-gnu/bin/../lib/gcc/nios2-elf/4.1.2/../../../../nios2-elf/lib/mno-hw-mul/libc.a(lib_a-__call_atexit.o)
                0x00111258                PROVIDE (__CTOR_END__, ABSOLUTE (.))
                0x00111258                PROVIDE (__DTOR_LIST__, ABSOLUTE (.))
 *(.dtors)
 *(SORT(.dtors.*))
                0x00111258                PROVIDE (__DTOR_END__, ABSOLUTE (.))
 *(.jcr)
                0x00111258                . = ALIGN (0x4)

.rodata         0x00111258      0x530
                0x00111258                PROVIDE (__ram_rodata_start, ABSOLUTE (.))
                0x00111258                . = ALIGN (0x4)
 *(.rodata .rodata.* .gnu.linkonce.r.*)
 .rodata        0x00111258       0x98 obj/default/twotasksimp.o
 .rodata.str1.4
                0x001112f0        0x2 /opt/altera/13.0sp1/nios2eds/bin/gnu/H-i686-pc-linux-gnu/bin/../lib/gcc/nios2-elf/4.1.2/../../../../nios2-elf/lib/mno-hw-mul/libc.a(lib_a-impure.o)
                                  0x4 (size before relaxing)
 *fill*         0x001112f2        0x2 00
 .rodata.str1.4
                0x001112f4        0x2 /opt/altera/13.0sp1/nios2eds/bin/gnu/H-i686-pc-linux-gnu/bin/../lib/gcc/nios2-elf/4.1.2/../../../../nios2-elf/lib/mno-hw-mul/libc.a(lib_a-puts.o)
                                  0x4 (size before relaxing)
 *fill*         0x001112f6        0x2 00
 .rodata.str1.4
                0x001112f8       0x5e /opt/altera/13.0sp1/nios2eds/bin/gnu/H-i686-pc-linux-gnu/bin/../lib/gcc/nios2-elf/4.1.2/../../../../nios2-elf/lib/mno-hw-mul/libc.a(lib_a-vfprintf.o)
                                 0x60 (size before relaxing)
 .rodata        0x00111356       0x20 /opt/altera/13.0sp1/nios2eds/bin/gnu/H-i686-pc-linux-gnu/bin/../lib/gcc/nios2-elf/4.1.2/../../../../nios2-elf/lib/mno-hw-mul/libc.a(lib_a-vfprintf.o)
 *fill*         0x00111376        0x2 00
 .rodata.str1.4
                0x00111378       0x10 /opt/altera/13.0sp1/nios2eds/bin/gnu/H-i686-pc-linux-gnu/bin/../lib/gcc/nios2-elf/4.1.2/../../../../nios2-elf/lib/mno-hw-mul/libc.a(lib_a-dtoa.o)
                                 0x14 (size before relaxing)
 .rodata.str1.4
                0x00111388        0xf /opt/altera/13.0sp1/nios2eds/bin/gnu/H-i686-pc-linux-gnu/bin/../lib/gcc/nios2-elf/4.1.2/../../../../nios2-elf/lib/mno-hw-mul/libc.a(lib_a-locale.o)
                                 0x18 (size before relaxing)
 *fill*         0x00111397        0x1 00
 .rodata        0x00111398       0x30 /opt/altera/13.0sp1/nios2eds/bin/gnu/H-i686-pc-linux-gnu/bin/../lib/gcc/nios2-elf/4.1.2/../../../../nios2-elf/lib/mno-hw-mul/libc.a(lib_a-locale.o)
 .rodata        0x001113c8      0x124 /opt/altera/13.0sp1/nios2eds/bin/gnu/H-i686-pc-linux-gnu/bin/../lib/gcc/nios2-elf/4.1.2/../../../../nios2-elf/lib/mno-hw-mul/libc.a(lib_a-mprec.o)
                0x001113c8                __mprec_tens
                0x00111490                __mprec_bigtens
                0x001114b8                __mprec_tinytens
 .rodata        0x001114ec       0x14 /opt/altera/13.0sp1/nios2eds/bin/gnu/H-i686-pc-linux-gnu/bin/../lib/gcc/nios2-elf/4.1.2/mno-hw-mul/libgcc.a(_thenan_df.o)
                0x001114ec                __thenan_df
 .rodata        0x00111500      0x100 /opt/altera/13.0sp1/nios2eds/bin/gnu/H-i686-pc-linux-gnu/bin/../lib/gcc/nios2-elf/4.1.2/mno-hw-mul/libgcc.a(_clz.o)
                0x00111500                __clz_tab
 .rodata.str1.4
                0x00111600        0xa ../bsp//libucosii_bsp.a(alt_dev.o)
                                  0xc (size before relaxing)
 *fill*         0x0011160a        0x2 00
 .rodata.str1.4
                0x0011160c       0x11 ../bsp//libucosii_bsp.a(alt_main.o)
                                 0x14 (size before relaxing)
 *fill*         0x0011161d        0x3 00
 .rodata.str1.4
                0x00111620       0x1e ../bsp//libucosii_bsp.a(os_core.o)
                                 0x20 (size before relaxing)
 .rodata        0x0011163e      0x100 ../bsp//libucosii_bsp.a(os_core.o)
                0x0011163e                OSUnMapTbl
 *fill*         0x0011173e        0x2 00
 .rodata.str1.4
                0x00111740       0x35 ../bsp//libucosii_bsp.a(os_tmr.o)
                                 0x38 (size before relaxing)
 *fill*         0x00111775        0x3 00
 .rodata.str1.4
                0x00111778       0x10 ../bsp//libucosii_bsp.a(alt_sys_init.o)
                                 0x24 (size before relaxing)
 .rodata.str1.4
                0x00000000        0x4 ../bsp//libucosii_bsp.a(os_cpu_c.o)
 *(.rodata1)
                0x00111788                . = ALIGN (0x4)
                0x00111788                PROVIDE (__ram_rodata_end, ABSOLUTE (.))
                0x00111258                PROVIDE (__flash_rodata_start, LOADADDR (.rodata))

.rwdata         0x00111788     0x1b10 load address 0x00113298
                0x00111788                PROVIDE (__ram_rwdata_start, ABSOLUTE (.))
                0x00111788                . = ALIGN (0x4)
 *(.got.plt)
 *(.got)
 *(.data1)
 *(.data .data.* .gnu.linkonce.d.*)
 .data          0x00111788        0x0 ../bsp//obj/HAL/src/crt0.o
 .data          0x00111788        0x0 obj/default/twotasksimp.o
 .data          0x00111788      0x400 /opt/altera/13.0sp1/nios2eds/bin/gnu/H-i686-pc-linux-gnu/bin/../lib/gcc/nios2-elf/4.1.2/../../../../nios2-elf/lib/mno-hw-mul/libc.a(lib_a-impure.o)
 .data          0x00111b88        0x0 /opt/altera/13.0sp1/nios2eds/bin/gnu/H-i686-pc-linux-gnu/bin/../lib/gcc/nios2-elf/4.1.2/../../../../nios2-elf/lib/mno-hw-mul/libc.a(lib_a-printf.o)
 .data          0x00111b88        0x0 /opt/altera/13.0sp1/nios2eds/bin/gnu/H-i686-pc-linux-gnu/bin/../lib/gcc/nios2-elf/4.1.2/../../../../nios2-elf/lib/mno-hw-mul/libc.a(lib_a-putc.o)
 .data          0x00111b88        0x0 /opt/altera/13.0sp1/nios2eds/bin/gnu/H-i686-pc-linux-gnu/bin/../lib/gcc/nios2-elf/4.1.2/../../../../nios2-elf/lib/mno-hw-mul/libc.a(lib_a-puts.o)
 .data          0x00111b88        0x0 /opt/altera/13.0sp1/nios2eds/bin/gnu/H-i686-pc-linux-gnu/bin/../lib/gcc/nios2-elf/4.1.2/../../../../nios2-elf/lib/mno-hw-mul/libc.a(lib_a-strlen.o)
 .data          0x00111b88        0x0 /opt/altera/13.0sp1/nios2eds/bin/gnu/H-i686-pc-linux-gnu/bin/../lib/gcc/nios2-elf/4.1.2/../../../../nios2-elf/lib/mno-hw-mul/libc.a(lib_a-vfprintf.o)
 .data          0x00111b88        0x0 /opt/altera/13.0sp1/nios2eds/bin/gnu/H-i686-pc-linux-gnu/bin/../lib/gcc/nios2-elf/4.1.2/../../../../nios2-elf/lib/mno-hw-mul/libc.a(lib_a-wbuf.o)
 .data          0x00111b88        0x0 /opt/altera/13.0sp1/nios2eds/bin/gnu/H-i686-pc-linux-gnu/bin/../lib/gcc/nios2-elf/4.1.2/../../../../nios2-elf/lib/mno-hw-mul/libc.a(lib_a-wsetup.o)
 .data          0x00111b88        0x0 /opt/altera/13.0sp1/nios2eds/bin/gnu/H-i686-pc-linux-gnu/bin/../lib/gcc/nios2-elf/4.1.2/../../../../nios2-elf/lib/mno-hw-mul/libc.a(lib_a-dtoa.o)
 .data          0x00111b88        0x0 /opt/altera/13.0sp1/nios2eds/bin/gnu/H-i686-pc-linux-gnu/bin/../lib/gcc/nios2-elf/4.1.2/../../../../nios2-elf/lib/mno-hw-mul/libc.a(lib_a-fflush.o)
 .data          0x00111b88        0x0 /opt/altera/13.0sp1/nios2eds/bin/gnu/H-i686-pc-linux-gnu/bin/../lib/gcc/nios2-elf/4.1.2/../../../../nios2-elf/lib/mno-hw-mul/libc.a(lib_a-findfp.o)
 .data          0x00111b88        0x0 /opt/altera/13.0sp1/nios2eds/bin/gnu/H-i686-pc-linux-gnu/bin/../lib/gcc/nios2-elf/4.1.2/../../../../nios2-elf/lib/mno-hw-mul/libc.a(lib_a-freer.o)
 .data          0x00111b88        0x0 /opt/altera/13.0sp1/nios2eds/bin/gnu/H-i686-pc-linux-gnu/bin/../lib/gcc/nios2-elf/4.1.2/../../../../nios2-elf/lib/mno-hw-mul/libc.a(lib_a-fvwrite.o)
 .data          0x00111b88        0x0 /opt/altera/13.0sp1/nios2eds/bin/gnu/H-i686-pc-linux-gnu/bin/../lib/gcc/nios2-elf/4.1.2/../../../../nios2-elf/lib/mno-hw-mul/libc.a(lib_a-fwalk.o)
 .data          0x00111b88        0xc /opt/altera/13.0sp1/nios2eds/bin/gnu/H-i686-pc-linux-gnu/bin/../lib/gcc/nios2-elf/4.1.2/../../../../nios2-elf/lib/mno-hw-mul/libc.a(lib_a-locale.o)
                0x00111b88                __lc_ctype
 .data          0x00111b94        0x0 /opt/altera/13.0sp1/nios2eds/bin/gnu/H-i686-pc-linux-gnu/bin/../lib/gcc/nios2-elf/4.1.2/../../../../nios2-elf/lib/mno-hw-mul/libc.a(lib_a-makebuf.o)
 .data          0x00111b94      0x408 /opt/altera/13.0sp1/nios2eds/bin/gnu/H-i686-pc-linux-gnu/bin/../lib/gcc/nios2-elf/4.1.2/../../../../nios2-elf/lib/mno-hw-mul/libc.a(lib_a-mallocr.o)
                0x00111b94                __malloc_av_
 .data          0x00111f9c        0x0 /opt/altera/13.0sp1/nios2eds/bin/gnu/H-i686-pc-linux-gnu/bin/../lib/gcc/nios2-elf/4.1.2/../../../../nios2-elf/lib/mno-hw-mul/libc.a(lib_a-memchr.o)
 .data          0x00111f9c        0x0 /opt/altera/13.0sp1/nios2eds/bin/gnu/H-i686-pc-linux-gnu/bin/../lib/gcc/nios2-elf/4.1.2/../../../../nios2-elf/lib/mno-hw-mul/libc.a(lib_a-memcpy.o)
 .data          0x00111f9c        0x0 /opt/altera/13.0sp1/nios2eds/bin/gnu/H-i686-pc-linux-gnu/bin/../lib/gcc/nios2-elf/4.1.2/../../../../nios2-elf/lib/mno-hw-mul/libc.a(lib_a-memmove.o)
 .data          0x00111f9c        0x0 /opt/altera/13.0sp1/nios2eds/bin/gnu/H-i686-pc-linux-gnu/bin/../lib/gcc/nios2-elf/4.1.2/../../../../nios2-elf/lib/mno-hw-mul/libc.a(lib_a-memset.o)
 .data          0x00111f9c        0x0 /opt/altera/13.0sp1/nios2eds/bin/gnu/H-i686-pc-linux-gnu/bin/../lib/gcc/nios2-elf/4.1.2/../../../../nios2-elf/lib/mno-hw-mul/libc.a(lib_a-mprec.o)
 .data          0x00111f9c        0x0 /opt/altera/13.0sp1/nios2eds/bin/gnu/H-i686-pc-linux-gnu/bin/../lib/gcc/nios2-elf/4.1.2/../../../../nios2-elf/lib/mno-hw-mul/libc.a(lib_a-reallocr.o)
 .data          0x00111f9c        0x0 /opt/altera/13.0sp1/nios2eds/bin/gnu/H-i686-pc-linux-gnu/bin/../lib/gcc/nios2-elf/4.1.2/../../../../nios2-elf/lib/mno-hw-mul/libc.a(lib_a-s_isinfd.o)
 .data          0x00111f9c        0x0 /opt/altera/13.0sp1/nios2eds/bin/gnu/H-i686-pc-linux-gnu/bin/../lib/gcc/nios2-elf/4.1.2/../../../../nios2-elf/lib/mno-hw-mul/libc.a(lib_a-s_isnand.o)
 .data          0x00111f9c        0x0 /opt/altera/13.0sp1/nios2eds/bin/gnu/H-i686-pc-linux-gnu/bin/../lib/gcc/nios2-elf/4.1.2/../../../../nios2-elf/lib/mno-hw-mul/libc.a(lib_a-sbrkr.o)
 .data          0x00111f9c        0x0 /opt/altera/13.0sp1/nios2eds/bin/gnu/H-i686-pc-linux-gnu/bin/../lib/gcc/nios2-elf/4.1.2/../../../../nios2-elf/lib/mno-hw-mul/libc.a(lib_a-stdio.o)
 .data          0x00111f9c        0x0 /opt/altera/13.0sp1/nios2eds/bin/gnu/H-i686-pc-linux-gnu/bin/../lib/gcc/nios2-elf/4.1.2/../../../../nios2-elf/lib/mno-hw-mul/libc.a(lib_a-strcmp.o)
 .data          0x00111f9c        0x0 /opt/altera/13.0sp1/nios2eds/bin/gnu/H-i686-pc-linux-gnu/bin/../lib/gcc/nios2-elf/4.1.2/../../../../nios2-elf/lib/mno-hw-mul/libc.a(lib_a-writer.o)
 .data          0x00111f9c        0x0 /opt/altera/13.0sp1/nios2eds/bin/gnu/H-i686-pc-linux-gnu/bin/../lib/gcc/nios2-elf/4.1.2/../../../../nios2-elf/lib/mno-hw-mul/libc.a(lib_a-callocr.o)
 .data          0x00111f9c        0x0 /opt/altera/13.0sp1/nios2eds/bin/gnu/H-i686-pc-linux-gnu/bin/../lib/gcc/nios2-elf/4.1.2/../../../../nios2-elf/lib/mno-hw-mul/libc.a(lib_a-closer.o)
 .data          0x00111f9c        0x0 /opt/altera/13.0sp1/nios2eds/bin/gnu/H-i686-pc-linux-gnu/bin/../lib/gcc/nios2-elf/4.1.2/../../../../nios2-elf/lib/mno-hw-mul/libc.a(lib_a-fclose.o)
 .data          0x00111f9c        0x0 /opt/altera/13.0sp1/nios2eds/bin/gnu/H-i686-pc-linux-gnu/bin/../lib/gcc/nios2-elf/4.1.2/../../../../nios2-elf/lib/mno-hw-mul/libc.a(lib_a-fstatr.o)
 .data          0x00111f9c        0x0 /opt/altera/13.0sp1/nios2eds/bin/gnu/H-i686-pc-linux-gnu/bin/../lib/gcc/nios2-elf/4.1.2/../../../../nios2-elf/lib/mno-hw-mul/libc.a(lib_a-int_errno.o)
 .data          0x00111f9c        0x0 /opt/altera/13.0sp1/nios2eds/bin/gnu/H-i686-pc-linux-gnu/bin/../lib/gcc/nios2-elf/4.1.2/../../../../nios2-elf/lib/mno-hw-mul/libc.a(lib_a-isattyr.o)
 .data          0x00111f9c        0x0 /opt/altera/13.0sp1/nios2eds/bin/gnu/H-i686-pc-linux-gnu/bin/../lib/gcc/nios2-elf/4.1.2/../../../../nios2-elf/lib/mno-hw-mul/libc.a(lib_a-lseekr.o)
 .data          0x00111f9c        0x0 /opt/altera/13.0sp1/nios2eds/bin/gnu/H-i686-pc-linux-gnu/bin/../lib/gcc/nios2-elf/4.1.2/../../../../nios2-elf/lib/mno-hw-mul/libc.a(lib_a-readr.o)
 .data          0x00111f9c        0x0 /opt/altera/13.0sp1/nios2eds/bin/gnu/H-i686-pc-linux-gnu/bin/../lib/gcc/nios2-elf/4.1.2/mno-hw-mul/libgcc.a(_udivdi3.o)
 .data          0x00111f9c        0x0 /opt/altera/13.0sp1/nios2eds/bin/gnu/H-i686-pc-linux-gnu/bin/../lib/gcc/nios2-elf/4.1.2/mno-hw-mul/libgcc.a(_umoddi3.o)
 .data          0x00111f9c        0x0 /opt/altera/13.0sp1/nios2eds/bin/gnu/H-i686-pc-linux-gnu/bin/../lib/gcc/nios2-elf/4.1.2/mno-hw-mul/libgcc.a(_addsub_df.o)
 .data          0x00111f9c        0x0 /opt/altera/13.0sp1/nios2eds/bin/gnu/H-i686-pc-linux-gnu/bin/../lib/gcc/nios2-elf/4.1.2/mno-hw-mul/libgcc.a(_mul_df.o)
 .data          0x00111f9c        0x0 /opt/altera/13.0sp1/nios2eds/bin/gnu/H-i686-pc-linux-gnu/bin/../lib/gcc/nios2-elf/4.1.2/mno-hw-mul/libgcc.a(_div_df.o)
 .data          0x00111f9c        0x0 /opt/altera/13.0sp1/nios2eds/bin/gnu/H-i686-pc-linux-gnu/bin/../lib/gcc/nios2-elf/4.1.2/mno-hw-mul/libgcc.a(_eq_df.o)
 .data          0x00111f9c        0x0 /opt/altera/13.0sp1/nios2eds/bin/gnu/H-i686-pc-linux-gnu/bin/../lib/gcc/nios2-elf/4.1.2/mno-hw-mul/libgcc.a(_ne_df.o)
 .data          0x00111f9c        0x0 /opt/altera/13.0sp1/nios2eds/bin/gnu/H-i686-pc-linux-gnu/bin/../lib/gcc/nios2-elf/4.1.2/mno-hw-mul/libgcc.a(_gt_df.o)
 .data          0x00111f9c        0x0 /opt/altera/13.0sp1/nios2eds/bin/gnu/H-i686-pc-linux-gnu/bin/../lib/gcc/nios2-elf/4.1.2/mno-hw-mul/libgcc.a(_ge_df.o)
 .data          0x00111f9c        0x0 /opt/altera/13.0sp1/nios2eds/bin/gnu/H-i686-pc-linux-gnu/bin/../lib/gcc/nios2-elf/4.1.2/mno-hw-mul/libgcc.a(_lt_df.o)
 .data          0x00111f9c        0x0 /opt/altera/13.0sp1/nios2eds/bin/gnu/H-i686-pc-linux-gnu/bin/../lib/gcc/nios2-elf/4.1.2/mno-hw-mul/libgcc.a(_si_to_df.o)
 .data          0x00111f9c        0x0 /opt/altera/13.0sp1/nios2eds/bin/gnu/H-i686-pc-linux-gnu/bin/../lib/gcc/nios2-elf/4.1.2/mno-hw-mul/libgcc.a(_df_to_si.o)
 .data          0x00111f9c        0x0 /opt/altera/13.0sp1/nios2eds/bin/gnu/H-i686-pc-linux-gnu/bin/../lib/gcc/nios2-elf/4.1.2/mno-hw-mul/libgcc.a(_thenan_df.o)
 .data          0x00111f9c        0x0 /opt/altera/13.0sp1/nios2eds/bin/gnu/H-i686-pc-linux-gnu/bin/../lib/gcc/nios2-elf/4.1.2/mno-hw-mul/libgcc.a(_usi_to_df.o)
 .data          0x00111f9c        0x0 /opt/altera/13.0sp1/nios2eds/bin/gnu/H-i686-pc-linux-gnu/bin/../lib/gcc/nios2-elf/4.1.2/mno-hw-mul/libgcc.a(lib2-divmod.o)
 .data          0x00111f9c        0x0 /opt/altera/13.0sp1/nios2eds/bin/gnu/H-i686-pc-linux-gnu/bin/../lib/gcc/nios2-elf/4.1.2/mno-hw-mul/libgcc.a(lib2-mul.o)
 .data          0x00111f9c        0x0 /opt/altera/13.0sp1/nios2eds/bin/gnu/H-i686-pc-linux-gnu/bin/../lib/gcc/nios2-elf/4.1.2/mno-hw-mul/libgcc.a(_muldi3.o)
 .data          0x00111f9c        0x0 /opt/altera/13.0sp1/nios2eds/bin/gnu/H-i686-pc-linux-gnu/bin/../lib/gcc/nios2-elf/4.1.2/mno-hw-mul/libgcc.a(_clz.o)
 .data          0x00111f9c        0x0 /opt/altera/13.0sp1/nios2eds/bin/gnu/H-i686-pc-linux-gnu/bin/../lib/gcc/nios2-elf/4.1.2/mno-hw-mul/libgcc.a(_clzsi2.o)
 .data          0x00111f9c        0x0 /opt/altera/13.0sp1/nios2eds/bin/gnu/H-i686-pc-linux-gnu/bin/../lib/gcc/nios2-elf/4.1.2/mno-hw-mul/libgcc.a(_pack_df.o)
 .data          0x00111f9c        0x0 /opt/altera/13.0sp1/nios2eds/bin/gnu/H-i686-pc-linux-gnu/bin/../lib/gcc/nios2-elf/4.1.2/mno-hw-mul/libgcc.a(_unpack_df.o)
 .data          0x00111f9c        0x0 /opt/altera/13.0sp1/nios2eds/bin/gnu/H-i686-pc-linux-gnu/bin/../lib/gcc/nios2-elf/4.1.2/mno-hw-mul/libgcc.a(_fpcmp_parts_df.o)
 .data          0x00111f9c        0x0 ../bsp//libucosii_bsp.a(alt_close.o)
 .data          0x00111f9c      0x1a8 ../bsp//libucosii_bsp.a(alt_dev.o)
                0x00111f9c                alt_dev_null
                0x00111fc4                alt_fd_list
 .data          0x00112144        0x0 ../bsp//libucosii_bsp.a(alt_errno.o)
 .data          0x00112144        0x0 ../bsp//libucosii_bsp.a(alt_fstat.o)
 .data          0x00112144        0x0 ../bsp//libucosii_bsp.a(alt_isatty.o)
 .data          0x00112144        0x0 ../bsp//libucosii_bsp.a(alt_load.o)
 .data          0x00112144        0x0 ../bsp//libucosii_bsp.a(alt_lseek.o)
 .data          0x00112144        0x0 ../bsp//libucosii_bsp.a(alt_main.o)
 .data          0x00112144        0x0 ../bsp//libucosii_bsp.a(alt_read.o)
 .data          0x00112144        0x0 ../bsp//libucosii_bsp.a(alt_release_fd.o)
 .data          0x00112144        0x0 ../bsp//libucosii_bsp.a(alt_sbrk.o)
 .data          0x00112144        0x0 ../bsp//libucosii_bsp.a(alt_write.o)
 .data          0x00112144        0x0 ../bsp//libucosii_bsp.a(alt_env_lock.o)
 .data          0x00112144        0x0 ../bsp//libucosii_bsp.a(alt_malloc_lock.o)
 .data          0x00112144        0x0 ../bsp//libucosii_bsp.a(os_core.o)
 .data          0x00112144        0x0 ../bsp//libucosii_bsp.a(os_dbg.o)
 .data          0x00112144        0x0 ../bsp//libucosii_bsp.a(os_flag.o)
 .data          0x00112144        0x0 ../bsp//libucosii_bsp.a(os_mem.o)
 .data          0x00112144        0x0 ../bsp//libucosii_bsp.a(os_q.o)
 .data          0x00112144        0x0 ../bsp//libucosii_bsp.a(os_sem.o)
 .data          0x00112144        0x0 ../bsp//libucosii_bsp.a(os_task.o)
 .data          0x00112144        0x0 ../bsp//libucosii_bsp.a(os_time.o)
 .data          0x00112144        0x0 ../bsp//libucosii_bsp.a(os_tmr.o)
 .data          0x00112144     0x1098 ../bsp//libucosii_bsp.a(alt_sys_init.o)
 .data          0x001131dc        0x0 ../bsp//libucosii_bsp.a(altera_avalon_jtag_uart_fd.o)
 .data          0x001131dc        0x0 ../bsp//libucosii_bsp.a(altera_avalon_jtag_uart_init.o)
 .data          0x001131dc        0x0 ../bsp//libucosii_bsp.a(altera_avalon_jtag_uart_ioctl.o)
 .data          0x001131dc        0x0 ../bsp//libucosii_bsp.a(altera_avalon_jtag_uart_read.o)
 .data          0x001131dc        0x0 ../bsp//libucosii_bsp.a(altera_avalon_jtag_uart_write.o)
 .data          0x001131dc        0x0 ../bsp//libucosii_bsp.a(altera_avalon_timer_sc.o)
 .data          0x001131dc        0x0 ../bsp//libucosii_bsp.a(altera_up_avalon_character_lcd.o)
 .data          0x001131dc        0x0 ../bsp//libucosii_bsp.a(alt_alarm_start.o)
 .data          0x001131dc        0x0 ../bsp//libucosii_bsp.a(alt_dcache_flush_all.o)
 .data          0x001131dc        0x0 ../bsp//libucosii_bsp.a(alt_dev_llist_insert.o)
 .data          0x001131dc        0x0 ../bsp//libucosii_bsp.a(alt_do_ctors.o)
 .data          0x001131dc        0x0 ../bsp//libucosii_bsp.a(alt_do_dtors.o)
 .data          0x001131dc        0x0 ../bsp//libucosii_bsp.a(alt_find_dev.o)
 .data          0x001131dc        0x0 ../bsp//libucosii_bsp.a(alt_icache_flush_all.o)
 .data          0x001131dc        0x0 ../bsp//libucosii_bsp.a(alt_iic.o)
 .data          0x001131dc        0x0 ../bsp//libucosii_bsp.a(alt_iic_isr_register.o)
 .data          0x001131dc        0x0 ../bsp//libucosii_bsp.a(alt_io_redirect.o)
 .data          0x001131dc        0x0 ../bsp//libucosii_bsp.a(alt_irq_entry.o)
 .data          0x001131dc        0x0 ../bsp//libucosii_bsp.a(alt_irq_handler.o)
 .data          0x001131dc        0x0 ../bsp//libucosii_bsp.a(alt_irq_vars.o)
 .data          0x001131dc        0x0 ../bsp//libucosii_bsp.a(alt_open.o)
 .data          0x001131dc        0x0 ../bsp//libucosii_bsp.a(alt_tick.o)
 .data          0x001131dc        0x0 ../bsp//libucosii_bsp.a(altera_nios2_qsys_irq.o)
 .data          0x001131dc        0x0 ../bsp//libucosii_bsp.a(os_cpu_a.o)
 .data          0x001131dc        0x0 ../bsp//libucosii_bsp.a(os_cpu_c.o)
 .data          0x001131dc        0x0 ../bsp//libucosii_bsp.a(alt_exception_entry.o)
 .data          0x001131dc        0x0 ../bsp//libucosii_bsp.a(alt_find_file.o)
 .data          0x001131dc        0x0 ../bsp//libucosii_bsp.a(alt_get_fd.o)
 .data          0x001131dc        0x0 /opt/altera/13.0sp1/nios2eds/bin/gnu/H-i686-pc-linux-gnu/bin/../lib/gcc/nios2-elf/4.1.2/../../../../nios2-elf/lib/mno-hw-mul/libc.a(lib_a-atexit.o)
 .data          0x001131dc        0x0 /opt/altera/13.0sp1/nios2eds/bin/gnu/H-i686-pc-linux-gnu/bin/../lib/gcc/nios2-elf/4.1.2/../../../../nios2-elf/lib/mno-hw-mul/libc.a(lib_a-exit.o)
 .data          0x001131dc        0x0 /opt/altera/13.0sp1/nios2eds/bin/gnu/H-i686-pc-linux-gnu/bin/../lib/gcc/nios2-elf/4.1.2/../../../../nios2-elf/lib/mno-hw-mul/libc.a(lib_a-memcmp.o)
 .data          0x001131dc        0x0 /opt/altera/13.0sp1/nios2eds/bin/gnu/H-i686-pc-linux-gnu/bin/../lib/gcc/nios2-elf/4.1.2/../../../../nios2-elf/lib/mno-hw-mul/libc.a(lib_a-__atexit.o)
 .data          0x001131dc        0x0 /opt/altera/13.0sp1/nios2eds/bin/gnu/H-i686-pc-linux-gnu/bin/../lib/gcc/nios2-elf/4.1.2/../../../../nios2-elf/lib/mno-hw-mul/libc.a(lib_a-__call_atexit.o)
 .data          0x001131dc        0x0 /opt/altera/13.0sp1/nios2eds/bin/gnu/H-i686-pc-linux-gnu/bin/../lib/gcc/nios2-elf/4.1.2/mno-hw-mul/libgcc.a(_fixunsdfsi.o)
 .data          0x001131dc        0x0 ../bsp//libucosii_bsp.a(alt_exit.o)
                0x0011b1dc                _gp = ABSOLUTE ((. + 0x8000))
                0x0011b1dc                PROVIDE (gp, _gp)
 *(.rwdata .rwdata.*)
 *(.sdata .sdata.* .gnu.linkonce.s.*)
 .sdata         0x001131dc        0x8 /opt/altera/13.0sp1/nios2eds/bin/gnu/H-i686-pc-linux-gnu/bin/../lib/gcc/nios2-elf/4.1.2/../../../../nios2-elf/lib/mno-hw-mul/libc.a(lib_a-impure.o)
                0x001131dc                _impure_ptr
                0x001131e0                _global_impure_ptr
 .sdata         0x001131e4        0x8 /opt/altera/13.0sp1/nios2eds/bin/gnu/H-i686-pc-linux-gnu/bin/../lib/gcc/nios2-elf/4.1.2/../../../../nios2-elf/lib/mno-hw-mul/libc.a(lib_a-locale.o)
                0x001131e4                __mb_cur_max
 .sdata         0x001131ec        0x8 /opt/altera/13.0sp1/nios2eds/bin/gnu/H-i686-pc-linux-gnu/bin/../lib/gcc/nios2-elf/4.1.2/../../../../nios2-elf/lib/mno-hw-mul/libc.a(lib_a-mallocr.o)
                0x001131ec                __malloc_trim_threshold
                0x001131f0                __malloc_sbrk_base
 .sdata         0x001131f4       0x14 ../bsp//libucosii_bsp.a(alt_dev.o)
                0x001131f4                alt_fs_list
                0x001131fc                alt_dev_list
                0x00113204                alt_max_fd
 .sdata         0x00113208        0x4 ../bsp//libucosii_bsp.a(alt_errno.o)
                0x00113208                alt_errno
 .sdata         0x0011320c        0x4 ../bsp//libucosii_bsp.a(alt_sbrk.o)
 .sdata         0x00113210        0x4 ../bsp//libucosii_bsp.a(alt_env_lock.o)
 .sdata         0x00113214        0x4 ../bsp//libucosii_bsp.a(alt_malloc_lock.o)
 .sdata         0x00113218       0x74 ../bsp//libucosii_bsp.a(os_dbg.o)
                0x00113218                OSDebugEn
                0x0011321c                OSEndiannessTest
                0x00113220                OSEventEn
                0x00113222                OSEventMax
                0x00113224                OSEventNameSize
                0x00113226                OSEventSize
                0x00113228                OSEventTblSize
                0x0011322a                OSEventMultiEn
                0x0011322c                OSFlagEn
                0x0011322e                OSFlagGrpSize
                0x00113230                OSFlagNodeSize
                0x00113232                OSFlagWidth
                0x00113234                OSFlagMax
                0x00113236                OSFlagNameSize
                0x00113238                OSLowestPrio
                0x0011323a                OSMboxEn
                0x0011323c                OSMemEn
                0x0011323e                OSMemMax
                0x00113240                OSMemNameSize
                0x00113242                OSMemSize
                0x00113244                OSMemTblSize
                0x00113246                OSMutexEn
                0x00113248                OSPtrSize
                0x0011324a                OSQEn
                0x0011324c                OSQMax
                0x0011324e                OSQSize
                0x00113250                OSRdyTblSize
                0x00113252                OSSemEn
                0x00113254                OSStkWidth
                0x00113256                OSTaskCreateEn
                0x00113258                OSTaskCreateExtEn
                0x0011325a                OSTaskDelEn
                0x0011325c                OSTaskIdleStkSize
                0x0011325e                OSTaskProfileEn
                0x00113260                OSTaskMax
                0x00113262                OSTaskNameSize
                0x00113264                OSTaskStatEn
                0x00113266                OSTaskStatStkSize
                0x00113268                OSTaskStatStkChkEn
                0x0011326a                OSTaskSwHookEn
                0x0011326c                OSTCBPrioTblMax
                0x0011326e                OSTCBSize
                0x00113270                OSTicksPerSec
                0x00113272                OSTimeTickHookEn
                0x00113274                OSVersionNbr
                0x00113276                OSTmrEn
                0x00113278                OSTmrCfgMax
                0x0011327a                OSTmrCfgNameSize
                0x0011327c                OSTmrCfgWheelSize
                0x0011327e                OSTmrCfgTicksPerSec
                0x00113280                OSTmrSize
                0x00113282                OSTmrTblSize
                0x00113284                OSTmrWheelSize
                0x00113286                OSTmrWheelTblSize
                0x00113288                OSDataSize
 .sdata         0x0011328c        0x4 ../bsp//libucosii_bsp.a(alt_irq_vars.o)
                0x0011328c                alt_priority_mask
 .sdata         0x00113290        0x8 ../bsp//libucosii_bsp.a(alt_tick.o)
                0x00113290                alt_alarm_list
 *(.sdata2 .sdata2.* .gnu.linkonce.s2.*)
                0x00113298                . = ALIGN (0x4)
                0x00113298                _edata = ABSOLUTE (.)
                0x00113298                PROVIDE (edata, ABSOLUTE (.))
                0x00113298                PROVIDE (__ram_rwdata_end, ABSOLUTE (.))
                0x00113298                PROVIDE (__flash_rwdata_start, LOADADDR (.rwdata))

.bss            0x00114da8     0xa0e4
                0x00114da8                __bss_start = ABSOLUTE (.)
                0x00114da8                PROVIDE (__sbss_start, ABSOLUTE (.))
                0x00114da8                PROVIDE (___sbss_start, ABSOLUTE (.))
 *(.dynsbss)
 *(.sbss .sbss.* .gnu.linkonce.sb.*)
 .sbss          0x00114da8        0x4 obj/default/twotasksimp.o
                0x00114da8                mysem
 .sbss          0x00114dac        0xc /opt/altera/13.0sp1/nios2eds/bin/gnu/H-i686-pc-linux-gnu/bin/../lib/gcc/nios2-elf/4.1.2/../../../../nios2-elf/lib/mno-hw-mul/libc.a(lib_a-locale.o)
                0x00114dac                __nlocale_changed
                0x00114db0                __mlocale_changed
                0x00114db4                _PathLocale
 .sbss          0x00114db8        0xc /opt/altera/13.0sp1/nios2eds/bin/gnu/H-i686-pc-linux-gnu/bin/../lib/gcc/nios2-elf/4.1.2/../../../../nios2-elf/lib/mno-hw-mul/libc.a(lib_a-mallocr.o)
                0x00114db8                __malloc_top_pad
                0x00114dbc                __malloc_max_sbrked_mem
                0x00114dc0                __malloc_max_total_mem
 .sbss          0x00114dc4        0x4 /opt/altera/13.0sp1/nios2eds/bin/gnu/H-i686-pc-linux-gnu/bin/../lib/gcc/nios2-elf/4.1.2/../../../../nios2-elf/lib/mno-hw-mul/libc.a(lib_a-int_errno.o)
                0x00114dc4                errno
 .sbss          0x00114dc8        0x4 ../bsp//libucosii_bsp.a(alt_dev.o)
                0x00114dc8                alt_fd_list_lock
 .sbss          0x00114dcc        0xc ../bsp//libucosii_bsp.a(alt_main.o)
                0x00114dcc                alt_argc
                0x00114dd0                alt_argv
                0x00114dd4                alt_envp
 .sbss          0x00114dd8        0x8 ../bsp//libucosii_bsp.a(alt_env_lock.o)
                0x00114ddc                alt_envsem
 .sbss          0x00114de0        0x8 ../bsp//libucosii_bsp.a(alt_malloc_lock.o)
                0x00114de4                alt_heapsem
 .sbss          0x00114de8       0x68 ../bsp//libucosii_bsp.a(os_core.o)
                0x00114de8                OSTmrFreeList
                0x00114dec                OSLockNesting
                0x00114df0                OSTmrSemSignal
                0x00114df4                OSRunning
                0x00114df8                OSIdleCtr
                0x00114dfc                OSTmrUsed
                0x00114dfe                OSPrioHighRdy
                0x00114dff                OSPrioCur
                0x00114e00                OSTCBList
                0x00114e04                OSTickStepState
                0x00114e08                OSCtxSwCtr
                0x00114e0c                OSTmrFree
                0x00114e10                OSIdleCtrMax
                0x00114e14                OSTCBFreeList
                0x00114e18                OSCPUUsage
                0x00114e19                OSTaskCtr
                0x00114e1c                OSMemFreeList
                0x00114e20                OSTCBHighRdy
                0x00114e24                OSQFreeList
                0x00114e28                OSRdyGrp
                0x00114e29                OSRdyTbl
                0x00114e2c                OSEventFreeList
                0x00114e30                OSIntNesting
                0x00114e34                OSTCBCur
                0x00114e38                OSTmrTime
                0x00114e3c                OSTime
                0x00114e40                OSTmrSem
                0x00114e44                OSFlagFreeList
                0x00114e48                OSStatRdy
                0x00114e4c                OSIdleCtrRun
 .sbss          0x00114e50        0x4 ../bsp//libucosii_bsp.a(alt_irq_vars.o)
                0x00114e50                alt_irq_active
 .sbss          0x00114e54        0x8 ../bsp//libucosii_bsp.a(alt_tick.o)
                0x00114e54                _alt_tick_rate
                0x00114e58                _alt_nticks
 .sbss          0x00114e5c        0x2 ../bsp//libucosii_bsp.a(os_cpu_c.o)
 *(.sbss2 .sbss2.* .gnu.linkonce.sb2.*)
 *(.scommon)
                0x00114e5e                PROVIDE (__sbss_end, ABSOLUTE (.))
                0x00114e5e                PROVIDE (___sbss_end, ABSOLUTE (.))
 *(.dynbss)
 *(.bss .bss.* .gnu.linkonce.b.*)
 .bss           0x00114e5e        0x0 ../bsp//obj/HAL/src/crt0.o
 .bss           0x00114e5e        0x0 obj/default/twotasksimp.o
 .bss           0x00114e5e        0x0 /opt/altera/13.0sp1/nios2eds/bin/gnu/H-i686-pc-linux-gnu/bin/../lib/gcc/nios2-elf/4.1.2/../../../../nios2-elf/lib/mno-hw-mul/libc.a(lib_a-impure.o)
 .bss           0x00114e5e        0x0 /opt/altera/13.0sp1/nios2eds/bin/gnu/H-i686-pc-linux-gnu/bin/../lib/gcc/nios2-elf/4.1.2/../../../../nios2-elf/lib/mno-hw-mul/libc.a(lib_a-printf.o)
 .bss           0x00114e5e        0x0 /opt/altera/13.0sp1/nios2eds/bin/gnu/H-i686-pc-linux-gnu/bin/../lib/gcc/nios2-elf/4.1.2/../../../../nios2-elf/lib/mno-hw-mul/libc.a(lib_a-putc.o)
 .bss           0x00114e5e        0x0 /opt/altera/13.0sp1/nios2eds/bin/gnu/H-i686-pc-linux-gnu/bin/../lib/gcc/nios2-elf/4.1.2/../../../../nios2-elf/lib/mno-hw-mul/libc.a(lib_a-puts.o)
 .bss           0x00114e5e        0x0 /opt/altera/13.0sp1/nios2eds/bin/gnu/H-i686-pc-linux-gnu/bin/../lib/gcc/nios2-elf/4.1.2/../../../../nios2-elf/lib/mno-hw-mul/libc.a(lib_a-strlen.o)
 .bss           0x00114e5e        0x0 /opt/altera/13.0sp1/nios2eds/bin/gnu/H-i686-pc-linux-gnu/bin/../lib/gcc/nios2-elf/4.1.2/../../../../nios2-elf/lib/mno-hw-mul/libc.a(lib_a-vfprintf.o)
 .bss           0x00114e5e        0x0 /opt/altera/13.0sp1/nios2eds/bin/gnu/H-i686-pc-linux-gnu/bin/../lib/gcc/nios2-elf/4.1.2/../../../../nios2-elf/lib/mno-hw-mul/libc.a(lib_a-wbuf.o)
 .bss           0x00114e5e        0x0 /opt/altera/13.0sp1/nios2eds/bin/gnu/H-i686-pc-linux-gnu/bin/../lib/gcc/nios2-elf/4.1.2/../../../../nios2-elf/lib/mno-hw-mul/libc.a(lib_a-wsetup.o)
 .bss           0x00114e5e        0x0 /opt/altera/13.0sp1/nios2eds/bin/gnu/H-i686-pc-linux-gnu/bin/../lib/gcc/nios2-elf/4.1.2/../../../../nios2-elf/lib/mno-hw-mul/libc.a(lib_a-dtoa.o)
 .bss           0x00114e5e        0x0 /opt/altera/13.0sp1/nios2eds/bin/gnu/H-i686-pc-linux-gnu/bin/../lib/gcc/nios2-elf/4.1.2/../../../../nios2-elf/lib/mno-hw-mul/libc.a(lib_a-fflush.o)
 .bss           0x00114e5e        0x0 /opt/altera/13.0sp1/nios2eds/bin/gnu/H-i686-pc-linux-gnu/bin/../lib/gcc/nios2-elf/4.1.2/../../../../nios2-elf/lib/mno-hw-mul/libc.a(lib_a-findfp.o)
 .bss           0x00114e5e        0x0 /opt/altera/13.0sp1/nios2eds/bin/gnu/H-i686-pc-linux-gnu/bin/../lib/gcc/nios2-elf/4.1.2/../../../../nios2-elf/lib/mno-hw-mul/libc.a(lib_a-freer.o)
 .bss           0x00114e5e        0x0 /opt/altera/13.0sp1/nios2eds/bin/gnu/H-i686-pc-linux-gnu/bin/../lib/gcc/nios2-elf/4.1.2/../../../../nios2-elf/lib/mno-hw-mul/libc.a(lib_a-fvwrite.o)
 .bss           0x00114e5e        0x0 /opt/altera/13.0sp1/nios2eds/bin/gnu/H-i686-pc-linux-gnu/bin/../lib/gcc/nios2-elf/4.1.2/../../../../nios2-elf/lib/mno-hw-mul/libc.a(lib_a-fwalk.o)
 .bss           0x00114e5e        0x0 /opt/altera/13.0sp1/nios2eds/bin/gnu/H-i686-pc-linux-gnu/bin/../lib/gcc/nios2-elf/4.1.2/../../../../nios2-elf/lib/mno-hw-mul/libc.a(lib_a-locale.o)
 .bss           0x00114e5e        0x0 /opt/altera/13.0sp1/nios2eds/bin/gnu/H-i686-pc-linux-gnu/bin/../lib/gcc/nios2-elf/4.1.2/../../../../nios2-elf/lib/mno-hw-mul/libc.a(lib_a-makebuf.o)
 *fill*         0x00114e5e        0x2 00
 .bss           0x00114e60       0x28 /opt/altera/13.0sp1/nios2eds/bin/gnu/H-i686-pc-linux-gnu/bin/../lib/gcc/nios2-elf/4.1.2/../../../../nios2-elf/lib/mno-hw-mul/libc.a(lib_a-mallocr.o)
                0x00114e60                __malloc_current_mallinfo
 .bss           0x00114e88        0x0 /opt/altera/13.0sp1/nios2eds/bin/gnu/H-i686-pc-linux-gnu/bin/../lib/gcc/nios2-elf/4.1.2/../../../../nios2-elf/lib/mno-hw-mul/libc.a(lib_a-memchr.o)
 .bss           0x00114e88        0x0 /opt/altera/13.0sp1/nios2eds/bin/gnu/H-i686-pc-linux-gnu/bin/../lib/gcc/nios2-elf/4.1.2/../../../../nios2-elf/lib/mno-hw-mul/libc.a(lib_a-memcpy.o)
 .bss           0x00114e88        0x0 /opt/altera/13.0sp1/nios2eds/bin/gnu/H-i686-pc-linux-gnu/bin/../lib/gcc/nios2-elf/4.1.2/../../../../nios2-elf/lib/mno-hw-mul/libc.a(lib_a-memmove.o)
 .bss           0x00114e88        0x0 /opt/altera/13.0sp1/nios2eds/bin/gnu/H-i686-pc-linux-gnu/bin/../lib/gcc/nios2-elf/4.1.2/../../../../nios2-elf/lib/mno-hw-mul/libc.a(lib_a-memset.o)
 .bss           0x00114e88        0x0 /opt/altera/13.0sp1/nios2eds/bin/gnu/H-i686-pc-linux-gnu/bin/../lib/gcc/nios2-elf/4.1.2/../../../../nios2-elf/lib/mno-hw-mul/libc.a(lib_a-mprec.o)
 .bss           0x00114e88        0x0 /opt/altera/13.0sp1/nios2eds/bin/gnu/H-i686-pc-linux-gnu/bin/../lib/gcc/nios2-elf/4.1.2/../../../../nios2-elf/lib/mno-hw-mul/libc.a(lib_a-reallocr.o)
 .bss           0x00114e88        0x0 /opt/altera/13.0sp1/nios2eds/bin/gnu/H-i686-pc-linux-gnu/bin/../lib/gcc/nios2-elf/4.1.2/../../../../nios2-elf/lib/mno-hw-mul/libc.a(lib_a-s_isinfd.o)
 .bss           0x00114e88        0x0 /opt/altera/13.0sp1/nios2eds/bin/gnu/H-i686-pc-linux-gnu/bin/../lib/gcc/nios2-elf/4.1.2/../../../../nios2-elf/lib/mno-hw-mul/libc.a(lib_a-s_isnand.o)
 .bss           0x00114e88        0x0 /opt/altera/13.0sp1/nios2eds/bin/gnu/H-i686-pc-linux-gnu/bin/../lib/gcc/nios2-elf/4.1.2/../../../../nios2-elf/lib/mno-hw-mul/libc.a(lib_a-sbrkr.o)
 .bss           0x00114e88        0x0 /opt/altera/13.0sp1/nios2eds/bin/gnu/H-i686-pc-linux-gnu/bin/../lib/gcc/nios2-elf/4.1.2/../../../../nios2-elf/lib/mno-hw-mul/libc.a(lib_a-stdio.o)
 .bss           0x00114e88        0x0 /opt/altera/13.0sp1/nios2eds/bin/gnu/H-i686-pc-linux-gnu/bin/../lib/gcc/nios2-elf/4.1.2/../../../../nios2-elf/lib/mno-hw-mul/libc.a(lib_a-strcmp.o)
 .bss           0x00114e88        0x0 /opt/altera/13.0sp1/nios2eds/bin/gnu/H-i686-pc-linux-gnu/bin/../lib/gcc/nios2-elf/4.1.2/../../../../nios2-elf/lib/mno-hw-mul/libc.a(lib_a-writer.o)
 .bss           0x00114e88        0x0 /opt/altera/13.0sp1/nios2eds/bin/gnu/H-i686-pc-linux-gnu/bin/../lib/gcc/nios2-elf/4.1.2/../../../../nios2-elf/lib/mno-hw-mul/libc.a(lib_a-callocr.o)
 .bss           0x00114e88        0x0 /opt/altera/13.0sp1/nios2eds/bin/gnu/H-i686-pc-linux-gnu/bin/../lib/gcc/nios2-elf/4.1.2/../../../../nios2-elf/lib/mno-hw-mul/libc.a(lib_a-closer.o)
 .bss           0x00114e88        0x0 /opt/altera/13.0sp1/nios2eds/bin/gnu/H-i686-pc-linux-gnu/bin/../lib/gcc/nios2-elf/4.1.2/../../../../nios2-elf/lib/mno-hw-mul/libc.a(lib_a-fclose.o)
 .bss           0x00114e88        0x0 /opt/altera/13.0sp1/nios2eds/bin/gnu/H-i686-pc-linux-gnu/bin/../lib/gcc/nios2-elf/4.1.2/../../../../nios2-elf/lib/mno-hw-mul/libc.a(lib_a-fstatr.o)
 .bss           0x00114e88        0x0 /opt/altera/13.0sp1/nios2eds/bin/gnu/H-i686-pc-linux-gnu/bin/../lib/gcc/nios2-elf/4.1.2/../../../../nios2-elf/lib/mno-hw-mul/libc.a(lib_a-int_errno.o)
 .bss           0x00114e88        0x0 /opt/altera/13.0sp1/nios2eds/bin/gnu/H-i686-pc-linux-gnu/bin/../lib/gcc/nios2-elf/4.1.2/../../../../nios2-elf/lib/mno-hw-mul/libc.a(lib_a-isattyr.o)
 .bss           0x00114e88        0x0 /opt/altera/13.0sp1/nios2eds/bin/gnu/H-i686-pc-linux-gnu/bin/../lib/gcc/nios2-elf/4.1.2/../../../../nios2-elf/lib/mno-hw-mul/libc.a(lib_a-lseekr.o)
 .bss           0x00114e88        0x0 /opt/altera/13.0sp1/nios2eds/bin/gnu/H-i686-pc-linux-gnu/bin/../lib/gcc/nios2-elf/4.1.2/../../../../nios2-elf/lib/mno-hw-mul/libc.a(lib_a-readr.o)
 .bss           0x00114e88        0x0 /opt/altera/13.0sp1/nios2eds/bin/gnu/H-i686-pc-linux-gnu/bin/../lib/gcc/nios2-elf/4.1.2/mno-hw-mul/libgcc.a(_udivdi3.o)
 .bss           0x00114e88        0x0 /opt/altera/13.0sp1/nios2eds/bin/gnu/H-i686-pc-linux-gnu/bin/../lib/gcc/nios2-elf/4.1.2/mno-hw-mul/libgcc.a(_umoddi3.o)
 .bss           0x00114e88        0x0 /opt/altera/13.0sp1/nios2eds/bin/gnu/H-i686-pc-linux-gnu/bin/../lib/gcc/nios2-elf/4.1.2/mno-hw-mul/libgcc.a(_addsub_df.o)
 .bss           0x00114e88        0x0 /opt/altera/13.0sp1/nios2eds/bin/gnu/H-i686-pc-linux-gnu/bin/../lib/gcc/nios2-elf/4.1.2/mno-hw-mul/libgcc.a(_mul_df.o)
 .bss           0x00114e88        0x0 /opt/altera/13.0sp1/nios2eds/bin/gnu/H-i686-pc-linux-gnu/bin/../lib/gcc/nios2-elf/4.1.2/mno-hw-mul/libgcc.a(_div_df.o)
 .bss           0x00114e88        0x0 /opt/altera/13.0sp1/nios2eds/bin/gnu/H-i686-pc-linux-gnu/bin/../lib/gcc/nios2-elf/4.1.2/mno-hw-mul/libgcc.a(_eq_df.o)
 .bss           0x00114e88        0x0 /opt/altera/13.0sp1/nios2eds/bin/gnu/H-i686-pc-linux-gnu/bin/../lib/gcc/nios2-elf/4.1.2/mno-hw-mul/libgcc.a(_ne_df.o)
 .bss           0x00114e88        0x0 /opt/altera/13.0sp1/nios2eds/bin/gnu/H-i686-pc-linux-gnu/bin/../lib/gcc/nios2-elf/4.1.2/mno-hw-mul/libgcc.a(_gt_df.o)
 .bss           0x00114e88        0x0 /opt/altera/13.0sp1/nios2eds/bin/gnu/H-i686-pc-linux-gnu/bin/../lib/gcc/nios2-elf/4.1.2/mno-hw-mul/libgcc.a(_ge_df.o)
 .bss           0x00114e88        0x0 /opt/altera/13.0sp1/nios2eds/bin/gnu/H-i686-pc-linux-gnu/bin/../lib/gcc/nios2-elf/4.1.2/mno-hw-mul/libgcc.a(_lt_df.o)
 .bss           0x00114e88        0x0 /opt/altera/13.0sp1/nios2eds/bin/gnu/H-i686-pc-linux-gnu/bin/../lib/gcc/nios2-elf/4.1.2/mno-hw-mul/libgcc.a(_si_to_df.o)
 .bss           0x00114e88        0x0 /opt/altera/13.0sp1/nios2eds/bin/gnu/H-i686-pc-linux-gnu/bin/../lib/gcc/nios2-elf/4.1.2/mno-hw-mul/libgcc.a(_df_to_si.o)
 .bss           0x00114e88        0x0 /opt/altera/13.0sp1/nios2eds/bin/gnu/H-i686-pc-linux-gnu/bin/../lib/gcc/nios2-elf/4.1.2/mno-hw-mul/libgcc.a(_thenan_df.o)
 .bss           0x00114e88        0x0 /opt/altera/13.0sp1/nios2eds/bin/gnu/H-i686-pc-linux-gnu/bin/../lib/gcc/nios2-elf/4.1.2/mno-hw-mul/libgcc.a(_usi_to_df.o)
 .bss           0x00114e88        0x0 /opt/altera/13.0sp1/nios2eds/bin/gnu/H-i686-pc-linux-gnu/bin/../lib/gcc/nios2-elf/4.1.2/mno-hw-mul/libgcc.a(lib2-divmod.o)
 .bss           0x00114e88        0x0 /opt/altera/13.0sp1/nios2eds/bin/gnu/H-i686-pc-linux-gnu/bin/../lib/gcc/nios2-elf/4.1.2/mno-hw-mul/libgcc.a(lib2-mul.o)
 .bss           0x00114e88        0x0 /opt/altera/13.0sp1/nios2eds/bin/gnu/H-i686-pc-linux-gnu/bin/../lib/gcc/nios2-elf/4.1.2/mno-hw-mul/libgcc.a(_muldi3.o)
 .bss           0x00114e88        0x0 /opt/altera/13.0sp1/nios2eds/bin/gnu/H-i686-pc-linux-gnu/bin/../lib/gcc/nios2-elf/4.1.2/mno-hw-mul/libgcc.a(_clz.o)
 .bss           0x00114e88        0x0 /opt/altera/13.0sp1/nios2eds/bin/gnu/H-i686-pc-linux-gnu/bin/../lib/gcc/nios2-elf/4.1.2/mno-hw-mul/libgcc.a(_clzsi2.o)
 .bss           0x00114e88        0x0 /opt/altera/13.0sp1/nios2eds/bin/gnu/H-i686-pc-linux-gnu/bin/../lib/gcc/nios2-elf/4.1.2/mno-hw-mul/libgcc.a(_pack_df.o)
 .bss           0x00114e88        0x0 /opt/altera/13.0sp1/nios2eds/bin/gnu/H-i686-pc-linux-gnu/bin/../lib/gcc/nios2-elf/4.1.2/mno-hw-mul/libgcc.a(_unpack_df.o)
 .bss           0x00114e88        0x0 /opt/altera/13.0sp1/nios2eds/bin/gnu/H-i686-pc-linux-gnu/bin/../lib/gcc/nios2-elf/4.1.2/mno-hw-mul/libgcc.a(_fpcmp_parts_df.o)
 .bss           0x00114e88        0x0 ../bsp//libucosii_bsp.a(alt_close.o)
 .bss           0x00114e88        0x0 ../bsp//libucosii_bsp.a(alt_dev.o)
 .bss           0x00114e88        0x0 ../bsp//libucosii_bsp.a(alt_errno.o)
 .bss           0x00114e88        0x0 ../bsp//libucosii_bsp.a(alt_fstat.o)
 .bss           0x00114e88        0x0 ../bsp//libucosii_bsp.a(alt_isatty.o)
 .bss           0x00114e88        0x0 ../bsp//libucosii_bsp.a(alt_load.o)
 .bss           0x00114e88        0x0 ../bsp//libucosii_bsp.a(alt_lseek.o)
 .bss           0x00114e88        0x0 ../bsp//libucosii_bsp.a(alt_main.o)
 .bss           0x00114e88        0x0 ../bsp//libucosii_bsp.a(alt_read.o)
 .bss           0x00114e88        0x0 ../bsp//libucosii_bsp.a(alt_release_fd.o)
 .bss           0x00114e88        0x0 ../bsp//libucosii_bsp.a(alt_sbrk.o)
 .bss           0x00114e88        0x0 ../bsp//libucosii_bsp.a(alt_write.o)
 .bss           0x00114e88        0x0 ../bsp//libucosii_bsp.a(alt_env_lock.o)
 .bss           0x00114e88        0x0 ../bsp//libucosii_bsp.a(alt_malloc_lock.o)
 .bss           0x00114e88        0x0 ../bsp//libucosii_bsp.a(os_core.o)
 .bss           0x00114e88        0x0 ../bsp//libucosii_bsp.a(os_dbg.o)
 .bss           0x00114e88        0x0 ../bsp//libucosii_bsp.a(os_flag.o)
 .bss           0x00114e88        0x0 ../bsp//libucosii_bsp.a(os_mem.o)
 .bss           0x00114e88        0x0 ../bsp//libucosii_bsp.a(os_q.o)
 .bss           0x00114e88        0x0 ../bsp//libucosii_bsp.a(os_sem.o)
 .bss           0x00114e88        0x0 ../bsp//libucosii_bsp.a(os_task.o)
 .bss           0x00114e88        0x0 ../bsp//libucosii_bsp.a(os_time.o)
 .bss           0x00114e88        0x0 ../bsp//libucosii_bsp.a(os_tmr.o)
 .bss           0x00114e88        0x0 ../bsp//libucosii_bsp.a(alt_sys_init.o)
 .bss           0x00114e88        0x0 ../bsp//libucosii_bsp.a(altera_avalon_jtag_uart_fd.o)
 .bss           0x00114e88        0x0 ../bsp//libucosii_bsp.a(altera_avalon_jtag_uart_init.o)
 .bss           0x00114e88        0x0 ../bsp//libucosii_bsp.a(altera_avalon_jtag_uart_ioctl.o)
 .bss           0x00114e88        0x0 ../bsp//libucosii_bsp.a(altera_avalon_jtag_uart_read.o)
 .bss           0x00114e88        0x0 ../bsp//libucosii_bsp.a(altera_avalon_jtag_uart_write.o)
 .bss           0x00114e88        0x0 ../bsp//libucosii_bsp.a(altera_avalon_timer_sc.o)
 .bss           0x00114e88        0x0 ../bsp//libucosii_bsp.a(altera_up_avalon_character_lcd.o)
 .bss           0x00114e88        0x0 ../bsp//libucosii_bsp.a(alt_alarm_start.o)
 .bss           0x00114e88        0x0 ../bsp//libucosii_bsp.a(alt_dcache_flush_all.o)
 .bss           0x00114e88        0x0 ../bsp//libucosii_bsp.a(alt_dev_llist_insert.o)
 .bss           0x00114e88        0x0 ../bsp//libucosii_bsp.a(alt_do_ctors.o)
 .bss           0x00114e88        0x0 ../bsp//libucosii_bsp.a(alt_do_dtors.o)
 .bss           0x00114e88        0x0 ../bsp//libucosii_bsp.a(alt_find_dev.o)
 .bss           0x00114e88        0x0 ../bsp//libucosii_bsp.a(alt_icache_flush_all.o)
 .bss           0x00114e88        0x0 ../bsp//libucosii_bsp.a(alt_iic.o)
 .bss           0x00114e88        0x0 ../bsp//libucosii_bsp.a(alt_iic_isr_register.o)
 .bss           0x00114e88        0x0 ../bsp//libucosii_bsp.a(alt_io_redirect.o)
 .bss           0x00114e88        0x0 ../bsp//libucosii_bsp.a(alt_irq_entry.o)
 .bss           0x00114e88        0x0 ../bsp//libucosii_bsp.a(alt_irq_handler.o)
 .bss           0x00114e88        0x0 ../bsp//libucosii_bsp.a(alt_irq_vars.o)
 .bss           0x00114e88        0x0 ../bsp//libucosii_bsp.a(alt_open.o)
 .bss           0x00114e88        0x0 ../bsp//libucosii_bsp.a(alt_tick.o)
 .bss           0x00114e88        0x0 ../bsp//libucosii_bsp.a(altera_nios2_qsys_irq.o)
 .bss           0x00114e88        0x0 ../bsp//libucosii_bsp.a(os_cpu_a.o)
 .bss           0x00114e88        0x0 ../bsp//libucosii_bsp.a(os_cpu_c.o)
 .bss           0x00114e88        0x0 ../bsp//libucosii_bsp.a(alt_exception_entry.o)
 .bss           0x00114e88        0x0 ../bsp//libucosii_bsp.a(alt_find_file.o)
 .bss           0x00114e88        0x0 ../bsp//libucosii_bsp.a(alt_get_fd.o)
 .bss           0x00114e88        0x0 /opt/altera/13.0sp1/nios2eds/bin/gnu/H-i686-pc-linux-gnu/bin/../lib/gcc/nios2-elf/4.1.2/../../../../nios2-elf/lib/mno-hw-mul/libc.a(lib_a-atexit.o)
 .bss           0x00114e88        0x0 /opt/altera/13.0sp1/nios2eds/bin/gnu/H-i686-pc-linux-gnu/bin/../lib/gcc/nios2-elf/4.1.2/../../../../nios2-elf/lib/mno-hw-mul/libc.a(lib_a-exit.o)
 .bss           0x00114e88        0x0 /opt/altera/13.0sp1/nios2eds/bin/gnu/H-i686-pc-linux-gnu/bin/../lib/gcc/nios2-elf/4.1.2/../../../../nios2-elf/lib/mno-hw-mul/libc.a(lib_a-memcmp.o)
 .bss           0x00114e88        0x0 /opt/altera/13.0sp1/nios2eds/bin/gnu/H-i686-pc-linux-gnu/bin/../lib/gcc/nios2-elf/4.1.2/../../../../nios2-elf/lib/mno-hw-mul/libc.a(lib_a-__atexit.o)
 .bss           0x00114e88        0x0 /opt/altera/13.0sp1/nios2eds/bin/gnu/H-i686-pc-linux-gnu/bin/../lib/gcc/nios2-elf/4.1.2/../../../../nios2-elf/lib/mno-hw-mul/libc.a(lib_a-__call_atexit.o)
 .bss           0x00114e88        0x0 /opt/altera/13.0sp1/nios2eds/bin/gnu/H-i686-pc-linux-gnu/bin/../lib/gcc/nios2-elf/4.1.2/mno-hw-mul/libgcc.a(_fixunsdfsi.o)
 .bss           0x00114e88        0x0 ../bsp//libucosii_bsp.a(alt_exit.o)
 *(COMMON)
 COMMON         0x00114e88     0x6000 obj/default/twotasksimp.o
                0x00114e88                task1_stk
                0x00116e88                stat_stk
                0x00118e88                task2_stk
 COMMON         0x0011ae88     0x3d74 ../bsp//libucosii_bsp.a(os_core.o)
                0x0011ae88                OSTmrWheelTbl
                0x0011ae98                OSFlagTbl
                0x0011b208                OSTmrTbl
                0x0011b548                OSMemTbl
                0x0011c178                OSTaskStatStk
                0x0011c978                OSQTbl
                0x0011cb58                OSTmrTaskStk
                0x0011d358                OSTaskIdleStk
                0x0011db58                OSEventTbl
                0x0011e698                OSTCBTbl
                0x0011eba8                OSTCBPrioTbl
 COMMON         0x0011ebfc      0x100 ../bsp//libucosii_bsp.a(alt_irq_handler.o)
                0x0011ebfc                alt_irq
 COMMON         0x0011ecfc      0x190 /opt/altera/13.0sp1/nios2eds/bin/gnu/H-i686-pc-linux-gnu/bin/../lib/gcc/nios2-elf/4.1.2/../../../../nios2-elf/lib/mno-hw-mul/libc.a(lib_a-atexit.o)
                0x0011ecfc                _atexit0
                0x0011ee8c                . = ALIGN (0x4)
                0x0011ee8c                __bss_end = ABSOLUTE (.)

.onchip_memory  0x00000000        0x0 load address 0x0011ee8c
                0x00000000                PROVIDE (_alt_partition_onchip_memory_start, ABSOLUTE (.))
 *(.onchip_memory. onchip_memory.*)
                0x00000000                . = ALIGN (0x4)
                0x00000000                PROVIDE (_alt_partition_onchip_memory_end, ABSOLUTE (.))
                0x0011ee8c                PROVIDE (_alt_partition_onchip_memory_load_addr, LOADADDR (.onchip_memory))

.sram           0x0011ee8c        0x0
                0x0011ee8c                PROVIDE (_alt_partition_sram_start, ABSOLUTE (.))
 *(.sram. sram.*)
                0x0011ee8c                . = ALIGN (0x4)
                0x0011ee8c                PROVIDE (_alt_partition_sram_end, ABSOLUTE (.))
                0x0011ee8c                _end = ABSOLUTE (.)
                0x0011ee8c                end = ABSOLUTE (.)
                0x0011ee8c                __alt_stack_base = ABSOLUTE (.)
                0x0011ee8c                PROVIDE (_alt_partition_sram_load_addr, LOADADDR (.sram))

.sdram          0x01000144        0x0 load address 0x0011ee8c
                0x01000144                PROVIDE (_alt_partition_sdram_start, ABSOLUTE (.))
 *(.sdram. sdram.*)
                0x01000144                . = ALIGN (0x4)
                0x01000144                PROVIDE (_alt_partition_sdram_end, ABSOLUTE (.))
                0x0011ee8c                PROVIDE (_alt_partition_sdram_load_addr, LOADADDR (.sdram))

.stab
 *(.stab)

.stabstr
 *(.stabstr)

.stab.excl
 *(.stab.excl)

.stab.exclstr
 *(.stab.exclstr)

.stab.index
 *(.stab.index)

.stab.indexstr
 *(.stab.indexstr)

.comment        0x00000000       0x26
 *(.comment)
 .comment       0x00000000       0x26 obj/default/twotasksimp.o
                                 0x27 (size before relaxing)
 .comment       0x00000000       0x27 /opt/altera/13.0sp1/nios2eds/bin/gnu/H-i686-pc-linux-gnu/bin/../lib/gcc/nios2-elf/4.1.2/../../../../nios2-elf/lib/mno-hw-mul/libc.a(lib_a-impure.o)
 .comment       0x00000000       0x27 /opt/altera/13.0sp1/nios2eds/bin/gnu/H-i686-pc-linux-gnu/bin/../lib/gcc/nios2-elf/4.1.2/../../../../nios2-elf/lib/mno-hw-mul/libc.a(lib_a-printf.o)
 .comment       0x00000000       0x27 /opt/altera/13.0sp1/nios2eds/bin/gnu/H-i686-pc-linux-gnu/bin/../lib/gcc/nios2-elf/4.1.2/../../../../nios2-elf/lib/mno-hw-mul/libc.a(lib_a-putc.o)
 .comment       0x00000000       0x27 /opt/altera/13.0sp1/nios2eds/bin/gnu/H-i686-pc-linux-gnu/bin/../lib/gcc/nios2-elf/4.1.2/../../../../nios2-elf/lib/mno-hw-mul/libc.a(lib_a-puts.o)
 .comment       0x00000000       0x27 /opt/altera/13.0sp1/nios2eds/bin/gnu/H-i686-pc-linux-gnu/bin/../lib/gcc/nios2-elf/4.1.2/../../../../nios2-elf/lib/mno-hw-mul/libc.a(lib_a-strlen.o)
 .comment       0x00000000       0x27 /opt/altera/13.0sp1/nios2eds/bin/gnu/H-i686-pc-linux-gnu/bin/../lib/gcc/nios2-elf/4.1.2/../../../../nios2-elf/lib/mno-hw-mul/libc.a(lib_a-vfprintf.o)
 .comment       0x00000000       0x27 /opt/altera/13.0sp1/nios2eds/bin/gnu/H-i686-pc-linux-gnu/bin/../lib/gcc/nios2-elf/4.1.2/../../../../nios2-elf/lib/mno-hw-mul/libc.a(lib_a-wbuf.o)
 .comment       0x00000000       0x27 /opt/altera/13.0sp1/nios2eds/bin/gnu/H-i686-pc-linux-gnu/bin/../lib/gcc/nios2-elf/4.1.2/../../../../nios2-elf/lib/mno-hw-mul/libc.a(lib_a-wsetup.o)
 .comment       0x00000000       0x27 /opt/altera/13.0sp1/nios2eds/bin/gnu/H-i686-pc-linux-gnu/bin/../lib/gcc/nios2-elf/4.1.2/../../../../nios2-elf/lib/mno-hw-mul/libc.a(lib_a-dtoa.o)
 .comment       0x00000000       0x27 /opt/altera/13.0sp1/nios2eds/bin/gnu/H-i686-pc-linux-gnu/bin/../lib/gcc/nios2-elf/4.1.2/../../../../nios2-elf/lib/mno-hw-mul/libc.a(lib_a-fflush.o)
 .comment       0x00000000       0x27 /opt/altera/13.0sp1/nios2eds/bin/gnu/H-i686-pc-linux-gnu/bin/../lib/gcc/nios2-elf/4.1.2/../../../../nios2-elf/lib/mno-hw-mul/libc.a(lib_a-findfp.o)
 .comment       0x00000000       0x27 /opt/altera/13.0sp1/nios2eds/bin/gnu/H-i686-pc-linux-gnu/bin/../lib/gcc/nios2-elf/4.1.2/../../../../nios2-elf/lib/mno-hw-mul/libc.a(lib_a-freer.o)
 .comment       0x00000000       0x27 /opt/altera/13.0sp1/nios2eds/bin/gnu/H-i686-pc-linux-gnu/bin/../lib/gcc/nios2-elf/4.1.2/../../../../nios2-elf/lib/mno-hw-mul/libc.a(lib_a-fvwrite.o)
 .comment       0x00000000       0x27 /opt/altera/13.0sp1/nios2eds/bin/gnu/H-i686-pc-linux-gnu/bin/../lib/gcc/nios2-elf/4.1.2/../../../../nios2-elf/lib/mno-hw-mul/libc.a(lib_a-fwalk.o)
 .comment       0x00000000       0x27 /opt/altera/13.0sp1/nios2eds/bin/gnu/H-i686-pc-linux-gnu/bin/../lib/gcc/nios2-elf/4.1.2/../../../../nios2-elf/lib/mno-hw-mul/libc.a(lib_a-locale.o)
 .comment       0x00000000       0x27 /opt/altera/13.0sp1/nios2eds/bin/gnu/H-i686-pc-linux-gnu/bin/../lib/gcc/nios2-elf/4.1.2/../../../../nios2-elf/lib/mno-hw-mul/libc.a(lib_a-makebuf.o)
 .comment       0x00000000       0x27 /opt/altera/13.0sp1/nios2eds/bin/gnu/H-i686-pc-linux-gnu/bin/../lib/gcc/nios2-elf/4.1.2/../../../../nios2-elf/lib/mno-hw-mul/libc.a(lib_a-mallocr.o)
 .comment       0x00000000       0x27 /opt/altera/13.0sp1/nios2eds/bin/gnu/H-i686-pc-linux-gnu/bin/../lib/gcc/nios2-elf/4.1.2/../../../../nios2-elf/lib/mno-hw-mul/libc.a(lib_a-memchr.o)
 .comment       0x00000000       0x27 /opt/altera/13.0sp1/nios2eds/bin/gnu/H-i686-pc-linux-gnu/bin/../lib/gcc/nios2-elf/4.1.2/../../../../nios2-elf/lib/mno-hw-mul/libc.a(lib_a-memcpy.o)
 .comment       0x00000000       0x27 /opt/altera/13.0sp1/nios2eds/bin/gnu/H-i686-pc-linux-gnu/bin/../lib/gcc/nios2-elf/4.1.2/../../../../nios2-elf/lib/mno-hw-mul/libc.a(lib_a-memmove.o)
 .comment       0x00000000       0x27 /opt/altera/13.0sp1/nios2eds/bin/gnu/H-i686-pc-linux-gnu/bin/../lib/gcc/nios2-elf/4.1.2/../../../../nios2-elf/lib/mno-hw-mul/libc.a(lib_a-memset.o)
 .comment       0x00000000       0x27 /opt/altera/13.0sp1/nios2eds/bin/gnu/H-i686-pc-linux-gnu/bin/../lib/gcc/nios2-elf/4.1.2/../../../../nios2-elf/lib/mno-hw-mul/libc.a(lib_a-mprec.o)
 .comment       0x00000000       0x27 /opt/altera/13.0sp1/nios2eds/bin/gnu/H-i686-pc-linux-gnu/bin/../lib/gcc/nios2-elf/4.1.2/../../../../nios2-elf/lib/mno-hw-mul/libc.a(lib_a-reallocr.o)
 .comment       0x00000000       0x27 /opt/altera/13.0sp1/nios2eds/bin/gnu/H-i686-pc-linux-gnu/bin/../lib/gcc/nios2-elf/4.1.2/../../../../nios2-elf/lib/mno-hw-mul/libc.a(lib_a-s_isinfd.o)
 .comment       0x00000000       0x27 /opt/altera/13.0sp1/nios2eds/bin/gnu/H-i686-pc-linux-gnu/bin/../lib/gcc/nios2-elf/4.1.2/../../../../nios2-elf/lib/mno-hw-mul/libc.a(lib_a-s_isnand.o)
 .comment       0x00000000       0x27 /opt/altera/13.0sp1/nios2eds/bin/gnu/H-i686-pc-linux-gnu/bin/../lib/gcc/nios2-elf/4.1.2/../../../../nios2-elf/lib/mno-hw-mul/libc.a(lib_a-sbrkr.o)
 .comment       0x00000000       0x27 /opt/altera/13.0sp1/nios2eds/bin/gnu/H-i686-pc-linux-gnu/bin/../lib/gcc/nios2-elf/4.1.2/../../../../nios2-elf/lib/mno-hw-mul/libc.a(lib_a-stdio.o)
 .comment       0x00000000       0x27 /opt/altera/13.0sp1/nios2eds/bin/gnu/H-i686-pc-linux-gnu/bin/../lib/gcc/nios2-elf/4.1.2/../../../../nios2-elf/lib/mno-hw-mul/libc.a(lib_a-strcmp.o)
 .comment       0x00000000       0x27 /opt/altera/13.0sp1/nios2eds/bin/gnu/H-i686-pc-linux-gnu/bin/../lib/gcc/nios2-elf/4.1.2/../../../../nios2-elf/lib/mno-hw-mul/libc.a(lib_a-writer.o)
 .comment       0x00000000       0x27 /opt/altera/13.0sp1/nios2eds/bin/gnu/H-i686-pc-linux-gnu/bin/../lib/gcc/nios2-elf/4.1.2/../../../../nios2-elf/lib/mno-hw-mul/libc.a(lib_a-callocr.o)
 .comment       0x00000000       0x27 /opt/altera/13.0sp1/nios2eds/bin/gnu/H-i686-pc-linux-gnu/bin/../lib/gcc/nios2-elf/4.1.2/../../../../nios2-elf/lib/mno-hw-mul/libc.a(lib_a-closer.o)
 .comment       0x00000000       0x27 /opt/altera/13.0sp1/nios2eds/bin/gnu/H-i686-pc-linux-gnu/bin/../lib/gcc/nios2-elf/4.1.2/../../../../nios2-elf/lib/mno-hw-mul/libc.a(lib_a-fclose.o)
 .comment       0x00000000       0x27 /opt/altera/13.0sp1/nios2eds/bin/gnu/H-i686-pc-linux-gnu/bin/../lib/gcc/nios2-elf/4.1.2/../../../../nios2-elf/lib/mno-hw-mul/libc.a(lib_a-fstatr.o)
 .comment       0x00000000       0x27 /opt/altera/13.0sp1/nios2eds/bin/gnu/H-i686-pc-linux-gnu/bin/../lib/gcc/nios2-elf/4.1.2/../../../../nios2-elf/lib/mno-hw-mul/libc.a(lib_a-int_errno.o)
 .comment       0x00000000       0x27 /opt/altera/13.0sp1/nios2eds/bin/gnu/H-i686-pc-linux-gnu/bin/../lib/gcc/nios2-elf/4.1.2/../../../../nios2-elf/lib/mno-hw-mul/libc.a(lib_a-isattyr.o)
 .comment       0x00000000       0x27 /opt/altera/13.0sp1/nios2eds/bin/gnu/H-i686-pc-linux-gnu/bin/../lib/gcc/nios2-elf/4.1.2/../../../../nios2-elf/lib/mno-hw-mul/libc.a(lib_a-lseekr.o)
 .comment       0x00000000       0x27 /opt/altera/13.0sp1/nios2eds/bin/gnu/H-i686-pc-linux-gnu/bin/../lib/gcc/nios2-elf/4.1.2/../../../../nios2-elf/lib/mno-hw-mul/libc.a(lib_a-readr.o)
 .comment       0x00000000       0x27 /opt/altera/13.0sp1/nios2eds/bin/gnu/H-i686-pc-linux-gnu/bin/../lib/gcc/nios2-elf/4.1.2/mno-hw-mul/libgcc.a(_udivdi3.o)
 .comment       0x00000000       0x27 /opt/altera/13.0sp1/nios2eds/bin/gnu/H-i686-pc-linux-gnu/bin/../lib/gcc/nios2-elf/4.1.2/mno-hw-mul/libgcc.a(_umoddi3.o)