Archive member included because of file (symbol)

../bsp//libucosii_bsp.a(alt_load.o)
                              ../bsp//obj/HAL/src/crt0.o (alt_load)
../bsp//libucosii_bsp.a(alt_main.o)
                              ../bsp//obj/HAL/src/crt0.o (alt_main)
../bsp//libucosii_bsp.a(alt_env_lock.o)
                              ../bsp//libucosii_bsp.a(alt_main.o) (alt_envsem)
../bsp//libucosii_bsp.a(alt_malloc_lock.o)
                              ../bsp//libucosii_bsp.a(alt_main.o) (alt_heapsem)
../bsp//libucosii_bsp.a(os_core.o)
                              ../bsp//libucosii_bsp.a(alt_malloc_lock.o) (OSRunning)
../bsp//libucosii_bsp.a(os_dbg.o)
                              ../bsp//libucosii_bsp.a(os_core.o) (OSDebugInit)
../bsp//libucosii_bsp.a(os_flag.o)
                              ../bsp//libucosii_bsp.a(os_core.o) (OS_FlagInit)
../bsp//libucosii_bsp.a(os_mem.o)
                              ../bsp//libucosii_bsp.a(os_core.o) (OS_MemInit)
../bsp//libucosii_bsp.a(os_q.o)
                              ../bsp//libucosii_bsp.a(os_core.o) (OS_QInit)
../bsp//libucosii_bsp.a(os_sem.o)
                              ../bsp//libucosii_bsp.a(alt_main.o) (OSSemCreate)
../bsp//libucosii_bsp.a(os_task.o)
                              ../bsp//libucosii_bsp.a(alt_env_lock.o) (OSTaskQuery)
../bsp//libucosii_bsp.a(os_time.o)
                              ../bsp//libucosii_bsp.a(os_core.o) (OSTimeDly)
../bsp//libucosii_bsp.a(os_tmr.o)
                              ../bsp//libucosii_bsp.a(os_core.o) (OSTmr_Init)
../bsp//libucosii_bsp.a(alt_sys_init.o)
                              ../bsp//libucosii_bsp.a(alt_main.o) (alt_sys_init)
../bsp//libucosii_bsp.a(altera_avalon_jtag_uart_fd.o)
                              ../bsp//libucosii_bsp.a(alt_sys_init.o) (altera_avalon_jtag_uart_ioctl_fd)
../bsp//libucosii_bsp.a(altera_avalon_jtag_uart_init.o)
                              ../bsp//libucosii_bsp.a(altera_avalon_jtag_uart_fd.o) (altera_avalon_jtag_uart_close)
../bsp//libucosii_bsp.a(altera_avalon_jtag_uart_ioctl.o)
                              ../bsp//libucosii_bsp.a(altera_avalon_jtag_uart_fd.o) (altera_avalon_jtag_uart_ioctl)
../bsp//libucosii_bsp.a(altera_avalon_jtag_uart_read.o)
                              ../bsp//libucosii_bsp.a(altera_avalon_jtag_uart_fd.o) (altera_avalon_jtag_uart_read)
../bsp//libucosii_bsp.a(altera_avalon_jtag_uart_write.o)
                              ../bsp//libucosii_bsp.a(altera_avalon_jtag_uart_fd.o) (altera_avalon_jtag_uart_write)
../bsp//libucosii_bsp.a(altera_avalon_timer_sc.o)
                              ../bsp//libucosii_bsp.a(alt_sys_init.o) (alt_avalon_timer_sc_init)
../bsp//libucosii_bsp.a(altera_avalon_timer_vars.o)
                              ../bsp//libucosii_bsp.a(alt_sys_init.o) (altera_avalon_timer_ts_base)
../bsp//libucosii_bsp.a(altera_up_avalon_character_lcd.o)
                              ../bsp//libucosii_bsp.a(alt_sys_init.o) (alt_up_character_lcd_write_fd)
../bsp//libucosii_bsp.a(alt_alarm_start.o)
                              ../bsp//libucosii_bsp.a(altera_avalon_jtag_uart_init.o) (alt_alarm_start)
../bsp//libucosii_bsp.a(alt_close.o)
                              ../bsp//libucosii_bsp.a(alt_main.o) (close)
../bsp//libucosii_bsp.a(alt_dcache_flush_all.o)
                              ../bsp//libucosii_bsp.a(alt_load.o) (alt_dcache_flush_all)
../bsp//libucosii_bsp.a(alt_dev.o)
                              ../bsp//libucosii_bsp.a(alt_sys_init.o) (alt_dev_list)
../bsp//libucosii_bsp.a(alt_dev_llist_insert.o)
                              ../bsp//libucosii_bsp.a(alt_sys_init.o) (alt_dev_llist_insert)
../bsp//libucosii_bsp.a(alt_do_ctors.o)
                              ../bsp//libucosii_bsp.a(alt_main.o) (_do_ctors)
../bsp//libucosii_bsp.a(alt_do_dtors.o)
                              ../bsp//libucosii_bsp.a(alt_main.o) (_do_dtors)
../bsp//libucosii_bsp.a(alt_errno.o)
                              ../bsp//libucosii_bsp.a(alt_close.o) (alt_errno)
../bsp//libucosii_bsp.a(alt_find_dev.o)
                              ../bsp//libucosii_bsp.a(altera_up_avalon_character_lcd.o) (alt_find_dev)
../bsp//libucosii_bsp.a(alt_icache_flush_all.o)
                              ../bsp//libucosii_bsp.a(alt_load.o) (alt_icache_flush_all)
../bsp//libucosii_bsp.a(alt_iic.o)
                              ../bsp//libucosii_bsp.a(altera_avalon_jtag_uart_init.o) (alt_ic_isr_register)
../bsp//libucosii_bsp.a(alt_iic_isr_register.o)
                              ../bsp//libucosii_bsp.a(alt_iic.o) (alt_iic_isr_register)
../bsp//libucosii_bsp.a(alt_io_redirect.o)
                              ../bsp//libucosii_bsp.a(alt_main.o) (alt_io_redirect)
../bsp//libucosii_bsp.a(alt_irq_entry.o)
                              ../bsp//libucosii_bsp.a(alt_iic_isr_register.o) (alt_irq_entry)
../bsp//libucosii_bsp.a(alt_irq_handler.o)
                              ../bsp//libucosii_bsp.a(alt_iic_isr_register.o) (alt_irq_handler)
../bsp//libucosii_bsp.a(alt_irq_vars.o)
[...]
Memory Configuration

Name             Origin             Length             Attributes
onchip_memory    0x00000000         0x00006400
sram             0x00100000         0x00080000
reset            0x01000000         0x00000020
sdram            0x01000020         0x007fffe0
*default*        0x00000000         0xffffffff

Linker script and memory map

LOAD ../bsp//obj/HAL/src/crt0.o
LOAD obj/default/pio_test.o
LOAD /opt/altera/13.0sp1/nios2eds/bin/gnu/H-i686-pc-linux-gnu/bin/../lib/gcc/nios2-elf/4.1.2/../../../../nios2-elf/lib/mno-hw-mul/libstdc++.a
LOAD /opt/altera/13.0sp1/nios2eds/bin/gnu/H-i686-pc-linux-gnu/bin/../lib/gcc/nios2-elf/4.1.2/../../../../nios2-elf/lib/mno-hw-mul/libm.a
LOAD /opt/altera/13.0sp1/nios2eds/bin/gnu/H-i686-pc-linux-gnu/bin/../lib/gcc/nios2-elf/4.1.2/mno-hw-mul/libgcc.a
START GROUP
LOAD /opt/altera/13.0sp1/nios2eds/bin/gnu/H-i686-pc-linux-gnu/bin/../lib/gcc/nios2-elf/4.1.2/../../../../nios2-elf/lib/mno-hw-mul/libc.a
LOAD /opt/altera/13.0sp1/nios2eds/bin/gnu/H-i686-pc-linux-gnu/bin/../lib/gcc/nios2-elf/4.1.2/mno-hw-mul/libgcc.a
LOAD ../bsp//libucosii_bsp.a
END GROUP
LOAD /opt/altera/13.0sp1/nios2eds/bin/gnu/H-i686-pc-linux-gnu/bin/../lib/gcc/nios2-elf/4.1.2/mno-hw-mul/libgcc.a
                0x00000000                __alt_mem_onchip_memory = 0x0
                0x00100000                __alt_mem_sram = 0x100000
                0x01000000                __alt_mem_sdram = 0x1000000

.entry          0x01000000       0x20
 *(.entry)
 .entry         0x01000000       0x20 ../bsp//obj/HAL/src/crt0.o
                0x01000000                __reset

.exceptions     0x01000020      0x124 load address 0x00100000
                0x01000020                PROVIDE (__ram_exceptions_start, ABSOLUTE (.))
                0x01000020                . = ALIGN (0x20)
 *(.irq)
 *(.exceptions.entry.label)
 .exceptions.entry.label
                0x01000020        0x0 ../bsp//libucosii_bsp.a(alt_irq_entry.o)
                0x01000020                alt_irq_entry
 .exceptions.entry.label
                0x01000020        0x0 ../bsp//libucosii_bsp.a(alt_exception_entry.o)
                0x01000020                alt_exception
 *(.exceptions.entry.user)
 *(.exceptions.entry)
 .exceptions.entry
                0x01000020       0x54 ../bsp//libucosii_bsp.a(alt_exception_entry.o)
 *(.exceptions.irqtest.user)
 *(.exceptions.irqtest)
 .exceptions.irqtest
                0x01000074       0x10 ../bsp//libucosii_bsp.a(alt_irq_entry.o)
 *(.exceptions.irqhandler.user)
 *(.exceptions.irqhandler)
 .exceptions.irqhandler
                0x01000084        0x4 ../bsp//libucosii_bsp.a(alt_irq_entry.o)
 *(.exceptions.irqreturn.user)
 *(.exceptions.irqreturn)
 .exceptions.irqreturn
                0x01000088        0x4 ../bsp//libucosii_bsp.a(alt_irq_entry.o)
 *(.exceptions.notirq.label)
 .exceptions.notirq.label
                0x0100008c        0x0 ../bsp//libucosii_bsp.a(alt_irq_entry.o)
 *(.exceptions.notirq.user)
 *(.exceptions.notirq)
 .exceptions.notirq
                0x0100008c        0x8 ../bsp//libucosii_bsp.a(alt_exception_entry.o)
 *(.exceptions.soft.user)
 *(.exceptions.soft)
 *(.exceptions.unknown.user)
 *(.exceptions.unknown)
 .exceptions.unknown
                0x01000094        0x4 ../bsp//libucosii_bsp.a(alt_exception_entry.o)
 *(.exceptions.exit.label)
 .exceptions.exit.label
                0x01000098        0x0 ../bsp//libucosii_bsp.a(alt_irq_entry.o)
 .exceptions.exit.label
                0x01000098        0x0 ../bsp//libucosii_bsp.a(alt_exception_entry.o)
 *(.exceptions.exit.user)
 *(.exceptions.exit)
 .exceptions.exit
                0x01000098       0x54 ../bsp//libucosii_bsp.a(alt_exception_entry.o)
 *(.exceptions)
 .exceptions    0x010000ec       0x58 ../bsp//libucosii_bsp.a(alt_irq_handler.o)
                0x010000ec                alt_irq_handler
                0x01000144                PROVIDE (__ram_exceptions_end, ABSOLUTE (.))
                0x00100000                PROVIDE (__flash_exceptions_start, LOADADDR (.exceptions))

.text           0x00100124     0x8604
                0x00100124                PROVIDE (stext, ABSOLUTE (.))
 *(.interp)
 *(.hash)
 *(.dynsym)
 *(.dynstr)
 *(.gnu.version)
 *(.gnu.version_d)
 *(.gnu.version_r)
 *(.rel.init)
 *(.rela.init)
 *(.rel.text .rel.text.* .rel.gnu.linkonce.t.*)
 *(.rela.text .rela.text.* .rela.gnu.linkonce.t.*)
 *(.rel.fini)
 *(.rela.fini)
 *(.rel.rodata .rel.rodata.* .rel.gnu.linkonce.r.*)
 *(.rela.rodata .rela.rodata.* .rela.gnu.linkonce.r.*)
 *(.rel.data .rel.data.* .rel.gnu.linkonce.d.*)
 *(.rela.data .rela.data.* .rela.gnu.linkonce.d.*)
 *(.rel.tdata .rel.tdata.* .rel.gnu.linkonce.td.*)
 *(.rela.tdata .rela.tdata.* .rela.gnu.linkonce.td.*)
 *(.rel.tbss .rel.tbss.* .rel.gnu.linkonce.tb.*)
 *(.rela.tbss .rela.tbss.* .rela.gnu.linkonce.tb.*)
 *(.rel.ctors)
 *(.rela.ctors)
 *(.rel.dtors)
 *(.rela.dtors)
 *(.rel.got)
 *(.rela.got)
 *(.rel.sdata .rel.sdata.* .rel.gnu.linkonce.s.*)
 *(.rela.sdata .rela.sdata.* .rela.gnu.linkonce.s.*)
 *(.rel.sbss .rel.sbss.* .rel.gnu.linkonce.sb.*)
 *(.rela.sbss .rela.sbss.* .rela.gnu.linkonce.sb.*)
 *(.rel.sdata2 .rel.sdata2.* .rel.gnu.linkonce.s2.*)
 *(.rela.sdata2 .rela.sdata2.* .rela.gnu.linkonce.s2.*)
 *(.rel.sbss2 .rel.sbss2.* .rel.gnu.linkonce.sb2.*)
 *(.rela.sbss2 .rela.sbss2.* .rela.gnu.linkonce.sb2.*)
 *(.rel.bss .rel.bss.* .rel.gnu.linkonce.b.*)
 *(.rela.bss .rela.bss.* .rela.gnu.linkonce.b.*)
 *(.rel.plt)
 *(.rela.plt)
 *(.rel.dyn)
 *(.init)
 *(.plt)
 *(.text .stub .text.* .gnu.linkonce.t.*)
 .text          0x00100124       0x3c ../bsp//obj/HAL/src/crt0.o
                0x00100124                _start
 .text          0x00100160       0xa8 obj/default/pio_test.o
                0x00100160                main
 .text          0x00100208       0x8c ../bsp//libucosii_bsp.a(alt_load.o)
                0x00100228                alt_load
 .text          0x00100294       0xa8 ../bsp//libucosii_bsp.a(alt_main.o)
                0x00100294                alt_main
 .text          0x0010033c       0xa8 ../bsp//libucosii_bsp.a(alt_env_lock.o)
                0x0010033c                __env_unlock
                0x00100364                __env_lock
 .text          0x001003e4      0x110 ../bsp//libucosii_bsp.a(alt_malloc_lock.o)
                0x001003e4                __malloc_unlock
                0x00100440                __malloc_lock
 .text          0x001004f4     0x1118 ../bsp//libucosii_bsp.a(os_core.o)
                0x001004f4                OSVersion
                0x001004fc                OS_Dummy
                0x00100500                OS_EventTaskWait
                0x00100584                OS_EventTaskWaitMulti
                0x00100624                OS_EventTaskRemove
                0x00100670                OS_EventTaskRemoveMulti
                0x001006cc                OS_EventTaskRdy
                0x001007c0                OS_EventWaitListInit
                0x001007dc                OS_MemClr
                0x001007f8                OS_MemCopy
                0x0010081c                OS_StrCopy
                0x00100848                OS_StrLen
                0x00100868                OS_TaskStatStkChk
                0x001008ec                OS_Sched
                0x001009a4                OSStart
                0x00100a10                OSInit
                0x00100bf0                OSEventNameGet
                0x00100ca8                OSEventPendMulti
                0x00101000                OSIntEnter
                0x0010103c                OSSchedLock
                0x00101080                OSSchedUnlock
                0x001010d4                OSStatInit
                0x00101138                OSTimeTick
                0x00101244                OS_TaskIdle
                0x00101274                OS_TaskStat
                0x001012f8                OS_TCBInit
                0x0010147c                OSIntExit
                0x00101550                OSEventNameSet
 .text          0x0010160c        0x4 ../bsp//libucosii_bsp.a(os_dbg.o)
                0x0010160c                OSDebugInit
 .text          0x00101610      0xc5c ../bsp//libucosii_bsp.a(os_flag.o)
                0x001016c8                OS_FlagUnlink
                0x00101794                OS_FlagInit
                0x00101804                OSFlagQuery
                0x00101860                OSFlagAccept
                0x001019d0                OSFlagCreate
                0x00101a58                OSFlagDel
                0x00101bb8                OSFlagNameGet
                0x00101c78                OSFlagNameSet
                0x00101d4c                OSFlagPend
                0x0010204c                OSFlagPendGetFlagsRdy
                0x00102078                OSFlagPost
 .text          0x0010226c      0x3b8 ../bsp//libucosii_bsp.a(os_mem.o)
                0x0010226c                OS_MemInit
                0x001022d4                OSMemQuery
                0x00102338                OSMemCreate
                0x00102408                OSMemGet
                0x00102474                OSMemNameGet
                0x00102510                OSMemNameSet
                0x001025cc                OSMemPut
 .text          0x00102624      0x9c4 ../bsp//libucosii_bsp.a(os_q.o)
                0x00102624                OS_QInit
                0x00102674                OSQQuery
                0x0010270c                OSQAccept
                0x001027a8                OSQCreate
                0x001028a8                OSQDel
                0x00102a2c                OSQFlush
                0x00102a7c                OSQPend
                0x00102c3c                OSQPendAbort
                0x00102d24                OSQPost
                0x00102de0                OSQPostFront
                0x00102ea4                OSQPostOpt
 .text          0x00102fe8      0x5e0 ../bsp//libucosii_bsp.a(os_sem.o)
                0x00102fe8                OSSemSet
                0x0010304c                OSSemAccept
                0x00103090                OSSemCreate
                0x0010311c                OSSemDel
                0x00103270                OSSemPend
                0x001033d8                OSSemPendAbort
                0x001034c4                OSSemPost
                0x00103560                OSSemQuery
 .text          0x001035c8      0xe74 ../bsp//libucosii_bsp.a(os_task.o)
                0x001035c8                OS_TaskStkClr
                0x001035f8                OSTaskQuery
                0x001036c0                OSTaskChangePrio
                0x0010395c                OSTaskCreate
                0x00103a68                OSTaskCreateExt
                0x00103be0                OSTaskDel
                0x00103e2c                OSTaskDelReq
                0x00103ee0                OSTaskNameGet
                0x00103fe8                OSTaskNameSet
                0x00104104                OSTaskResume
                0x00104208                OSTaskStkChk
                0x001042f8                OSTaskSuspend
 .text          0x0010443c      0x378 ../bsp//libucosii_bsp.a(os_time.o)
                0x0010443c                OSTimeSet
                0x00104460                OSTimeDly
                0x001044f8                OSTimeDlyHMSM
                0x00104698                OSTimeDlyResume
                0x00104790                OSTimeGet
 .text          0x001047b4      0xb94 ../bsp//libucosii_bsp.a(os_tmr.o)
                0x00104920                OSTmr_Init
                0x00104b7c                OSTmrStop
                0x00104cd8                OSTmrStart
                0x00104ddc                OSTmrStateGet
                0x00104e84                OSTmrRemainGet
                0x00104f9c                OSTmrDel
                0x00105098                OSTmrSignal
                0x001050c0                OSTmrNameGet
                0x001051ac                OSTmrCreate
 .text          0x00105348       0xc0 ../bsp//libucosii_bsp.a(alt_sys_init.o)
                0x00105354                alt_sys_init
                0x001053e8                alt_irq_init
 .text          0x00105408       0x3c ../bsp//libucosii_bsp.a(altera_avalon_jtag_uart_fd.o)
                0x00105408                altera_avalon_jtag_uart_ioctl_fd
                0x00105414                altera_avalon_jtag_uart_close_fd
                0x00105424                altera_avalon_jtag_uart_write_fd
                0x00105434                altera_avalon_jtag_uart_read_fd
 .text          0x00105444      0x2f4 ../bsp//libucosii_bsp.a(altera_avalon_jtag_uart_init.o)
                0x00105444                altera_avalon_jtag_uart_close
                0x00105504                altera_avalon_jtag_uart_init
 .text          0x00105738       0x7c ../bsp//libucosii_bsp.a(altera_avalon_jtag_uart_ioctl.o)
                0x00105738                altera_avalon_jtag_uart_ioctl
 .text          0x001057b4      0x1ac ../bsp//libucosii_bsp.a(altera_avalon_jtag_uart_read.o)
                0x001057b4                altera_avalon_jtag_uart_read
 .text          0x00105960      0x1b8 ../bsp//libucosii_bsp.a(altera_avalon_jtag_uart_write.o)
                0x00105960                altera_avalon_jtag_uart_write
 .text          0x00105b18       0x8c ../bsp//libucosii_bsp.a(altera_avalon_timer_sc.o)
                0x00105b18                alt_avalon_timer_sc_init
 .text          0x00105ba4        0x0 ../bsp//libucosii_bsp.a(altera_avalon_timer_vars.o)
 .text          0x00105ba4      0x250 ../bsp//libucosii_bsp.a(altera_up_avalon_character_lcd.o)
                0x00105ba4                get_DDRAM_addr
                0x00105bbc                alt_up_character_lcd_string
                0x00105bd8                alt_up_character_lcd_write
                0x00105bfc                alt_up_character_lcd_write_fd
                0x00105c1c                alt_up_character_lcd_init
                0x00105c2c                alt_up_character_lcd_send_cmd
                0x00105c3c                alt_up_character_lcd_cursor_blink_on
                0x00105c44                alt_up_character_lcd_cursor_off
                0x00105c4c                alt_up_character_lcd_erase_pos
                0x00105cb0                alt_up_character_lcd_shift_display
                0x00105d20                alt_up_character_lcd_shift_cursor
                0x00105d90                alt_up_character_lcd_set_cursor_pos
                0x00105de8                alt_up_character_lcd_open_dev
 .text          0x00105df4       0x90 ../bsp//libucosii_bsp.a(alt_alarm_start.o)
                0x00105df4                alt_alarm_start
 .text          0x00105e84       0xbc ../bsp//libucosii_bsp.a(alt_close.o)
                0x00105ea4                close
 .text          0x00105f40        0x4 ../bsp//libucosii_bsp.a(alt_dcache_flush_all.o)
                0x00105f40                alt_dcache_flush_all
 .text          0x00105f44        0x8 ../bsp//libucosii_bsp.a(alt_dev.o)
 .text          0x00105f4c       0x70 ../bsp//libucosii_bsp.a(alt_dev_llist_insert.o)
                0x00105f4c                alt_dev_llist_insert
 .text          0x00105fbc       0x40 ../bsp//libucosii_bsp.a(alt_do_ctors.o)
                0x00105fbc                _do_ctors
 .text          0x00105ffc       0x40 ../bsp//libucosii_bsp.a(alt_do_dtors.o)
                0x00105ffc                _do_dtors
 .text          0x0010603c        0x0 ../bsp//libucosii_bsp.a(alt_errno.o)
 .text          0x0010603c       0x70 ../bsp//libucosii_bsp.a(alt_find_dev.o)
                0x0010603c                alt_find_dev
 .text          0x001060ac        0x4 ../bsp//libucosii_bsp.a(alt_icache_flush_all.o)
                0x001060ac                alt_icache_flush_all
 .text          0x001060b0       0x9c ../bsp//libucosii_bsp.a(alt_iic.o)
                0x001060b0                alt_ic_irq_enabled
                0x001060c8                alt_ic_irq_enable
                0x00106108                alt_ic_irq_disable
                0x00106148                alt_ic_isr_register
 .text          0x0010614c       0x6c ../bsp//libucosii_bsp.a(alt_iic_isr_register.o)
                0x0010614c                alt_iic_isr_register
 .text          0x001061b8      0x114 ../bsp//libucosii_bsp.a(alt_io_redirect.o)
                0x00106240                alt_io_redirect
 .text          0x001062cc        0x0 ../bsp//libucosii_bsp.a(alt_irq_entry.o)
 .text          0x001062cc        0x0 ../bsp//libucosii_bsp.a(alt_irq_handler.o)
 .text          0x001062cc        0x0 ../bsp//libucosii_bsp.a(alt_irq_vars.o)
 .text          0x001062cc      0x17c ../bsp//libucosii_bsp.a(alt_open.o)
                0x001062cc                open
 .text          0x00106448       0x5c ../bsp//libucosii_bsp.a(alt_release_fd.o)
                0x00106448                alt_release_fd
 .text          0x001064a4       0xe0 ../bsp//libucosii_bsp.a(alt_tick.o)
                0x001064a4                alt_alarm_stop
                0x001064d8                alt_tick
 .text          0x00106584        0x8 ../bsp//libucosii_bsp.a(altera_nios2_qsys_irq.o)
                0x00106584                altera_nios2_qsys_irq_init
 .text          0x0010658c       0xd0 ../bsp//libucosii_bsp.a(os_cpu_a.o)
                0x0010658c                OSCtxSw
                0x0010658c                OSIntCtxSw
                0x00106618                OSStartHighRdy
                0x00106638                OSStartTsk
 .text          0x0010665c      0x228 ../bsp//libucosii_bsp.a(os_cpu_c.o)
                0x0010665c                OSTaskCreateHook
                0x00106660                OSTaskDelHook
                0x00106664                OSTaskSwHook
                0x00106668                OSTaskStatHook
                0x0010666c                OSInitHookBegin
                0x00106674                OSInitHookEnd
                0x00106678                OSTaskIdleHook
                0x0010667c                OSTCBInitHook
                0x00106680                OSTimeTickHook
                0x001066d8                OSTaskStkInit
 .text          0x00106884        0x0 ../bsp//libucosii_bsp.a(alt_exception_entry.o)
 .text          0x00106884       0x9c ../bsp//libucosii_bsp.a(alt_find_file.o)
                0x00106884                alt_find_file
 .text          0x00106920       0xa4 ../bsp//libucosii_bsp.a(alt_get_fd.o)
                0x00106920                alt_get_fd
 .text          0x001069c4       0x14 /opt/altera/13.0sp1/nios2eds/bin/gnu/H-i686-pc-linux-gnu/bin/../lib/gcc/nios2-elf/4.1.2/../../../../nios2-elf/lib/mno-hw-mul/libc.a(lib_a-atexit.o)
                0x001069c4                atexit
 .text          0x001069d8       0x38 /opt/altera/13.0sp1/nios2eds/bin/gnu/H-i686-pc-linux-gnu/bin/../lib/gcc/nios2-elf/4.1.2/../../../../nios2-elf/lib/mno-hw-mul/libc.a(lib_a-exit.o)
                0x001069d8                exit
 .text          0x00106a10        0x0 /opt/altera/13.0sp1/nios2eds/bin/gnu/H-i686-pc-linux-gnu/bin/../lib/gcc/nios2-elf/4.1.2/../../../../nios2-elf/lib/mno-hw-mul/libc.a(lib_a-impure.o)
 .text          0x00106a10        0x0 /opt/altera/13.0sp1/nios2eds/bin/gnu/H-i686-pc-linux-gnu/bin/../lib/gcc/nios2-elf/4.1.2/../../../../nios2-elf/lib/mno-hw-mul/libc.a(lib_a-int_errno.o)
 .text          0x00106a10       0x74 /opt/altera/13.0sp1/nios2eds/bin/gnu/H-i686-pc-linux-gnu/bin/../lib/gcc/nios2-elf/4.1.2/../../../../nios2-elf/lib/mno-hw-mul/libc.a(lib_a-memcmp.o)
                0x00106a10                memcmp
 .text          0x00106a84       0xa0 /opt/altera/13.0sp1/nios2eds/bin/gnu/H-i686-pc-linux-gnu/bin/../lib/gcc/nios2-elf/4.1.2/../../../../nios2-elf/lib/mno-hw-mul/libc.a(lib_a-memcpy.o)
                0x00106a84                memcpy
 .text          0x00106b24       0x98 /opt/altera/13.0sp1/nios2eds/bin/gnu/H-i686-pc-linux-gnu/bin/../lib/gcc/nios2-elf/4.1.2/../../../../nios2-elf/lib/mno-hw-mul/libc.a(lib_a-memset.o)
                0x00106b24                memset
 .text          0x00106bbc       0x74 /opt/altera/13.0sp1/nios2eds/bin/gnu/H-i686-pc-linux-gnu/bin/../lib/gcc/nios2-elf/4.1.2/../../../../nios2-elf/lib/mno-hw-mul/libc.a(lib_a-strlen.o)
                0x00106bbc                strlen
 .text          0x00106c30      0x134 /opt/altera/13.0sp1/nios2eds/bin/gnu/H-i686-pc-linux-gnu/bin/../lib/gcc/nios2-elf/4.1.2/../../../../nios2-elf/lib/mno-hw-mul/libc.a(lib_a-__atexit.o)
                0x00106c30                __register_exitproc
 .text          0x00106d64      0x1b4 /opt/altera/13.0sp1/nios2eds/bin/gnu/H-i686-pc-linux-gnu/bin/../lib/gcc/nios2-elf/4.1.2/../../../../nios2-elf/lib/mno-hw-mul/libc.a(lib_a-__call_atexit.o)
                0x00106d68                __call_exitprocs
 .text          0x00106f18       0xa4 /opt/altera/13.0sp1/nios2eds/bin/gnu/H-i686-pc-linux-gnu/bin/../lib/gcc/nios2-elf/4.1.2/mno-hw-mul/libgcc.a(_fixunsdfsi.o)
                0x00106f18                __fixunsdfsi
 .text          0x00106fbc      0x504 /opt/altera/13.0sp1/nios2eds/bin/gnu/H-i686-pc-linux-gnu/bin/../lib/gcc/nios2-elf/4.1.2/mno-hw-mul/libgcc.a(_addsub_df.o)
                0x001073cc                __subdf3
                0x0010744c                __adddf3
 .text          0x001074c0      0x3c4 /opt/altera/13.0sp1/nios2eds/bin/gnu/H-i686-pc-linux-gnu/bin/../lib/gcc/nios2-elf/4.1.2/mno-hw-mul/libgcc.a(_mul_df.o)
                0x001074c0                __muldf3
 .text          0x00107884      0x258 /opt/altera/13.0sp1/nios2eds/bin/gnu/H-i686-pc-linux-gnu/bin/../lib/gcc/nios2-elf/4.1.2/mno-hw-mul/libgcc.a(_div_df.o)
                0x00107884                __divdf3
 .text          0x00107adc       0x88 /opt/altera/13.0sp1/nios2eds/bin/gnu/H-i686-pc-linux-gnu/bin/../lib/gcc/nios2-elf/4.1.2/mno-hw-mul/libgcc.a(_ge_df.o)
                0x00107adc                __gedf2
 .text          0x00107b64       0xf8 /opt/altera/13.0sp1/nios2eds/bin/gnu/H-i686-pc-linux-gnu/bin/../lib/gcc/nios2-elf/4.1.2/mno-hw-mul/libgcc.a(_si_to_df.o)
                0x00107b64                __floatsidf
 .text          0x00107c5c       0xd8 /opt/altera/13.0sp1/nios2eds/bin/gnu/H-i686-pc-linux-gnu/bin/../lib/gcc/nios2-elf/4.1.2/mno-hw-mul/libgcc.a(_df_to_si.o)
                0x00107c5c                __fixdfsi
 .text          0x00107d34        0x0 /opt/altera/13.0sp1/nios2eds/bin/gnu/H-i686-pc-linux-gnu/bin/../lib/gcc/nios2-elf/4.1.2/mno-hw-mul/libgcc.a(_thenan_df.o)
 .text          0x00107d34      0x194 /opt/altera/13.0sp1/nios2eds/bin/gnu/H-i686-pc-linux-gnu/bin/../lib/gcc/nios2-elf/4.1.2/mno-hw-mul/libgcc.a(_usi_to_df.o)
                0x00107d34                __floatunsidf
 .text          0x00107ec8      0x14c /opt/altera/13.0sp1/nios2eds/bin/gnu/H-i686-pc-linux-gnu/bin/../lib/gcc/nios2-elf/4.1.2/mno-hw-mul/libgcc.a(lib2-divmod.o)
                0x00107f44                __divsi3
                0x00107fa4                __modsi3
                0x00108004                __udivsi3
                0x0010800c                __umodsi3
 .text          0x00108014       0x38 /opt/altera/13.0sp1/nios2eds/bin/gnu/H-i686-pc-linux-gnu/bin/../lib/gcc/nios2-elf/4.1.2/mno-hw-mul/libgcc.a(lib2-mul.o)
                0x00108014                __mulsi3
 .text          0x0010804c      0x124 /opt/altera/13.0sp1/nios2eds/bin/gnu/H-i686-pc-linux-gnu/bin/../lib/gcc/nios2-elf/4.1.2/mno-hw-mul/libgcc.a(_muldi3.o)
                0x0010804c                __muldi3
 .text          0x00108170       0x80 /opt/altera/13.0sp1/nios2eds/bin/gnu/H-i686-pc-linux-gnu/bin/../lib/gcc/nios2-elf/4.1.2/mno-hw-mul/libgcc.a(_clzsi2.o)
                0x00108170                __clzsi2
 .text          0x001081f0      0x314 /opt/altera/13.0sp1/nios2eds/bin/gnu/H-i686-pc-linux-gnu/bin/../lib/gcc/nios2-elf/4.1.2/mno-hw-mul/libgcc.a(_pack_df.o)
                0x001081f0                __pack_d
 .text          0x00108504      0x138 /opt/altera/13.0sp1/nios2eds/bin/gnu/H-i686-pc-linux-gnu/bin/../lib/gcc/nios2-elf/4.1.2/mno-hw-mul/libgcc.a(_unpack_df.o)
                0x00108504                __unpack_d
 .text          0x0010863c       0xc8 /opt/altera/13.0sp1/nios2eds/bin/gnu/H-i686-pc-linux-gnu/bin/../lib/gcc/nios2-elf/4.1.2/mno-hw-mul/libgcc.a(_fpcmp_parts_df.o)
                0x0010863c                __fpcmp_parts_d
 .text          0x00108704        0x0 /opt/altera/13.0sp1/nios2eds/bin/gnu/H-i686-pc-linux-gnu/bin/../lib/gcc/nios2-elf/4.1.2/mno-hw-mul/libgcc.a(_clz.o)
 .text          0x00108704       0x20 ../bsp//libucosii_bsp.a(alt_exit.o)
                0x00108704                _exit
 *(.gnu.warning.*)
 *(.fini)
                0x00108724                PROVIDE (__etext, ABSOLUTE (.))
                0x00108724                PROVIDE (_etext, ABSOLUTE (.))
                0x00108724                PROVIDE (etext, ABSOLUTE (.))
 *(.eh_frame_hdr)
                0x00108724                . = ALIGN (0x4)
                0x00108724                PROVIDE (__preinit_array_start, ABSOLUTE (.))
 *(.preinit_array)
                0x00108724                PROVIDE (__preinit_array_end, ABSOLUTE (.))
                0x00108724                PROVIDE (__init_array_start, ABSOLUTE (.))
 *(.init_array)
                0x00108724                PROVIDE (__init_array_end, ABSOLUTE (.))
                0x00108724                PROVIDE (__fini_array_start, ABSOLUTE (.))
 *(.fini_array)
                0x00108724                PROVIDE (__fini_array_end, ABSOLUTE (.))
 *(.eh_frame)
 *(.gcc_except_table)
 *(.dynamic)
                0x00108724                PROVIDE (__CTOR_LIST__, ABSOLUTE (.))
 *(.ctors)
 *(SORT(.ctors.*))
 .ctors.65535   0x00108724        0x4 /opt/altera/13.0sp1/nios2eds/bin/gnu/H-i686-pc-linux-gnu/bin/../lib/gcc/nios2-elf/4.1.2/../../../../nios2-elf/lib/mno-hw-mul/libc.a(lib_a-__call_atexit.o)
                0x00108728                PROVIDE (__CTOR_END__, ABSOLUTE (.))
                0x00108728                PROVIDE (__DTOR_LIST__, ABSOLUTE (.))
 *(.dtors)
 *(SORT(.dtors.*))
                0x00108728                PROVIDE (__DTOR_END__, ABSOLUTE (.))
 *(.jcr)
                0x00108728                . = ALIGN (0x4)

.rodata         0x00108728      0x2a0
                0x00108728                PROVIDE (__ram_rodata_start, ABSOLUTE (.))
                0x00108728                . = ALIGN (0x4)
 *(.rodata .rodata.* .gnu.linkonce.r.*)
 .rodata.str1.4
                0x00108728       0x11 ../bsp//libucosii_bsp.a(alt_main.o)
                                 0x14 (size before relaxing)
 *fill*         0x00108739        0x3 00
 .rodata.str1.4
                0x0010873c       0x1e ../bsp//libucosii_bsp.a(os_core.o)
                                 0x20 (size before relaxing)
 .rodata        0x0010875a      0x100 ../bsp//libucosii_bsp.a(os_core.o)
                0x0010875a                OSUnMapTbl
 *fill*         0x0010885a        0x2 00
 .rodata.str1.4
                0x0010885c       0x35 ../bsp//libucosii_bsp.a(os_tmr.o)
                                 0x38 (size before relaxing)
 *fill*         0x00108891        0x3 00
 .rodata.str1.4
                0x00108894        0xd ../bsp//libucosii_bsp.a(alt_sys_init.o)
                                 0x24 (size before relaxing)
 *fill*         0x001088a1        0x3 00
 .rodata.str1.4
                0x001088a4        0xa ../bsp//libucosii_bsp.a(alt_dev.o)
                                  0xc (size before relaxing)
 *fill*         0x001088ae        0x2 00
 .rodata.str1.4
                0x001088b0        0x4 ../bsp//libucosii_bsp.a(os_cpu_c.o)
 .rodata.str1.4
                0x00000000        0x4 /opt/altera/13.0sp1/nios2eds/bin/gnu/H-i686-pc-linux-gnu/bin/../lib/gcc/nios2-elf/4.1.2/../../../../nios2-elf/lib/mno-hw-mul/libc.a(lib_a-impure.o)
 .rodata        0x001088b4       0x14 /opt/altera/13.0sp1/nios2eds/bin/gnu/H-i686-pc-linux-gnu/bin/../lib/gcc/nios2-elf/4.1.2/mno-hw-mul/libgcc.a(_thenan_df.o)
                0x001088b4                __thenan_df
 .rodata        0x001088c8      0x100 /opt/altera/13.0sp1/nios2eds/bin/gnu/H-i686-pc-linux-gnu/bin/../lib/gcc/nios2-elf/4.1.2/mno-hw-mul/libgcc.a(_clz.o)
                0x001088c8                __clz_tab
 *(.rodata1)
                0x001089c8                . = ALIGN (0x4)
                0x001089c8                PROVIDE (__ram_rodata_end, ABSOLUTE (.))
                0x00108728                PROVIDE (__flash_rodata_start, LOADADDR (.rodata))

.rwdata         0x001089c8     0x16e8 load address 0x0010a0b0
                0x001089c8                PROVIDE (__ram_rwdata_start, ABSOLUTE (.))
                0x001089c8                . = ALIGN (0x4)
 *(.got.plt)
 *(.got)
 *(.data1)
 *(.data .data.* .gnu.linkonce.d.*)
 .data          0x001089c8        0x0 ../bsp//obj/HAL/src/crt0.o
 .data          0x001089c8        0x0 obj/default/pio_test.o
 .data          0x001089c8        0x0 ../bsp//libucosii_bsp.a(alt_load.o)
 .data          0x001089c8        0x0 ../bsp//libucosii_bsp.a(alt_main.o)
 .data          0x001089c8        0x0 ../bsp//libucosii_bsp.a(alt_env_lock.o)
 .data          0x001089c8        0x0 ../bsp//libucosii_bsp.a(alt_malloc_lock.o)
 .data          0x001089c8        0x0 ../bsp//libucosii_bsp.a(os_core.o)
 .data          0x001089c8        0x0 ../bsp//libucosii_bsp.a(os_dbg.o)
 .data          0x001089c8        0x0 ../bsp//libucosii_bsp.a(os_flag.o)
 .data          0x001089c8        0x0 ../bsp//libucosii_bsp.a(os_mem.o)
 .data          0x001089c8        0x0 ../bsp//libucosii_bsp.a(os_q.o)
 .data          0x001089c8        0x0 ../bsp//libucosii_bsp.a(os_sem.o)
 .data          0x001089c8        0x0 ../bsp//libucosii_bsp.a(os_task.o)
 .data          0x001089c8        0x0 ../bsp//libucosii_bsp.a(os_time.o)
 .data          0x001089c8        0x0 ../bsp//libucosii_bsp.a(os_tmr.o)
 .data          0x001089c8     0x1098 ../bsp//libucosii_bsp.a(alt_sys_init.o)
 .data          0x00109a60        0x0 ../bsp//libucosii_bsp.a(altera_avalon_jtag_uart_fd.o)
 .data          0x00109a60        0x0 ../bsp//libucosii_bsp.a(altera_avalon_jtag_uart_init.o)
 .data          0x00109a60        0x0 ../bsp//libucosii_bsp.a(altera_avalon_jtag_uart_ioctl.o)
 .data          0x00109a60        0x0 ../bsp//libucosii_bsp.a(altera_avalon_jtag_uart_read.o)
 .data          0x00109a60        0x0 ../bsp//libucosii_bsp.a(altera_avalon_jtag_uart_write.o)
 .data          0x00109a60        0x0 ../bsp//libucosii_bsp.a(altera_avalon_timer_sc.o)
 .data          0x00109a60        0x0 ../bsp//libucosii_bsp.a(altera_avalon_timer_vars.o)
 .data          0x00109a60        0x0 ../bsp//libucosii_bsp.a(altera_up_avalon_character_lcd.o)
 .data          0x00109a60        0x0 ../bsp//libucosii_bsp.a(alt_alarm_start.o)
 .data          0x00109a60        0x0 ../bsp//libucosii_bsp.a(alt_close.o)
 .data          0x00109a60        0x0 ../bsp//libucosii_bsp.a(alt_dcache_flush_all.o)
 .data          0x00109a60      0x1a8 ../bsp//libucosii_bsp.a(alt_dev.o)
                0x00109a60                alt_dev_null
                0x00109a88                alt_fd_list
 .data          0x00109c08        0x0 ../bsp//libucosii_bsp.a(alt_dev_llist_insert.o)
 .data          0x00109c08        0x0 ../bsp//libucosii_bsp.a(alt_do_ctors.o)
 .data          0x00109c08        0x0 ../bsp//libucosii_bsp.a(alt_do_dtors.o)
 .data          0x00109c08        0x0 ../bsp//libucosii_bsp.a(alt_errno.o)
 .data          0x00109c08        0x0 ../bsp//libucosii_bsp.a(alt_find_dev.o)
 .data          0x00109c08        0x0 ../bsp//libucosii_bsp.a(alt_icache_flush_all.o)
 .data          0x00109c08        0x0 ../bsp//libucosii_bsp.a(alt_iic.o)
 .data          0x00109c08        0x0 ../bsp//libucosii_bsp.a(alt_iic_isr_register.o)
 .data          0x00109c08        0x0 ../bsp//libucosii_bsp.a(alt_io_redirect.o)
 .data          0x00109c08        0x0 ../bsp//libucosii_bsp.a(alt_irq_entry.o)
 .data          0x00109c08        0x0 ../bsp//libucosii_bsp.a(alt_irq_handler.o)
 .data          0x00109c08        0x0 ../bsp//libucosii_bsp.a(alt_irq_vars.o)
 .data          0x00109c08        0x0 ../bsp//libucosii_bsp.a(alt_open.o)
 .data          0x00109c08        0x0 ../bsp//libucosii_bsp.a(alt_release_fd.o)
 .data          0x00109c08        0x0 ../bsp//libucosii_bsp.a(alt_tick.o)
 .data          0x00109c08        0x0 ../bsp//libucosii_bsp.a(altera_nios2_qsys_irq.o)
 .data          0x00109c08        0x0 ../bsp//libucosii_bsp.a(os_cpu_a.o)
 .data          0x00109c08        0x0 ../bsp//libucosii_bsp.a(os_cpu_c.o)
 .data          0x00109c08        0x0 ../bsp//libucosii_bsp.a(alt_exception_entry.o)
 .data          0x00109c08        0x0 ../bsp//libucosii_bsp.a(alt_find_file.o)
 .data          0x00109c08        0x0 ../bsp//libucosii_bsp.a(alt_get_fd.o)
 .data          0x00109c08        0x0 /opt/altera/13.0sp1/nios2eds/bin/gnu/H-i686-pc-linux-gnu/bin/../lib/gcc/nios2-elf/4.1.2/../../../../nios2-elf/lib/mno-hw-mul/libc.a(lib_a-atexit.o)
 .data          0x00109c08        0x0 /opt/altera/13.0sp1/nios2eds/bin/gnu/H-i686-pc-linux-gnu/bin/../lib/gcc/nios2-elf/4.1.2/../../../../nios2-elf/lib/mno-hw-mul/libc.a(lib_a-exit.o)
 .data          0x00109c08      0x400 /opt/altera/13.0sp1/nios2eds/bin/gnu/H-i686-pc-linux-gnu/bin/../lib/gcc/nios2-elf/4.1.2/../../../../nios2-elf/lib/mno-hw-mul/libc.a(lib_a-impure.o)
 .data          0x0010a008        0x0 /opt/altera/13.0sp1/nios2eds/bin/gnu/H-i686-pc-linux-gnu/bin/../lib/gcc/nios2-elf/4.1.2/../../../../nios2-elf/lib/mno-hw-mul/libc.a(lib_a-int_errno.o)
 .data          0x0010a008        0x0 /opt/altera/13.0sp1/nios2eds/bin/gnu/H-i686-pc-linux-gnu/bin/../lib/gcc/nios2-elf/4.1.2/../../../../nios2-elf/lib/mno-hw-mul/libc.a(lib_a-memcmp.o)
 .data          0x0010a008        0x0 /opt/altera/13.0sp1/nios2eds/bin/gnu/H-i686-pc-linux-gnu/bin/../lib/gcc/nios2-elf/4.1.2/../../../../nios2-elf/lib/mno-hw-mul/libc.a(lib_a-memcpy.o)
 .data          0x0010a008        0x0 /opt/altera/13.0sp1/nios2eds/bin/gnu/H-i686-pc-linux-gnu/bin/../lib/gcc/nios2-elf/4.1.2/../../../../nios2-elf/lib/mno-hw-mul/libc.a(lib_a-memset.o)
 .data          0x0010a008        0x0 /opt/altera/13.0sp1/nios2eds/bin/gnu/H-i686-pc-linux-gnu/bin/../lib/gcc/nios2-elf/4.1.2/../../../../nios2-elf/lib/mno-hw-mul/libc.a(lib_a-strlen.o)
 .data          0x0010a008        0x0 /opt/altera/13.0sp1/nios2eds/bin/gnu/H-i686-pc-linux-gnu/bin/../lib/gcc/nios2-elf/4.1.2/../../../../nios2-elf/lib/mno-hw-mul/libc.a(lib_a-__atexit.o)
 .data          0x0010a008        0x0 /opt/altera/13.0sp1/nios2eds/bin/gnu/H-i686-pc-linux-gnu/bin/../lib/gcc/nios2-elf/4.1.2/../../../../nios2-elf/lib/mno-hw-mul/libc.a(lib_a-__call_atexit.o)
 .data          0x0010a008        0x0 /opt/altera/13.0sp1/nios2eds/bin/gnu/H-i686-pc-linux-gnu/bin/../lib/gcc/nios2-elf/4.1.2/mno-hw-mul/libgcc.a(_fixunsdfsi.o)
 .data          0x0010a008        0x0 /opt/altera/13.0sp1/nios2eds/bin/gnu/H-i686-pc-linux-gnu/bin/../lib/gcc/nios2-elf/4.1.2/mno-hw-mul/libgcc.a(_addsub_df.o)
 .data          0x0010a008        0x0 /opt/altera/13.0sp1/nios2eds/bin/gnu/H-i686-pc-linux-gnu/bin/../lib/gcc/nios2-elf/4.1.2/mno-hw-mul/libgcc.a(_mul_df.o)
 .data          0x0010a008        0x0 /opt/altera/13.0sp1/nios2eds/bin/gnu/H-i686-pc-linux-gnu/bin/../lib/gcc/nios2-elf/4.1.2/mno-hw-mul/libgcc.a(_div_df.o)
 .data          0x0010a008        0x0 /opt/altera/13.0sp1/nios2eds/bin/gnu/H-i686-pc-linux-gnu/bin/../lib/gcc/nios2-elf/4.1.2/mno-hw-mul/libgcc.a(_ge_df.o)
 .data          0x0010a008        0x0 /opt/altera/13.0sp1/nios2eds/bin/gnu/H-i686-pc-linux-gnu/bin/../lib/gcc/nios2-elf/4.1.2/mno-hw-mul/libgcc.a(_si_to_df.o)
 .data          0x0010a008        0x0 /opt/altera/13.0sp1/nios2eds/bin/gnu/H-i686-pc-linux-gnu/bin/../lib/gcc/nios2-elf/4.1.2/mno-hw-mul/libgcc.a(_df_to_si.o)
 .data          0x0010a008        0x0 /opt/altera/13.0sp1/nios2eds/bin/gnu/H-i686-pc-linux-gnu/bin/../lib/gcc/nios2-elf/4.1.2/mno-hw-mul/libgcc.a(_thenan_df.o)
 .data          0x0010a008        0x0 /opt/altera/13.0sp1/nios2eds/bin/gnu/H-i686-pc-linux-gnu/bin/../lib/gcc/nios2-elf/4.1.2/mno-hw-mul/libgcc.a(_usi_to_df.o)
 .data          0x0010a008        0x0 /opt/altera/13.0sp1/nios2eds/bin/gnu/H-i686-pc-linux-gnu/bin/../lib/gcc/nios2-elf/4.1.2/mno-hw-mul/libgcc.a(lib2-divmod.o)
 .data          0x0010a008        0x0 /opt/altera/13.0sp1/nios2eds/bin/gnu/H-i686-pc-linux-gnu/bin/../lib/gcc/nios2-elf/4.1.2/mno-hw-mul/libgcc.a(lib2-mul.o)
 .data          0x0010a008        0x0 /opt/altera/13.0sp1/nios2eds/bin/gnu/H-i686-pc-linux-gnu/bin/../lib/gcc/nios2-elf/4.1.2/mno-hw-mul/libgcc.a(_muldi3.o)
 .data          0x0010a008        0x0 /opt/altera/13.0sp1/nios2eds/bin/gnu/H-i686-pc-linux-gnu/bin/../lib/gcc/nios2-elf/4.1.2/mno-hw-mul/libgcc.a(_clzsi2.o)
 .data          0x0010a008        0x0 /opt/altera/13.0sp1/nios2eds/bin/gnu/H-i686-pc-linux-gnu/bin/../lib/gcc/nios2-elf/4.1.2/mno-hw-mul/libgcc.a(_pack_df.o)
 .data          0x0010a008        0x0 /opt/altera/13.0sp1/nios2eds/bin/gnu/H-i686-pc-linux-gnu/bin/../lib/gcc/nios2-elf/4.1.2/mno-hw-mul/libgcc.a(_unpack_df.o)
 .data          0x0010a008        0x0 /opt/altera/13.0sp1/nios2eds/bin/gnu/H-i686-pc-linux-gnu/bin/../lib/gcc/nios2-elf/4.1.2/mno-hw-mul/libgcc.a(_fpcmp_parts_df.o)
 .data          0x0010a008        0x0 /opt/altera/13.0sp1/nios2eds/bin/gnu/H-i686-pc-linux-gnu/bin/../lib/gcc/nios2-elf/4.1.2/mno-hw-mul/libgcc.a(_clz.o)
 .data          0x0010a008        0x0 ../bsp//libucosii_bsp.a(alt_exit.o)
                0x00112008                _gp = ABSOLUTE ((. + 0x8000))
                0x00112008                PROVIDE (gp, _gp)
 *(.rwdata .rwdata.*)
 *(.sdata .sdata.* .gnu.linkonce.s.*)
 .sdata         0x0010a008        0x4 ../bsp//libucosii_bsp.a(alt_env_lock.o)
 .sdata         0x0010a00c        0x4 ../bsp//libucosii_bsp.a(alt_malloc_lock.o)
 .sdata         0x0010a010       0x74 ../bsp//libucosii_bsp.a(os_dbg.o)
                0x0010a010                OSDebugEn
                0x0010a014                OSEndiannessTest
                0x0010a018                OSEventEn
                0x0010a01a                OSEventMax
                0x0010a01c                OSEventNameSize
                0x0010a01e                OSEventSize
                0x0010a020                OSEventTblSize
                0x0010a022                OSEventMultiEn
                0x0010a024                OSFlagEn
                0x0010a026                OSFlagGrpSize
                0x0010a028                OSFlagNodeSize
                0x0010a02a                OSFlagWidth
                0x0010a02c                OSFlagMax
                0x0010a02e                OSFlagNameSize
                0x0010a030                OSLowestPrio
                0x0010a032                OSMboxEn
                0x0010a034                OSMemEn
                0x0010a036                OSMemMax
                0x0010a038                OSMemNameSize
                0x0010a03a                OSMemSize
                0x0010a03c                OSMemTblSize
                0x0010a03e                OSMutexEn
                0x0010a040                OSPtrSize
                0x0010a042                OSQEn
                0x0010a044                OSQMax
                0x0010a046                OSQSize
                0x0010a048                OSRdyTblSize
                0x0010a04a                OSSemEn
                0x0010a04c                OSStkWidth
                0x0010a04e                OSTaskCreateEn
                0x0010a050                OSTaskCreateExtEn
                0x0010a052                OSTaskDelEn
                0x0010a054                OSTaskIdleStkSize
                0x0010a056                OSTaskProfileEn
                0x0010a058                OSTaskMax
                0x0010a05a                OSTaskNameSize
                0x0010a05c                OSTaskStatEn
                0x0010a05e                OSTaskStatStkSize
                0x0010a060                OSTaskStatStkChkEn
                0x0010a062                OSTaskSwHookEn
                0x0010a064                OSTCBPrioTblMax
                0x0010a066                OSTCBSize
                0x0010a068                OSTicksPerSec
                0x0010a06a                OSTimeTickHookEn
                0x0010a06c                OSVersionNbr
                0x0010a06e                OSTmrEn
                0x0010a070                OSTmrCfgMax
                0x0010a072                OSTmrCfgNameSize
                0x0010a074                OSTmrCfgWheelSize
                0x0010a076                OSTmrCfgTicksPerSec
                0x0010a078                OSTmrSize
                0x0010a07a                OSTmrTblSize
                0x0010a07c                OSTmrWheelSize
                0x0010a07e                OSTmrWheelTblSize
                0x0010a080                OSDataSize
 .sdata         0x0010a084       0x14 ../bsp//libucosii_bsp.a(alt_dev.o)
                0x0010a084                alt_fs_list
                0x0010a08c                alt_dev_list
                0x0010a094                alt_max_fd
 .sdata         0x0010a098        0x4 ../bsp//libucosii_bsp.a(alt_errno.o)
                0x0010a098                alt_errno
 .sdata         0x0010a09c        0x4 ../bsp//libucosii_bsp.a(alt_irq_vars.o)
                0x0010a09c                alt_priority_mask
 .sdata         0x0010a0a0        0x8 ../bsp//libucosii_bsp.a(alt_tick.o)
                0x0010a0a0                alt_alarm_list
 .sdata         0x0010a0a8        0x8 /opt/altera/13.0sp1/nios2eds/bin/gnu/H-i686-pc-linux-gnu/bin/../lib/gcc/nios2-elf/4.1.2/../../../../nios2-elf/lib/mno-hw-mul/libc.a(lib_a-impure.o)
                0x0010a0a8                _impure_ptr
                0x0010a0ac                _global_impure_ptr
 *(.sdata2 .sdata2.* .gnu.linkonce.s2.*)
                0x0010a0b0                . = ALIGN (0x4)
                0x0010a0b0                _edata = ABSOLUTE (.)
                0x0010a0b0                PROVIDE (edata, ABSOLUTE (.))
                0x0010a0b0                PROVIDE (__ram_rwdata_end, ABSOLUTE (.))
                0x0010a0b0                PROVIDE (__flash_rwdata_start, LOADADDR (.rwdata))

.bss            0x0010b798     0x40a8
                0x0010b798                __bss_start = ABSOLUTE (.)
                0x0010b798                PROVIDE (__sbss_start, ABSOLUTE (.))
                0x0010b798                PROVIDE (___sbss_start, ABSOLUTE (.))
 *(.dynsbss)
 *(.sbss .sbss.* .gnu.linkonce.sb.*)
 .sbss          0x0010b798        0xc ../bsp//libucosii_bsp.a(alt_main.o)
                0x0010b798                alt_argc
                0x0010b79c                alt_argv
                0x0010b7a0                alt_envp
 .sbss          0x0010b7a4        0x4 ../bsp//libucosii_bsp.a(alt_env_lock.o)
 .sbss          0x0010b7a8        0x4 ../bsp//libucosii_bsp.a(alt_env_lock.o)
                0x0010b7a8                alt_envsem
 .sbss          0x0010b7ac        0x8 ../bsp//libucosii_bsp.a(alt_malloc_lock.o)
                0x0010b7b0                alt_heapsem
 .sbss          0x0010b7b4       0x68 ../bsp//libucosii_bsp.a(os_core.o)
                0x0010b7b4                OSTmrFreeList
                0x0010b7b8                OSLockNesting
                0x0010b7bc                OSTmrSemSignal
                0x0010b7c0                OSRunning
                0x0010b7c4                OSIdleCtr
                0x0010b7c8                OSTmrUsed
                0x0010b7ca                OSPrioHighRdy
                0x0010b7cb                OSPrioCur
                0x0010b7cc                OSTCBList
                0x0010b7d0                OSTickStepState
                0x0010b7d4                OSCtxSwCtr
                0x0010b7d8                OSTmrFree
                0x0010b7dc                OSIdleCtrMax
                0x0010b7e0                OSTCBFreeList
                0x0010b7e4                OSCPUUsage
                0x0010b7e5                OSTaskCtr
                0x0010b7e8                OSMemFreeList
                0x0010b7ec                OSTCBHighRdy
                0x0010b7f0                OSQFreeList
                0x0010b7f4                OSRdyGrp
                0x0010b7f5                OSRdyTbl
                0x0010b7f8                OSEventFreeList
                0x0010b7fc                OSIntNesting
                0x0010b800                OSTCBCur
                0x0010b804                OSTmrTime
                0x0010b808                OSTime
                0x0010b80c                OSTmrSem
                0x0010b810                OSFlagFreeList
                0x0010b814                OSStatRdy
                0x0010b818                OSIdleCtrRun
 .sbss          0x0010b81c        0x8 ../bsp//libucosii_bsp.a(altera_avalon_timer_vars.o)
                0x0010b81c                altera_avalon_timer_ts_base
                0x0010b820                altera_avalon_timer_ts_freq
 .sbss          0x0010b824        0x4 ../bsp//libucosii_bsp.a(alt_dev.o)
                0x0010b824                alt_fd_list_lock
 .sbss          0x0010b828        0x4 ../bsp//libucosii_bsp.a(alt_irq_vars.o)
                0x0010b828                alt_irq_active
 .sbss          0x0010b82c        0x8 ../bsp//libucosii_bsp.a(alt_tick.o)
                0x0010b82c                _alt_tick_rate
                0x0010b830                _alt_nticks
 .sbss          0x0010b834        0x2 ../bsp//libucosii_bsp.a(os_cpu_c.o)
 *fill*         0x0010b836        0x2 00
 .sbss          0x0010b838        0x4 /opt/altera/13.0sp1/nios2eds/bin/gnu/H-i686-pc-linux-gnu/bin/../lib/gcc/nios2-elf/4.1.2/../../../../nios2-elf/lib/mno-hw-mul/libc.a(lib_a-int_errno.o)
                0x0010b838                errno
 *(.sbss2 .sbss2.* .gnu.linkonce.sb2.*)
 *(.scommon)
                0x0010b83c                PROVIDE (__sbss_end, ABSOLUTE (.))
                0x0010b83c                PROVIDE (___sbss_end, ABSOLUTE (.))
 *(.dynbss)
 *(.bss .bss.* .gnu.linkonce.b.*)
 .bss           0x0010b83c        0x0 ../bsp//obj/HAL/src/crt0.o
 .bss           0x0010b83c        0x0 obj/default/pio_test.o
 .bss           0x0010b83c        0x0 ../bsp//libucosii_bsp.a(alt_load.o)
 .bss           0x0010b83c        0x0 ../bsp//libucosii_bsp.a(alt_main.o)
 .bss           0x0010b83c        0x0 ../bsp//libucosii_bsp.a(alt_env_lock.o)
 .bss           0x0010b83c        0x0 ../bsp//libucosii_bsp.a(alt_malloc_lock.o)
 .bss           0x0010b83c        0x0 ../bsp//libucosii_bsp.a(os_core.o)
 .bss           0x0010b83c        0x0 ../bsp//libucosii_bsp.a(os_dbg.o)
 .bss           0x0010b83c        0x0 ../bsp//libucosii_bsp.a(os_flag.o)
 .bss           0x0010b83c        0x0 ../bsp//libucosii_bsp.a(os_mem.o)
 .bss           0x0010b83c        0x0 ../bsp//libucosii_bsp.a(os_q.o)
 .bss           0x0010b83c        0x0 ../bsp//libucosii_bsp.a(os_sem.o)
 .bss           0x0010b83c        0x0 ../bsp//libucosii_bsp.a(os_task.o)
 .bss           0x0010b83c        0x0 ../bsp//libucosii_bsp.a(os_time.o)
 .bss           0x0010b83c        0x0 ../bsp//libucosii_bsp.a(os_tmr.o)
 .bss           0x0010b83c        0x0 ../bsp//libucosii_bsp.a(alt_sys_init.o)
 .bss           0x0010b83c        0x0 ../bsp//libucosii_bsp.a(altera_avalon_jtag_uart_fd.o)
 .bss           0x0010b83c        0x0 ../bsp//libucosii_bsp.a(altera_avalon_jtag_uart_init.o)
 .bss           0x0010b83c        0x0 ../bsp//libucosii_bsp.a(altera_avalon_jtag_uart_ioctl.o)
 .bss           0x0010b83c        0x0 ../bsp//libucosii_bsp.a(altera_avalon_jtag_uart_read.o)
 .bss           0x0010b83c        0x0 ../bsp//libucosii_bsp.a(altera_avalon_jtag_uart_write.o)
 .bss           0x0010b83c        0x0 ../bsp//libucosii_bsp.a(altera_avalon_timer_sc.o)
 .bss           0x0010b83c        0x0 ../bsp//libucosii_bsp.a(altera_avalon_timer_vars.o)
 .bss           0x0010b83c        0x0 ../bsp//libucosii_bsp.a(altera_up_avalon_character_lcd.o)
 .bss           0x0010b83c        0x0 ../bsp//libucosii_bsp.a(alt_alarm_start.o)
 .bss           0x0010b83c        0x0 ../bsp//libucosii_bsp.a(alt_close.o)
 .bss           0x0010b83c        0x0 ../bsp//libucosii_bsp.a(alt_dcache_flush_all.o)
 .bss           0x0010b83c        0x0 ../bsp//libucosii_bsp.a(alt_dev.o)
 .bss           0x0010b83c        0x0 ../bsp//libucosii_bsp.a(alt_dev_llist_insert.o)
 .bss           0x0010b83c        0x0 ../bsp//libucosii_bsp.a(alt_do_ctors.o)
 .bss           0x0010b83c        0x0 ../bsp//libucosii_bsp.a(alt_do_dtors.o)
 .bss           0x0010b83c        0x0 ../bsp//libucosii_bsp.a(alt_errno.o)
 .bss           0x0010b83c        0x0 ../bsp//libucosii_bsp.a(alt_find_dev.o)
 .bss           0x0010b83c        0x0 ../bsp//libucosii_bsp.a(alt_icache_flush_all.o)
 .bss           0x0010b83c        0x0 ../bsp//libucosii_bsp.a(alt_iic.o)
 .bss           0x0010b83c        0x0 ../bsp//libucosii_bsp.a(alt_iic_isr_register.o)
 .bss           0x0010b83c        0x0 ../bsp//libucosii_bsp.a(alt_io_redirect.o)
 .bss           0x0010b83c        0x0 ../bsp//libucosii_bsp.a(alt_irq_entry.o)
 .bss           0x0010b83c        0x0 ../bsp//libucosii_bsp.a(alt_irq_handler.o)
 .bss           0x0010b83c        0x0 ../bsp//libucosii_bsp.a(alt_irq_vars.o)
 .bss           0x0010b83c        0x0 ../bsp//libucosii_bsp.a(alt_open.o)
 .bss           0x0010b83c        0x0 ../bsp//libucosii_bsp.a(alt_release_fd.o)
 .bss           0x0010b83c        0x0 ../bsp//libucosii_bsp.a(alt_tick.o)
 .bss           0x0010b83c        0x0 ../bsp//libucosii_bsp.a(altera_nios2_qsys_irq.o)
 .bss           0x0010b83c        0x0 ../bsp//libucosii_bsp.a(os_cpu_a.o)
 .bss           0x0010b83c        0x0 ../bsp//libucosii_bsp.a(os_cpu_c.o)
 .bss           0x0010b83c        0x0 ../bsp//libucosii_bsp.a(alt_exception_entry.o)
 .bss           0x0010b83c        0x0 ../bsp//libucosii_bsp.a(alt_find_file.o)
 .bss           0x0010b83c        0x0 ../bsp//libucosii_bsp.a(alt_get_fd.o)
 .bss           0x0010b83c        0x0 /opt/altera/13.0sp1/nios2eds/bin/gnu/H-i686-pc-linux-gnu/bin/../lib/gcc/nios2-elf/4.1.2/../../../../nios2-elf/lib/mno-hw-mul/libc.a(lib_a-atexit.o)
 .bss           0x0010b83c        0x0 /opt/altera/13.0sp1/nios2eds/bin/gnu/H-i686-pc-linux-gnu/bin/../lib/gcc/nios2-elf/4.1.2/../../../../nios2-elf/lib/mno-hw-mul/libc.a(lib_a-exit.o)
 .bss           0x0010b83c        0x0 /opt/altera/13.0sp1/nios2eds/bin/gnu/H-i686-pc-linux-gnu/bin/../lib/gcc/nios2-elf/4.1.2/../../../../nios2-elf/lib/mno-hw-mul/libc.a(lib_a-impure.o)
 .bss           0x0010b83c        0x0 /opt/altera/13.0sp1/nios2eds/bin/gnu/H-i686-pc-linux-gnu/bin/../lib/gcc/nios2-elf/4.1.2/../../../../nios2-elf/lib/mno-hw-mul/libc.a(lib_a-int_errno.o)
 .bss           0x0010b83c        0x0 /opt/altera/13.0sp1/nios2eds/bin/gnu/H-i686-pc-linux-gnu/bin/../lib/gcc/nios2-elf/4.1.2/../../../../nios2-elf/lib/mno-hw-mul/libc.a(lib_a-memcmp.o)
 .bss           0x0010b83c        0x0 /opt/altera/13.0sp1/nios2eds/bin/gnu/H-i686-pc-linux-gnu/bin/../lib/gcc/nios2-elf/4.1.2/../../../../nios2-elf/lib/mno-hw-mul/libc.a(lib_a-memcpy.o)
 .bss           0x0010b83c        0x0 /opt/altera/13.0sp1/nios2eds/bin/gnu/H-i686-pc-linux-gnu/bin/../lib/gcc/nios2-elf/4.1.2/../../../../nios2-elf/lib/mno-hw-mul/libc.a(lib_a-memset.o)
 .bss           0x0010b83c        0x0 /opt/altera/13.0sp1/nios2eds/bin/gnu/H-i686-pc-linux-gnu/bin/../lib/gcc/nios2-elf/4.1.2/../../../../nios2-elf/lib/mno-hw-mul/libc.a(lib_a-strlen.o)
 .bss           0x0010b83c        0x0 /opt/altera/13.0sp1/nios2eds/bin/gnu/H-i686-pc-linux-gnu/bin/../lib/gcc/nios2-elf/4.1.2/../../../../nios2-elf/lib/mno-hw-mul/libc.a(lib_a-__atexit.o)
 .bss           0x0010b83c        0x0 /opt/altera/13.0sp1/nios2eds/bin/gnu/H-i686-pc-linux-gnu/bin/../lib/gcc/nios2-elf/4.1.2/../../../../nios2-elf/lib/mno-hw-mul/libc.a(lib_a-__call_atexit.o)
 .bss           0x0010b83c        0x0 /opt/altera/13.0sp1/nios2eds/bin/gnu/H-i686-pc-linux-gnu/bin/../lib/gcc/nios2-elf/4.1.2/mno-hw-mul/libgcc.a(_fixunsdfsi.o)
 .bss           0x0010b83c        0x0 /opt/altera/13.0sp1/nios2eds/bin/gnu/H-i686-pc-linux-gnu/bin/../lib/gcc/nios2-elf/4.1.2/mno-hw-mul/libgcc.a(_addsub_df.o)
 .bss           0x0010b83c        0x0 /opt/altera/13.0sp1/nios2eds/bin/gnu/H-i686-pc-linux-gnu/bin/../lib/gcc/nios2-elf/4.1.2/mno-hw-mul/libgcc.a(_mul_df.o)
 .bss           0x0010b83c        0x0 /opt/altera/13.0sp1/nios2eds/bin/gnu/H-i686-pc-linux-gnu/bin/../lib/gcc/nios2-elf/4.1.2/mno-hw-mul/libgcc.a(_div_df.o)
 .bss           0x0010b83c        0x0 /opt/altera/13.0sp1/nios2eds/bin/gnu/H-i686-pc-linux-gnu/bin/../lib/gcc/nios2-elf/4.1.2/mno-hw-mul/libgcc.a(_ge_df.o)
 .bss           0x0010b83c        0x0 /opt/altera/13.0sp1/nios2eds/bin/gnu/H-i686-pc-linux-gnu/bin/../lib/gcc/nios2-elf/4.1.2/mno-hw-mul/libgcc.a(_si_to_df.o)
 .bss           0x0010b83c        0x0 /opt/altera/13.0sp1/nios2eds/bin/gnu/H-i686-pc-linux-gnu/bin/../lib/gcc/nios2-elf/4.1.2/mno-hw-mul/libgcc.a(_df_to_si.o)
 .bss           0x0010b83c        0x0 /opt/altera/13.0sp1/nios2eds/bin/gnu/H-i686-pc-linux-gnu/bin/../lib/gcc/nios2-elf/4.1.2/mno-hw-mul/libgcc.a(_thenan_df.o)
 .bss           0x0010b83c        0x0 /opt/altera/13.0sp1/nios2eds/bin/gnu/H-i686-pc-linux-gnu/bin/../lib/gcc/nios2-elf/4.1.2/mno-hw-mul/libgcc.a(_usi_to_df.o)
 .bss           0x0010b83c        0x0 /opt/altera/13.0sp1/nios2eds/bin/gnu/H-i686-pc-linux-gnu/bin/../lib/gcc/nios2-elf/4.1.2/mno-hw-mul/libgcc.a(lib2-divmod.o)
 .bss           0x0010b83c        0x0 /opt/altera/13.0sp1/nios2eds/bin/gnu/H-i686-pc-linux-gnu/bin/../lib/gcc/nios2-elf/4.1.2/mno-hw-mul/libgcc.a(lib2-mul.o)
 .bss           0x0010b83c        0x0 /opt/altera/13.0sp1/nios2eds/bin/gnu/H-i686-pc-linux-gnu/bin/../lib/gcc/nios2-elf/4.1.2/mno-hw-mul/libgcc.a(_muldi3.o)
 .bss           0x0010b83c        0x0 /opt/altera/13.0sp1/nios2eds/bin/gnu/H-i686-pc-linux-gnu/bin/../lib/gcc/nios2-elf/4.1.2/mno-hw-mul/libgcc.a(_clzsi2.o)
 .bss           0x0010b83c        0x0 /opt/altera/13.0sp1/nios2eds/bin/gnu/H-i686-pc-linux-gnu/bin/../lib/gcc/nios2-elf/4.1.2/mno-hw-mul/libgcc.a(_pack_df.o)
 .bss           0x0010b83c        0x0 /opt/altera/13.0sp1/nios2eds/bin/gnu/H-i686-pc-linux-gnu/bin/../lib/gcc/nios2-elf/4.1.2/mno-hw-mul/libgcc.a(_unpack_df.o)
 .bss           0x0010b83c        0x0 /opt/altera/13.0sp1/nios2eds/bin/gnu/H-i686-pc-linux-gnu/bin/../lib/gcc/nios2-elf/4.1.2/mno-hw-mul/libgcc.a(_fpcmp_parts_df.o)
 .bss           0x0010b83c        0x0 /opt/altera/13.0sp1/nios2eds/bin/gnu/H-i686-pc-linux-gnu/bin/../lib/gcc/nios2-elf/4.1.2/mno-hw-mul/libgcc.a(_clz.o)
 .bss           0x0010b83c        0x0 ../bsp//libucosii_bsp.a(alt_exit.o)
 *(COMMON)
 COMMON         0x0010b83c     0x3d74 ../bsp//libucosii_bsp.a(os_core.o)
                0x0010b83c                OSTmrWheelTbl
                0x0010b84c                OSFlagTbl
                0x0010bbbc                OSTmrTbl
                0x0010befc                OSMemTbl
                0x0010cb2c                OSTaskStatStk
                0x0010d32c                OSQTbl
                0x0010d50c                OSTmrTaskStk
                0x0010dd0c                OSTaskIdleStk
                0x0010e50c                OSEventTbl
                0x0010f04c                OSTCBTbl
                0x0010f55c                OSTCBPrioTbl
 COMMON         0x0010f5b0      0x100 ../bsp//libucosii_bsp.a(alt_irq_handler.o)
                0x0010f5b0                alt_irq
 COMMON         0x0010f6b0      0x190 /opt/altera/13.0sp1/nios2eds/bin/gnu/H-i686-pc-linux-gnu/bin/../lib/gcc/nios2-elf/4.1.2/../../../../nios2-elf/lib/mno-hw-mul/libc.a(lib_a-atexit.o)
                0x0010f6b0                _atexit0
                0x0010f840                . = ALIGN (0x4)
                0x0010f840                __bss_end = ABSOLUTE (.)

.onchip_memory  0x00000000        0x0 load address 0x0010f840
                0x00000000                PROVIDE (_alt_partition_onchip_memory_start, ABSOLUTE (.))
 *(.onchip_memory. onchip_memory.*)
                0x00000000                . = ALIGN (0x4)
                0x00000000                PROVIDE (_alt_partition_onchip_memory_end, ABSOLUTE (.))
                0x0010f840                PROVIDE (_alt_partition_onchip_memory_load_addr, LOADADDR (.onchip_memory))

.sram           0x0010f840        0x0
                0x0010f840                PROVIDE (_alt_partition_sram_start, ABSOLUTE (.))
 *(.sram. sram.*)
                0x0010f840                . = ALIGN (0x4)
                0x0010f840                PROVIDE (_alt_partition_sram_end, ABSOLUTE (.))
                0x0010f840                _end = ABSOLUTE (.)
                0x0010f840                end = ABSOLUTE (.)
                0x0010f840                __alt_stack_base = ABSOLUTE (.)
                0x0010f840                PROVIDE (_alt_partition_sram_load_addr, LOADADDR (.sram))

.sdram          0x01000144        0x0 load address 0x0010f840
                0x01000144                PROVIDE (_alt_partition_sdram_start, ABSOLUTE (.))
 *(.sdram. sdram.*)
                0x01000144                . = ALIGN (0x4)
                0x01000144                PROVIDE (_alt_partition_sdram_end, ABSOLUTE (.))
                0x0010f840                PROVIDE (_alt_partition_sdram_load_addr, LOADADDR (.sdram))

.stab
 *(.stab)

.stabstr
 *(.stabstr)

.stab.excl
 *(.stab.excl)

.stab.exclstr
 *(.stab.exclstr)

.stab.index
 *(.stab.index)

.stab.indexstr
 *(.stab.indexstr)

.comment        0x00000000       0x26
 *(.comment)
 .comment       0x00000000       0x26 obj/default/pio_test.o
                                 0x27 (size before relaxing)
 .comment       0x00000000       0x27 ../bsp//libucosii_bsp.a(alt_load.o)
 .comment       0x00000000       0x27 ../bsp//libucosii_bsp.a(alt_main.o)
 .comment       0x00000000       0x27 ../bsp//libucosii_bsp.a(alt_env_lock.o)
 .comment       0x00000000       0x27 ../bsp//libucosii_bsp.a(alt_malloc_lock.o)
 .comment       0x00000000       0x27 ../bsp//libucosii_bsp.a(os_core.o)
 .comment       0x00000000       0x27 ../bsp//libucosii_bsp.a(os_dbg.o)
 .comment       0x00000000       0x27 ../bsp//libucosii_bsp.a(os_flag.o)
 .comment       0x00000000       0x27 ../bsp//libucosii_bsp.a(os_mem.o)
 .comment       0x00000000       0x27 ../bsp//libucosii_bsp.a(os_q.o)
 .comment       0x00000000       0x27 ../bsp//libucosii_bsp.a(os_sem.o)
 .comment       0x00000000       0x27 ../bsp//libucosii_bsp.a(os_task.o)
 .comment       0x00000000       0x27 ../bsp//libucosii_bsp.a(os_time.o)
 .comment       0x00000000       0x27 ../bsp//libucosii_bsp.a(os_tmr.o)
 .comment       0x00000000       0x27 ../bsp//libucosii_bsp.a(alt_sys_init.o)
 .comment       0x00000000       0x27 ../bsp//libucosii_bsp.a(altera_avalon_jtag_uart_fd.o)
 .comment       0x00000000       0x27 ../bsp//libucosii_bsp.a(altera_avalon_jtag_uart_init.o)
 .comment       0x00000000       0x27 ../bsp//libucosii_bsp.a(altera_avalon_jtag_uart_ioctl.o)
 .comment       0x00000000       0x27 ../bsp//libucosii_bsp.a(altera_avalon_jtag_uart_read.o)
 .comment       0x00000000       0x27 ../bsp//libucosii_bsp.a(altera_avalon_jtag_uart_write.o)
 .comment       0x00000000       0x27 ../bsp//libucosii_bsp.a(altera_avalon_timer_sc.o)
 .comment       0x00000000       0x27 ../bsp//libucosii_bsp.a(altera_avalon_timer_vars.o)
 .comment       0x00000000       0x27 ../bsp//libucosii_bsp.a(altera_up_avalon_character_lcd.o)
 .comment       0x00000000       0x27 ../bsp//libucosii_bsp.a(alt_alarm_start.o)
 .comment       0x00000000       0x27 ../bsp//libucosii_bsp.a(alt_close.o)
 .comment       0x00000000       0x27 ../bsp//libucosii_bsp.a(alt_dcache_flush_all.o)
 .comment       0x00000000       0x27 ../bsp//libucosii_bsp.a(alt_dev.o)
 .comment       0x00000000       0x27 ../bsp//libucosii_bsp.a(alt_dev_llist_insert.o)
 .comment       0x00000000       0x27 ../bsp//libucosii_bsp.a(alt_do_ctors.o)
 .comment       0x00000000       0x27 ../bsp//libucosii_bsp.a(alt_do_dtors.o)
 .comment       0x00000000       0x27 ../bsp//libucosii_bsp.a(alt_errno.o)
 .comment       0x00000000       0x27 ../bsp//libucosii_bsp.a(alt_find_dev.o)
 .comment       0x00000000       0x27 ../bsp//libucosii_bsp.a(alt_icache_flush_all.o)
 .comment       0x00000000       0x27 ../bsp//libucosii_bsp.a(alt_iic.o)
 .comment       0x00000000       0x27 ../bsp//libucosii_bsp.a(alt_iic_isr_register.o)
 .comment       0x00000000       0x27 ../bsp//libucosii_bsp.a(alt_io_redirect.o)
 .comment       0x00000000       0x27 ../bsp//libucosii_bsp.a(alt_irq_handler.o)
 .comment       0x00000000       0x27 ../bsp//libucosii_bsp.a(alt_irq_vars.o)
 .comment       0x00000000       0x27 ../bsp//libucosii_bsp.a(alt_open.o)
 .comment       0x00000000       0x27 ../bsp//libucosii_bsp.a(alt_release_fd.o)
 .comment       0x00000000       0x27 ../bsp//libucosii_bsp.a(alt_tick.o)
 .comment       0x00000000       0x27 ../bsp//libucosii_bsp.a(altera_nios2_qsys_irq.o)
 .comment       0x00000000       0x27 ../bsp//libucosii_bsp.a(os_cpu_c.o)
 .comment       0x00000000       0x27 ../bsp//libucosii_bsp.a(alt_find_file.o)
 .comment       0x00000000       0x27 ../bsp//libucosii_bsp.a(alt_get_fd.o)
 .comment       0x00000000       0x27 /opt/altera/13.0sp1/nios2eds/bin/gnu/H-i686-pc-linux-gnu/bin/../lib/gcc/nios2-elf/4.1.2/../../../../nios2-elf/lib/mno-hw-mul/libc.a(lib_a-atexit.o)
 .comment       0x00000000       0x27 /opt/altera/13.0sp1/nios2eds/bin/gnu/H-i686-pc-linux-gnu/bin/../lib/gcc/nios2-elf/4.1.2/../../../../nios2-elf/lib/mno-hw-mul/libc.a(lib_a-exit.o)
 .comment       0x00000000       0x27 /opt/altera/13.0sp1/nios2eds/bin/gnu/H-i686-pc-linux-gnu/bin/../lib/gcc/nios2-elf/4.1.2/../../../../nios2-elf/lib/mno-hw-mul/libc.a(lib_a-impure.o)
 .comment       0x00000000       0x27 /opt/altera/13.0sp1/nios2eds/bin/gnu/H-i686-pc-linux-gnu/bin/../lib/gcc/nios2-elf/4.1.2/../../../../nios2-elf/lib/mno-hw-mul/libc.a(lib_a-int_errno.o)
 .comment       0x00000000       0x27 /opt/altera/13.0sp1/nios2eds/bin/gnu/H-i686-pc-linux-gnu/bin/../lib/gcc/nios2-elf/4.1.2/../../../../nios2-elf/lib/mno-hw-mul/libc.a(lib_a-memcmp.o)
 .comment       0x00000000       0x27 /opt/altera/13.0sp1/nios2eds/bin/gnu/H-i686-pc-linux-gnu/bin/../lib/gcc/nios2-elf/4.1.2/../../../../nios2-elf/lib/mno-hw-mul/libc.a(lib_a-memcpy.o)
 .comment       0x00000000       0x27 /opt/altera/13.0sp1/nios2eds/bin/gnu/H-i686-pc-linux-gnu/bin/../lib/gcc/nios2-elf/4.1.2/../../../../nios2-elf/lib/mno-hw-mul/libc.a(lib_a-memset.o)
 .comment       0x00000000       0x27 /opt/altera/13.0sp1/nios2eds/bin/gnu/H-i686-pc-linux-gnu/bin/../lib/gcc/nios2-elf/4.1.2/../../../../nios2-elf/lib/mno-hw-mul/libc.a(lib_a-strlen.o)
 .comment       0x00000000       0x27 /opt/altera/13.0sp1/nios2eds/bin/gnu/H-i686-pc-linux-gnu/bin/../lib/gcc/nios2-elf/4.1.2/../../../../nios2-elf/lib/mno-hw-mul/libc.a(lib_a-__atexit.o)
 .comment       0x00000000       0x27 /opt/altera/13.0sp1/nios2eds/bin/gnu/H-i686-pc-linux-gnu/bin/../lib/gcc/nios2-elf/4.1.2/../../../../nios2-elf/lib/mno-hw-mul/libc.a(lib_a-__call_atexit.o)
 .comment       0x00000000       0x27 /opt/altera/13.0sp1/nios2eds/bin/gnu/H-i686-pc-linux-gnu/bin/../lib/gcc/nios2-elf/4.1.2/mno-hw-mul/libgcc.a(_fixunsdfsi.o)
 .comment       0x00000000       0x27 /opt/altera/13.0sp1/nios2eds/bin/gnu/H-i686-pc-linux-gnu/bin/../lib/gcc/nios2-elf/4.1.2/mno-hw-mul/libgcc.a(_addsub_df.o)
 .comment       0x00000000       0x27 /opt/altera/13.0sp1/nios2eds/bin/gnu/H-i686-pc-linux-gnu/bin/../lib/gcc/nios2-elf/4.1.2/mno-hw-mul/libgcc.a(_mul_df.o)
 .comment       0x00000000       0x27 /opt/altera/13.0sp1/nios2eds/bin/gnu/H-i686-pc-linux-gnu/bin/../lib/gcc/nios2-elf/4.1.2/mno-hw-mul/libgcc.a(_div_df.o)
 .comment       0x00000000       0x27 /opt/altera/13.0sp1/nios2eds/bin/gnu/H-i686-pc-linux-gnu/bin/../lib/gcc/nios2-elf/4.1.2/mno-hw-mul/libgcc.a(_ge_df.o)
 .comment       0x00000000       0x27 /opt/altera/13.0sp1/nios2eds/bin/gnu/H-i686-pc-linux-gnu/bin/../lib/gcc/nios2-elf/4.1.2/mno-hw-mul/libgcc.a(_si_to_df.o)
 .comment       0x00000000       0x27 /opt/altera/13.0sp1/nios2eds/bin/gnu/H-i686-pc-linux-gnu/bin/../lib/gcc/nios2-elf/4.1.2/mno-hw-mul/libgcc.a(_df_to_si.o)
 .comment       0x00000000       0x27 /opt/altera/13.0sp1/nios2eds/bin/gnu/H-i686-pc-linux-gnu/bin/../lib/gcc/nios2-elf/4.1.2/mno-hw-mul/libgcc.a(_thenan_df.o)
 .comment       0x00000000       0x27 /opt/altera/13.0sp1/nios2eds/bin/gnu/H-i686-pc-linux-gnu/bin/../lib/gcc/nios2-elf/4.1.2/mno-hw-mul/libgcc.a(_usi_to_df.o)
 .comment       0x00000000       0x27 /opt/altera/13.0sp1/nios2eds/bin/gnu/H-i686-pc-linux-gnu/bin/../lib/gcc/nios2-elf/4.1.2/mno-hw-mul/libgcc.a(lib2-divmod.o)
 .comment       0x00000000       0x27 /opt/altera/13.0sp1/nios2eds/bin/gnu/H-i686-pc-linux-gnu/bin/../lib/gcc/nios2-elf/4.1.2/mno-hw-mul/libgcc.a(lib2-mul.o)
 .comment       0x00000000       0x27 /opt/altera/13.0sp1/nios2eds/bin/gnu/H-i686-pc-linux-gnu/bin/../lib/gcc/nios2-elf/4.1.2/mno-hw-mul/libgcc.a(_muldi3.o)
 .comment       0x00000000       0x27 /opt/altera/13.0sp1/nios2eds/bin/gnu/H-i686-pc-linux-gnu/bin/../lib/gcc/nios2-elf/4.1.2/mno-hw-mul/libgcc.a(_clzsi2.o)
 .comment       0x00000000       0x27 /opt/altera/13.0sp1/nios2eds/bin/gnu/H-i686-pc-linux-gnu/bin/../lib/gcc/nios2-elf/4.1.2/mno-hw-mul/libgcc.a(_pack_df.o)
 .comment       0x00000000       0x27 /opt/altera/13.0sp1/nios2eds/bin/gnu/H-i686-pc-linux-gnu/bin/../lib/gcc/nios2-elf/4.1.2/mno-hw-mul/libgcc.a(_unpack_df.o)
 .comment       0x00000000       0x27 /opt/altera/13.0sp1/nios2eds/bin/gnu/H-i686-pc-linux-gnu/bin/../lib/gcc/nios2-elf/4.1.2/mno-hw-mul/libgcc.a(_fpcmp_parts_df.o)
 .comment       0x00000000       0x27 /opt/altera/13.0sp1/nios2eds/bin/gnu/H-i686-pc-linux-gnu/bin/../lib/gcc/nios2-elf/4.1.2/mno-hw-mul/libgcc.a(_clz.o)
 .comment       0x00000000       0x27 ../bsp//libucosii_bsp.a(alt_exit.o)

.debug
 *(.debug)

.line
 *(.line)

.debug_srcinfo
 *(.debug_srcinfo)

.debug_sfnames
 *(.debug_sfnames)

.debug_aranges  0x00000000      0x8f8
 *(.debug_aranges)
 .debug_aranges
                0x00000000       0x28 ../bsp//obj/HAL/src/crt0.o
 .debug_aranges
                0x00000028       0x20 obj/default/pio_test.o
 .debug_aranges
                0x00000048       0x20 ../bsp//libucosii_bsp.a(alt_load.o)
 .debug_aranges
                0x00000068       0x20 ../bsp//libucosii_bsp.a(alt_main.o)
 .debug_aranges
                0x00000088       0x20 ../bsp//libucosii_bsp.a(alt_env_lock.o)
 .debug_aranges
                0x000000a8       0x20 ../bsp//libucosii_bsp.a(alt_malloc_lock.o)
 .debug_aranges
                0x000000c8       0x20 ../bsp//libucosii_bsp.a(os_core.o)
 .debug_aranges
                0x000000e8       0x20 ../bsp//libucosii_bsp.a(os_dbg.o)
 .debug_aranges
                0x00000108       0x20 ../bsp//libucosii_bsp.a(os_flag.o)
 .debug_aranges
                0x00000128       0x20 ../bsp//libucosii_bsp.a(os_mem.o)
 .debug_aranges
                0x00000148       0x20 ../bsp//libucosii_bsp.a(os_q.o)
 .debug_aranges
                0x00000168       0x20 ../bsp//libucosii_bsp.a(os_sem.o)
 .debug_aranges
                0x00000188       0x20 ../bsp//libucosii_bsp.a(os_task.o)
 .debug_aranges
                0x000001a8       0x20 ../bsp//libucosii_bsp.a(os_time.o)
 .debug_aranges
                0x000001c8       0x20 ../bsp//libucosii_bsp.a(os_tmr.o)
 .debug_aranges
                0x000001e8       0x20 ../bsp//libucosii_bsp.a(alt_sys_init.o)
 .debug_aranges
                0x00000208       0x20 ../bsp//libucosii_bsp.a(altera_avalon_jtag_uart_fd.o)
 .debug_aranges
                0x00000228       0x20 ../bsp//libucosii_bsp.a(altera_avalon_jtag_uart_init.o)
 .debug_aranges
                0x00000248       0x20 ../bsp//libucosii_bsp.a(altera_avalon_jtag_uart_ioctl.o)
 .debug_aranges
                0x00000268       0x20 ../bsp//libucosii_bsp.a(altera_avalon_jtag_uart_read.o)
 .debug_aranges
                0x00000288       0x20 ../bsp//libucosii_bsp.a(altera_avalon_jtag_uart_write.o)
 .debug_aranges
                0x000002a8       0x20 ../bsp//libucosii_bsp.a(altera_avalon_timer_sc.o)
 .debug_aranges
                0x000002c8       0x20 ../bsp//libucosii_bsp.a(altera_up_avalon_character_lcd.o)
 .debug_aranges
                0x000002e8       0x20 ../bsp//libucosii_bsp.a(alt_alarm_start.o)
 .debug_aranges
                0x00000308       0x20 ../bsp//libucosii_bsp.a(alt_close.o)
 .debug_aranges
                0x00000328       0x20 ../bsp//libucosii_bsp.a(alt_dcache_flush_all.o)
 .debug_aranges
                0x00000348       0x20 ../bsp//libucosii_bsp.a(alt_dev.o)
 .debug_aranges
                0x00000368       0x20 ../bsp//libucosii_bsp.a(alt_dev_llist_insert.o)
 .debug_aranges
                0x00000388       0x20 ../bsp//libucosii_bsp.a(alt_do_ctors.o)
 .debug_aranges
                0x000003a8       0x20 ../bsp//libucosii_bsp.a(alt_do_dtors.o)
 .debug_aranges
                0x000003c8       0x20 ../bsp//libucosii_bsp.a(alt_find_dev.o)
 .debug_aranges
                0x000003e8       0x20 ../bsp//libucosii_bsp.a(alt_icache_flush_all.o)
 .debug_aranges
                0x00000408       0x20 ../bsp//libucosii_bsp.a(alt_iic.o)
 .debug_aranges
                0x00000428       0x20 ../bsp//libucosii_bsp.a(alt_iic_isr_register.o)
 .debug_aranges
                0x00000448       0x20 ../bsp//libucosii_bsp.a(alt_io_redirect.o)
 .debug_aranges
                0x00000468       0x30 ../bsp//libucosii_bsp.a(alt_irq_entry.o)
 .debug_aranges
                0x00000498       0x28 ../bsp//libucosii_bsp.a(alt_irq_handler.o)
 .debug_aranges
                0x000004c0       0x20 ../bsp//libucosii_bsp.a(alt_open.o)
 .debug_aranges
                0x000004e0       0x20 ../bsp//libucosii_bsp.a(alt_release_fd.o)
 .debug_aranges
                0x00000500       0x20 ../bsp//libucosii_bsp.a(alt_tick.o)
 .debug_aranges
                0x00000520       0x20 ../bsp//libucosii_bsp.a(altera_nios2_qsys_irq.o)
 .debug_aranges
                0x00000540       0x20 ../bsp//libucosii_bsp.a(os_cpu_a.o)
 .debug_aranges
                0x00000560       0x20 ../bsp//libucosii_bsp.a(os_cpu_c.o)
 .debug_aranges
                0x00000580       0x38 ../bsp//libucosii_bsp.a(alt_exception_entry.o)
 .debug_aranges
                0x000005b8       0x20 ../bsp//libucosii_bsp.a(alt_find_file.o)
 .debug_aranges
                0x000005d8       0x20 ../bsp//libucosii_bsp.a(alt_get_fd.o)
 .debug_aranges
                0x000005f8       0x20 /opt/altera/13.0sp1/nios2eds/bin/gnu/H-i686-pc-linux-gnu/bin/../lib/gcc/nios2-elf/4.1.2/../../../../nios2-elf/lib/mno-hw-mul/libc.a(lib_a-atexit.o)
 .debug_aranges
                0x00000618       0x20 /opt/altera/13.0sp1/nios2eds/bin/gnu/H-i686-pc-linux-gnu/bin/../lib/gcc/nios2-elf/4.1.2/../../../../nios2-elf/lib/mno-hw-mul/libc.a(lib_a-exit.o)
 .debug_aranges
                0x00000638       0x20 /opt/altera/13.0sp1/nios2eds/bin/gnu/H-i686-pc-linux-gnu/bin/../lib/gcc/nios2-elf/4.1.2/../../../../nios2-elf/lib/mno-hw-mul/libc.a(lib_a-memcmp.o)
 .debug_aranges
                0x00000658       0x20 /opt/altera/13.0sp1/nios2eds/bin/gnu/H-i686-pc-linux-gnu/bin/../lib/gcc/nios2-elf/4.1.2/../../../../nios2-elf/lib/mno-hw-mul/libc.a(lib_a-memcpy.o)
 .debug_aranges
                0x00000678       0x20 /opt/altera/13.0sp1/nios2eds/bin/gnu/H-i686-pc-linux-gnu/bin/../lib/gcc/nios2-elf/4.1.2/../../../../nios2-elf/lib/mno-hw-mul/libc.a(lib_a-memset.o)
 .debug_aranges
                0x00000698       0x20 /opt/altera/13.0sp1/nios2eds/bin/gnu/H-i686-pc-linux-gnu/bin/../lib/gcc/nios2-elf/4.1.2/../../../../nios2-elf/lib/mno-hw-mul/libc.a(lib_a-strlen.o)
 .debug_aranges
                0x000006b8       0x20 /opt/altera/13.0sp1/nios2eds/bin/gnu/H-i686-pc-linux-gnu/bin/../lib/gcc/nios2-elf/4.1.2/../../../../nios2-elf/lib/mno-hw-mul/libc.a(lib_a-__atexit.o)
 .debug_aranges
                0x000006d8       0x20 /opt/altera/13.0sp1/nios2eds/bin/gnu/H-i686-pc-linux-gnu/bin/../lib/gcc/nios2-elf/4.1.2/../../../../nios2-elf/lib/mno-hw-mul/libc.a(lib_a-__call_atexit.o)
 .debug_aranges
                0x000006f8       0x20 /opt/altera/13.0sp1/nios2eds/bin/gnu/H-i686-pc-linux-gnu/bin/../lib/gcc/nios2-elf/4.1.2/mno-hw-mul/libgcc.a(_fixunsdfsi.o)
 .debug_aranges
                0x00000718       0x20 /opt/altera/13.0sp1/nios2eds/bin/gnu/H-i686-pc-linux-gnu/bin/../lib/gcc/nios2-elf/4.1.2/mno-hw-mul/libgcc.a(_addsub_df.o)
 .debug_aranges
                0x00000738       0x20 /opt/altera/13.0sp1/nios2eds/bin/gnu/H-i686-pc-linux-gnu/bin/../lib/gcc/nios2-elf/4.1.2/mno-hw-mul/libgcc.a(_mul_df.o)
 .debug_aranges
                0x00000758       0x20 /opt/altera/13.0sp1/nios2eds/bin/gnu/H-i686-pc-linux-gnu/bin/../lib/gcc/nios2-elf/4.1.2/mno-hw-mul/libgcc.a(_div_df.o)
 .debug_aranges
                0x00000778       0x20 /opt/altera/13.0sp1/nios2eds/bin/gnu/H-i686-pc-linux-gnu/bin/../lib/gcc/nios2-elf/4.1.2/mno-hw-mul/libgcc.a(_ge_df.o)
 .debug_aranges
                0x00000798       0x20 /opt/altera/13.0sp1/nios2eds/bin/gnu/H-i686-pc-linux-gnu/bin/../lib/gcc/nios2-elf/4.1.2/mno-hw-mul/libgcc.a(_si_to_df.o)
 .debug_aranges
                0x000007b8       0x20 /opt/altera/13.0sp1/nios2eds/bin/gnu/H-i686-pc-linux-gnu/bin/../lib/gcc/nios2-elf/4.1.2/mno-hw-mul/libgcc.a(_df_to_si.o)
 .debug_aranges
                0x000007d8       0x20 /opt/altera/13.0sp1/nios2eds/bin/gnu/H-i686-pc-linux-gnu/bin/../lib/gcc/nios2-elf/4.1.2/mno-hw-mul/libgcc.a(_usi_to_df.o)
 .debug_aranges
                0x000007f8       0x20 /opt/altera/13.0sp1/nios2eds/bin/gnu/H-i686-pc-linux-gnu/bin/../lib/gcc/nios2-elf/4.1.2/mno-hw-mul/libgcc.a(lib2-divmod.o)
 .debug_aranges
                0x00000818       0x20 /opt/altera/13.0sp1/nios2eds/bin/gnu/H-i686-pc-linux-gnu/bin/../lib/gcc/nios2-elf/4.1.2/mno-hw-mul/libgcc.a(lib2-mul.o)
 .debug_aranges
                0x00000838       0x20 /opt/altera/13.0sp1/nios2eds/bin/gnu/H-i686-pc-linux-gnu/bin/../lib/gcc/nios2-elf/4.1.2/mno-hw-mul/libgcc.a(_muldi3.o)
 .debug_aranges
                0x00000858       0x20 /opt/altera/13.0sp1/nios2eds/bin/gnu/H-i686-pc-linux-gnu/bin/../lib/gcc/nios2-elf/4.1.2/mno-hw-mul/libgcc.a(_clzsi2.o)
 .debug_aranges
                0x00000878       0x20 /opt/altera/13.0sp1/nios2eds/bin/gnu/H-i686-pc-linux-gnu/bin/../lib/gcc/nios2-elf/4.1.2/mno-hw-mul/libgcc.a(_pack_df.o)
 .debug_aranges
                0x00000898       0x20 /opt/altera/13.0sp1/nios2eds/bin/gnu/H-i686-pc-linux-gnu/bin/../lib/gcc/nios2-elf/4.1.2/mno-hw-mul/libgcc.a(_unpack_df.o)
 .debug_aranges
                0x000008b8       0x20 /opt/altera/13.0sp1/nios2eds/bin/gnu/H-i686-pc-linux-gnu/bin/../lib/gcc/nios2-elf/4.1.2/mno-hw-mul/libgcc.a(_fpcmp_parts_df.o)
 .debug_aranges
                0x000008d8       0x20 ../bsp//libucosii_bsp.a(alt_exit.o)

.debug_pubnames
                0x00000000     0x1a7e
 *(.debug_pubnames)
 .debug_pubnames
                0x00000000       0x1b obj/default/pio_test.o
 .debug_pubnames
                0x0000001b       0x1f ../bsp//libucosii_bsp.a(alt_load.o)
 .debug_pubnames
                0x0000003a       0x46 ../bsp//libucosii_bsp.a(alt_main.o)
 .debug_pubnames
                0x00000080       0x41 ../bsp//libucosii_bsp.a(alt_env_lock.o)
 .debug_pubnames
                0x000000c1       0x48 ../bsp//libucosii_bsp.a(alt_malloc_lock.o)
 .debug_pubnames
                0x00000109      0x484 ../bsp//libucosii_bsp.a(os_core.o)
 .debug_pubnames
                0x0000058d      0x3c5 ../bsp//libucosii_bsp.a(os_dbg.o)
 .debug_pubnames
                0x00000952       0xd0 ../bsp//libucosii_bsp.a(os_flag.o)
 .debug_pubnames
                0x00000a22       0x7c ../bsp//libucosii_bsp.a(os_mem.o)
 .debug_pubnames
                0x00000a9e       0xa9 ../bsp//libucosii_bsp.a(os_q.o)
 .debug_pubnames
                0x00000b47       0x8a ../bsp//libucosii_bsp.a(os_sem.o)
 .debug_pubnames
                0x00000bd1       0xe5 ../bsp//libucosii_bsp.a(os_task.o)
 .debug_pubnames
                0x00000cb6       0x62 ../bsp//libucosii_bsp.a(os_time.o)
 .debug_pubnames
                0x00000d18       0xa1 ../bsp//libucosii_bsp.a(os_tmr.o)
 .debug_pubnames
                0x00000db9       0x34 ../bsp//libucosii_bsp.a(alt_sys_init.o)
 .debug_pubnames
                0x00000ded       0xa5 ../bsp//libucosii_bsp.a(altera_avalon_jtag_uart_fd.o)
 .debug_pubnames
                0x00000e92       0x55 ../bsp//libucosii_bsp.a(altera_avalon_jtag_uart_init.o)
 .debug_pubnames
                0x00000ee7       0x34 ../bsp//libucosii_bsp.a(altera_avalon_jtag_uart_ioctl.o)
 .debug_pubnames
                0x00000f1b       0x33 ../bsp//libucosii_bsp.a(altera_avalon_jtag_uart_read.o)
 .debug_pubnames
                0x00000f4e       0x34 ../bsp//libucosii_bsp.a(altera_avalon_jtag_uart_write.o)
 .debug_pubnames
                0x00000f82       0x2f ../bsp//libucosii_bsp.a(altera_avalon_timer_sc.o)
 .debug_pubnames
                0x00000fb1       0x52 ../bsp//libucosii_bsp.a(altera_avalon_timer_vars.o)
 .debug_pubnames
                0x00001003      0x1cd ../bsp//libucosii_bsp.a(altera_up_avalon_character_lcd.o)
 .debug_pubnames
                0x000011d0       0x26 ../bsp//libucosii_bsp.a(alt_alarm_start.o)
 .debug_pubnames
                0x000011f6       0x1c ../bsp//libucosii_bsp.a(alt_close.o)
 .debug_pubnames
                0x00001212       0x2b ../bsp//libucosii_bsp.a(alt_dcache_flush_all.o)
 .debug_pubnames
                0x0000123d       0x78 ../bsp//libucosii_bsp.a(alt_dev.o)
 .debug_pubnames
                0x000012b5       0x2b ../bsp//libucosii_bsp.a(alt_dev_llist_insert.o)
 .debug_pubnames
                0x000012e0       0x20 ../bsp//libucosii_bsp.a(alt_do_ctors.o)
 .debug_pubnames
                0x00001300       0x20 ../bsp//libucosii_bsp.a(alt_do_dtors.o)
 .debug_pubnames
                0x00001320       0x20 ../bsp//libucosii_bsp.a(alt_errno.o)
 .debug_pubnames
                0x00001340       0x23 ../bsp//libucosii_bsp.a(alt_find_dev.o)
 .debug_pubnames
                0x00001363       0x2b ../bsp//libucosii_bsp.a(alt_icache_flush_all.o)
 .debug_pubnames
                0x0000138e       0x6e ../bsp//libucosii_bsp.a(alt_iic.o)
 .debug_pubnames
                0x000013fc       0x2b ../bsp//libucosii_bsp.a(alt_iic_isr_register.o)
 .debug_pubnames
                0x00001427       0x26 ../bsp//libucosii_bsp.a(alt_io_redirect.o)
 .debug_pubnames
                0x0000144d       0x32 ../bsp//libucosii_bsp.a(alt_irq_handler.o)
 .debug_pubnames
                0x0000147f       0x3b ../bsp//libucosii_bsp.a(alt_irq_vars.o)
 .debug_pubnames
                0x000014ba       0x1b ../bsp//libucosii_bsp.a(alt_open.o)
 .debug_pubnames
                0x000014d5       0x25 ../bsp//libucosii_bsp.a(alt_release_fd.o)
 .debug_pubnames
                0x000014fa       0x68 ../bsp//libucosii_bsp.a(alt_tick.o)
 .debug_pubnames
                0x00001562       0x31 ../bsp//libucosii_bsp.a(altera_nios2_qsys_irq.o)
 .debug_pubnames
                0x00001593       0xcd ../bsp//libucosii_bsp.a(os_cpu_c.o)
 .debug_pubnames
                0x00001660       0x24 ../bsp//libucosii_bsp.a(alt_find_file.o)
 .debug_pubnames
                0x00001684       0x21 ../bsp//libucosii_bsp.a(alt_get_fd.o)
 .debug_pubnames
                0x000016a5       0x2a /opt/altera/13.0sp1/nios2eds/bin/gnu/H-i686-pc-linux-gnu/bin/../lib/gcc/nios2-elf/4.1.2/../../../../nios2-elf/lib/mno-hw-mul/libc.a(lib_a-atexit.o)
 .debug_pubnames
                0x000016cf       0x1b /opt/altera/13.0sp1/nios2eds/bin/gnu/H-i686-pc-linux-gnu/bin/../lib/gcc/nios2-elf/4.1.2/../../../../nios2-elf/lib/mno-hw-mul/libc.a(lib_a-exit.o)
 .debug_pubnames
                0x000016ea       0x39 /opt/altera/13.0sp1/nios2eds/bin/gnu/H-i686-pc-linux-gnu/bin/../lib/gcc/nios2-elf/4.1.2/../../../../nios2-elf/lib/mno-hw-mul/libc.a(lib_a-impure.o)
 .debug_pubnames
                0x00001723       0x1c /opt/altera/13.0sp1/nios2eds/bin/gnu/H-i686-pc-linux-gnu/bin/../lib/gcc/nios2-elf/4.1.2/../../../../nios2-elf/lib/mno-hw-mul/libc.a(lib_a-int_errno.o)
 .debug_pubnames
                0x0000173f       0x1d /opt/altera/13.0sp1/nios2eds/bin/gnu/H-i686-pc-linux-gnu/bin/../lib/gcc/nios2-elf/4.1.2/../../../../nios2-elf/lib/mno-hw-mul/libc.a(lib_a-memcmp.o)
 .debug_pubnames
                0x0000175c       0x1d /opt/altera/13.0sp1/nios2eds/bin/gnu/H-i686-pc-linux-gnu/bin/../lib/gcc/nios2-elf/4.1.2/../../../../nios2-elf/lib/mno-hw-mul/libc.a(lib_a-memcpy.o)
 .debug_pubnames
                0x00001779       0x1d /opt/altera/13.0sp1/nios2eds/bin/gnu/H-i686-pc-linux-gnu/bin/../lib/gcc/nios2-elf/4.1.2/../../../../nios2-elf/lib/mno-hw-mul/libc.a(lib_a-memset.o)
 .debug_pubnames
                0x00001796       0x1d /opt/altera/13.0sp1/nios2eds/bin/gnu/H-i686-pc-linux-gnu/bin/../lib/gcc/nios2-elf/4.1.2/../../../../nios2-elf/lib/mno-hw-mul/libc.a(lib_a-strlen.o)
 .debug_pubnames
                0x000017b3       0x2a /opt/altera/13.0sp1/nios2eds/bin/gnu/H-i686-pc-linux-gnu/bin/../lib/gcc/nios2-elf/4.1.2/../../../../nios2-elf/lib/mno-hw-mul/libc.a(lib_a-__atexit.o)
 .debug_pubnames
                0x000017dd       0x27 /opt/altera/13.0sp1/nios2eds/bin/gnu/H-i686-pc-linux-gnu/bin/../lib/gcc/nios2-elf/4.1.2/../../../../nios2-elf/lib/mno-hw-mul/libc.a(lib_a-__call_atexit.o)
 .debug_pubnames
                0x00001804       0x23 /opt/altera/13.0sp1/nios2eds/bin/gnu/H-i686-pc-linux-gnu/bin/../lib/gcc/nios2-elf/4.1.2/mno-hw-mul/libgcc.a(_fixunsdfsi.o)
 .debug_pubnames
                0x00001827       0x2c /opt/altera/13.0sp1/nios2eds/bin/gnu/H-i686-pc-linux-gnu/bin/../lib/gcc/nios2-elf/4.1.2/mno-hw-mul/libgcc.a(_addsub_df.o)
 .debug_pubnames
                0x00001853       0x1f /opt/altera/13.0sp1/nios2eds/bin/gnu/H-i686-pc-linux-gnu/bin/../lib/gcc/nios2-elf/4.1.2/mno-hw-mul/libgcc.a(_mul_df.o)
 .debug_pubnames
                0x00001872       0x1f /opt/altera/13.0sp1/nios2eds/bin/gnu/H-i686-pc-linux-gnu/bin/../lib/gcc/nios2-elf/4.1.2/mno-hw-mul/libgcc.a(_div_df.o)
 .debug_pubnames
                0x00001891       0x1e /opt/altera/13.0sp1/nios2eds/bin/gnu/H-i686-pc-linux-gnu/bin/../lib/gcc/nios2-elf/4.1.2/mno-hw-mul/libgcc.a(_ge_df.o)
 .debug_pubnames
                0x000018af       0x22 /opt/altera/13.0sp1/nios2eds/bin/gnu/H-i686-pc-linux-gnu/bin/../lib/gcc/nios2-elf/4.1.2/mno-hw-mul/libgcc.a(_si_to_df.o)
 .debug_pubnames
                0x000018d1       0x20 /opt/altera/13.0sp1/nios2eds/bin/gnu/H-i686-pc-linux-gnu/bin/../lib/gcc/nios2-elf/4.1.2/mno-hw-mul/libgcc.a(_df_to_si.o)
 .debug_pubnames
                0x000018f1       0x22 /opt/altera/13.0sp1/nios2eds/bin/gnu/H-i686-pc-linux-gnu/bin/../lib/gcc/nios2-elf/4.1.2/mno-hw-mul/libgcc.a(_thenan_df.o)
 .debug_pubnames
                0x00001913       0x24 /opt/altera/13.0sp1/nios2eds/bin/gnu/H-i686-pc-linux-gnu/bin/../lib/gcc/nios2-elf/4.1.2/mno-hw-mul/libgcc.a(_usi_to_df.o)
 .debug_pubnames
                0x00001937       0x48 /opt/altera/13.0sp1/nios2eds/bin/gnu/H-i686-pc-linux-gnu/bin/../lib/gcc/nios2-elf/4.1.2/mno-hw-mul/libgcc.a(lib2-divmod.o)
 .debug_pubnames
                0x0000197f       0x1f /opt/altera/13.0sp1/nios2eds/bin/gnu/H-i686-pc-linux-gnu/bin/../lib/gcc/nios2-elf/4.1.2/mno-hw-mul/libgcc.a(lib2-mul.o)
 .debug_pubnames
                0x0000199e       0x1f /opt/altera/13.0sp1/nios2eds/bin/gnu/H-i686-pc-linux-gnu/bin/../lib/gcc/nios2-elf/4.1.2/mno-hw-mul/libgcc.a(_muldi3.o)
 .debug_pubnames
                0x000019bd       0x1f /opt/altera/13.0sp1/nios2eds/bin/gnu/H-i686-pc-linux-gnu/bin/../lib/gcc/nios2-elf/4.1.2/mno-hw-mul/libgcc.a(_clzsi2.o)
 .debug_pubnames
                0x000019dc       0x1f /opt/altera/13.0sp1/nios2eds/bin/gnu/H-i686-pc-linux-gnu/bin/../lib/gcc/nios2-elf/4.1.2/mno-hw-mul/libgcc.a(_pack_df.o)
 .debug_pubnames
                0x000019fb       0x21 /opt/altera/13.0sp1/nios2eds/bin/gnu/H-i686-pc-linux-gnu/bin/../lib/gcc/nios2-elf/4.1.2/mno-hw-mul/libgcc.a(_unpack_df.o)
 .debug_pubnames
                0x00001a1c       0x26 /opt/altera/13.0sp1/nios2eds/bin/gnu/H-i686-pc-linux-gnu/bin/../lib/gcc/nios2-elf/4.1.2/mno-hw-mul/libgcc.a(_fpcmp_parts_df.o)
 .debug_pubnames
                0x00001a42       0x20 /opt/altera/13.0sp1/nios2eds/bin/gnu/H-i686-pc-linux-gnu/bin/../lib/gcc/nios2-elf/4.1.2/mno-hw-mul/libgcc.a(_clz.o)
 .debug_pubnames
                0x00001a62       0x1c ../bsp//libucosii_bsp.a(alt_exit.o)

.debug_info     0x00000000    0x15a43
 *(.debug_info .gnu.linkonce.wi.*)
 .debug_info    0x00000000       0x7f ../bsp//obj/HAL/src/crt0.o
 .debug_info    0x0000007f      0x1ed obj/default/pio_test.o
 .debug_info    0x0000026c      0x12e ../bsp//libucosii_bsp.a(alt_load.o)
 .debug_info    0x0000039a      0x27f ../bsp//libucosii_bsp.a(alt_main.o)
 .debug_info    0x00000619      0xd5b ../bsp//libucosii_bsp.a(alt_env_lock.o)
 .debug_info    0x00001374      0xe8e ../bsp//libucosii_bsp.a(alt_malloc_lock.o)
 .debug_info    0x00002202     0x197d ../bsp//libucosii_bsp.a(os_core.o)
 .debug_info    0x00003b7f      0xd5b ../bsp//libucosii_bsp.a(os_dbg.o)
 .debug_info    0x000048da      0xec0 ../bsp//libucosii_bsp.a(os_flag.o)
 .debug_info    0x0000579a      0x677 ../bsp//libucosii_bsp.a(os_mem.o)
 .debug_info    0x00005e11      0xdcc ../bsp//libucosii_bsp.a(os_q.o)
 .debug_info    0x00006bdd      0xa21 ../bsp//libucosii_bsp.a(os_sem.o)
 .debug_info    0x000075fe     0x10cc ../bsp//libucosii_bsp.a(os_task.o)
 .debug_info    0x000086ca      0x717 ../bsp//libucosii_bsp.a(os_time.o)
 .debug_info    0x00008de1      0x894 ../bsp//libucosii_bsp.a(os_tmr.o)
 .debug_info    0x00009675      0x6a7 ../bsp//libucosii_bsp.a(alt_sys_init.o)
 .debug_info    0x00009d1c      0x6e5 ../bsp//libucosii_bsp.a(altera_avalon_jtag_uart_fd.o)
 .debug_info    0x0000a401      0x6a5 ../bsp//libucosii_bsp.a(altera_avalon_jtag_uart_init.o)
 .debug_info    0x0000aaa6      0x40e ../bsp//libucosii_bsp.a(altera_avalon_jtag_uart_ioctl.o)
 .debug_info    0x0000aeb4      0x5a9 ../bsp//libucosii_bsp.a(altera_avalon_jtag_uart_read.o)
 .debug_info    0x0000b45d      0x598 ../bsp//libucosii_bsp.a(altera_avalon_jtag_uart_write.o)
 .debug_info    0x0000b9f5      0x221 ../bsp//libucosii_bsp.a(altera_avalon_timer_sc.o)
 .debug_info    0x0000bc16       0xf2 ../bsp//libucosii_bsp.a(altera_avalon_timer_vars.o)
 .debug_info    0x0000bd08      0x65b ../bsp//libucosii_bsp.a(altera_up_avalon_character_lcd.o)
 .debug_info    0x0000c363      0x2c4 ../bsp//libucosii_bsp.a(alt_alarm_start.o)
 .debug_info    0x0000c627      0x387 ../bsp//libucosii_bsp.a(alt_close.o)
 .debug_info    0x0000c9ae       0x8d ../bsp//libucosii_bsp.a(alt_dcache_flush_all.o)
 .debug_info    0x0000ca3b      0x5d7 ../bsp//libucosii_bsp.a(alt_dev.o)
 .debug_info    0x0000d012      0x1b7 ../bsp//libucosii_bsp.a(alt_dev_llist_insert.o)
 .debug_info    0x0000d1c9       0x8d ../bsp//libucosii_bsp.a(alt_do_ctors.o)
 .debug_info    0x0000d256       0x8d ../bsp//libucosii_bsp.a(alt_do_dtors.o)
 .debug_info    0x0000d2e3       0xab ../bsp//libucosii_bsp.a(alt_errno.o)
 .debug_info    0x0000d38e      0x348 ../bsp//libucosii_bsp.a(alt_find_dev.o)
 .debug_info    0x0000d6d6       0x8d ../bsp//libucosii_bsp.a(alt_icache_flush_all.o)
 .debug_info    0x0000d763      0x341 ../bsp//libucosii_bsp.a(alt_iic.o)
 .debug_info    0x0000daa4      0x1f2 ../bsp//libucosii_bsp.a(alt_iic_isr_register.o)
 .debug_info    0x0000dc96      0x52e ../bsp//libucosii_bsp.a(alt_io_redirect.o)
 .debug_info    0x0000e1c4       0x88 ../bsp//libucosii_bsp.a(alt_irq_entry.o)
 .debug_info    0x0000e24c      0x1a8 ../bsp//libucosii_bsp.a(alt_irq_handler.o)
 .debug_info    0x0000e3f4       0x92 ../bsp//libucosii_bsp.a(alt_irq_vars.o)
 .debug_info    0x0000e486      0x439 ../bsp//libucosii_bsp.a(alt_open.o)
 .debug_info    0x0000e8bf      0x323 ../bsp//libucosii_bsp.a(alt_release_fd.o)
 .debug_info    0x0000ebe2      0x2af ../bsp//libucosii_bsp.a(alt_tick.o)
 .debug_info    0x0000ee91       0x8d ../bsp//libucosii_bsp.a(altera_nios2_qsys_irq.o)
 .debug_info    0x0000ef1e       0x87 ../bsp//libucosii_bsp.a(os_cpu_a.o)
 .debug_info    0x0000efa5      0xdf5 ../bsp//libucosii_bsp.a(os_cpu_c.o)
 .debug_info    0x0000fd9a       0x8e ../bsp//libucosii_bsp.a(alt_exception_entry.o)
 .debug_info    0x0000fe28      0x346 ../bsp//libucosii_bsp.a(alt_find_file.o)
 .debug_info    0x0001016e      0x47a ../bsp//libucosii_bsp.a(alt_get_fd.o)
 .debug_info    0x000105e8      0x181 /opt/altera/13.0sp1/nios2eds/bin/gnu/H-i686-pc-linux-gnu/bin/../lib/gcc/nios2-elf/4.1.2/../../../../nios2-elf/lib/mno-hw-mul/libc.a(lib_a-atexit.o)
 .debug_info    0x00010769      0x93f /opt/altera/13.0sp1/nios2eds/bin/gnu/H-i686-pc-linux-gnu/bin/../lib/gcc/nios2-elf/4.1.2/../../../../nios2-elf/lib/mno-hw-mul/libc.a(lib_a-exit.o)
 .debug_info    0x000110a8      0x93d /opt/altera/13.0sp1/nios2eds/bin/gnu/H-i686-pc-linux-gnu/bin/../lib/gcc/nios2-elf/4.1.2/../../../../nios2-elf/lib/mno-hw-mul/libc.a(lib_a-impure.o)
 .debug_info    0x000119e5       0x8c /opt/altera/13.0sp1/nios2eds/bin/gnu/H-i686-pc-linux-gnu/bin/../lib/gcc/nios2-elf/4.1.2/../../../../nios2-elf/lib/mno-hw-mul/libc.a(lib_a-int_errno.o)
 .debug_info    0x00011a71      0x115 /opt/altera/13.0sp1/nios2eds/bin/gnu/H-i686-pc-linux-gnu/bin/../lib/gcc/nios2-elf/4.1.2/../../../../nios2-elf/lib/mno-hw-mul/libc.a(lib_a-memcmp.o)
 .debug_info    0x00011b86      0x106 /opt/altera/13.0sp1/nios2eds/bin/gnu/H-i686-pc-linux-gnu/bin/../lib/gcc/nios2-elf/4.1.2/../../../../nios2-elf/lib/mno-hw-mul/libc.a(lib_a-memcpy.o)
 .debug_info    0x00011c8c      0x113 /opt/altera/13.0sp1/nios2eds/bin/gnu/H-i686-pc-linux-gnu/bin/../lib/gcc/nios2-elf/4.1.2/../../../../nios2-elf/lib/mno-hw-mul/libc.a(lib_a-memset.o)
 .debug_info    0x00011d9f       0xdb /opt/altera/13.0sp1/nios2eds/bin/gnu/H-i686-pc-linux-gnu/bin/../lib/gcc/nios2-elf/4.1.2/../../../../nios2-elf/lib/mno-hw-mul/libc.a(lib_a-strlen.o)
 .debug_info    0x00011e7a      0x99c /opt/altera/13.0sp1/nios2eds/bin/gnu/H-i686-pc-linux-gnu/bin/../lib/gcc/nios2-elf/4.1.2/../../../../nios2-elf/lib/mno-hw-mul/libc.a(lib_a-__atexit.o)
 .debug_info    0x00012816      0x9e2 /opt/altera/13.0sp1/nios2eds/bin/gnu/H-i686-pc-linux-gnu/bin/../lib/gcc/nios2-elf/4.1.2/../../../../nios2-elf/lib/mno-hw-mul/libc.a(lib_a-__call_atexit.o)
 .debug_info    0x000131f8       0xce /opt/altera/13.0sp1/nios2eds/bin/gnu/H-i686-pc-linux-gnu/bin/../lib/gcc/nios2-elf/4.1.2/mno-hw-mul/libgcc.a(_fixunsdfsi.o)
 .debug_info    0x000132c6      0x493 /opt/altera/13.0sp1/nios2eds/bin/gnu/H-i686-pc-linux-gnu/bin/../lib/gcc/nios2-elf/4.1.2/mno-hw-mul/libgcc.a(_addsub_df.o)
 .debug_info    0x00013759      0x488 /opt/altera/13.0sp1/nios2eds/bin/gnu/H-i686-pc-linux-gnu/bin/../lib/gcc/nios2-elf/4.1.2/mno-hw-mul/libgcc.a(_mul_df.o)
 .debug_info    0x00013be1      0x39b /opt/altera/13.0sp1/nios2eds/bin/gnu/H-i686-pc-linux-gnu/bin/../lib/gcc/nios2-elf/4.1.2/mno-hw-mul/libgcc.a(_div_df.o)
 .debug_info    0x00013f7c      0x29d /opt/altera/13.0sp1/nios2eds/bin/gnu/H-i686-pc-linux-gnu/bin/../lib/gcc/nios2-elf/4.1.2/mno-hw-mul/libgcc.a(_ge_df.o)
 .debug_info    0x00014219      0x218 /opt/altera/13.0sp1/nios2eds/bin/gnu/H-i686-pc-linux-gnu/bin/../lib/gcc/nios2-elf/4.1.2/mno-hw-mul/libgcc.a(_si_to_df.o)
 .debug_info    0x00014431      0x2cd /opt/altera/13.0sp1/nios2eds/bin/gnu/H-i686-pc-linux-gnu/bin/../lib/gcc/nios2-elf/4.1.2/mno-hw-mul/libgcc.a(_df_to_si.o)
 .debug_info    0x000146fe      0x164 /opt/altera/13.0sp1/nios2eds/bin/gnu/H-i686-pc-linux-gnu/bin/../lib/gcc/nios2-elf/4.1.2/mno-hw-mul/libgcc.a(_thenan_df.o)
 .debug_info    0x00014862      0x213 /opt/altera/13.0sp1/nios2eds/bin/gnu/H-i686-pc-linux-gnu/bin/../lib/gcc/nios2-elf/4.1.2/mno-hw-mul/libgcc.a(_usi_to_df.o)
 .debug_info    0x00014a75      0x21c /opt/altera/13.0sp1/nios2eds/bin/gnu/H-i686-pc-linux-gnu/bin/../lib/gcc/nios2-elf/4.1.2/mno-hw-mul/libgcc.a(lib2-divmod.o)
 .debug_info    0x00014c91       0xf3 /opt/altera/13.0sp1/nios2eds/bin/gnu/H-i686-pc-linux-gnu/bin/../lib/gcc/nios2-elf/4.1.2/mno-hw-mul/libgcc.a(lib2-mul.o)
 .debug_info    0x00014d84      0x210 /opt/altera/13.0sp1/nios2eds/bin/gnu/H-i686-pc-linux-gnu/bin/../lib/gcc/nios2-elf/4.1.2/mno-hw-mul/libgcc.a(_muldi3.o)
 .debug_info    0x00014f94      0x130 /opt/altera/13.0sp1/nios2eds/bin/gnu/H-i686-pc-linux-gnu/bin/../lib/gcc/nios2-elf/4.1.2/mno-hw-mul/libgcc.a(_clzsi2.o)
 .debug_info    0x000150c4      0x2fc /opt/altera/13.0sp1/nios2eds/bin/gnu/H-i686-pc-linux-gnu/bin/../lib/gcc/nios2-elf/4.1.2/mno-hw-mul/libgcc.a(_pack_df.o)
 .debug_info    0x000153c0      0x268 /opt/altera/13.0sp1/nios2eds/bin/gnu/H-i686-pc-linux-gnu/bin/../lib/gcc/nios2-elf/4.1.2/mno-hw-mul/libgcc.a(_unpack_df.o)
 .debug_info    0x00015628      0x21b /opt/altera/13.0sp1/nios2eds/bin/gnu/H-i686-pc-linux-gnu/bin/../lib/gcc/nios2-elf/4.1.2/mno-hw-mul/libgcc.a(_fpcmp_parts_df.o)
 .debug_info    0x00015843       0xc9 /opt/altera/13.0sp1/nios2eds/bin/gnu/H-i686-pc-linux-gnu/bin/../lib/gcc/nios2-elf/4.1.2/mno-hw-mul/libgcc.a(_clz.o)
 .debug_info    0x0001590c      0x137 ../bsp//libucosii_bsp.a(alt_exit.o)

.debug_abbrev   0x00000000     0x5e42
 *(.debug_abbrev)
 .debug_abbrev  0x00000000       0x12 ../bsp//obj/HAL/src/crt0.o
 .debug_abbrev  0x00000012       0x77 obj/default/pio_test.o
 .debug_abbrev  0x00000089       0x97 ../bsp//libucosii_bsp.a(alt_load.o)
 .debug_abbrev  0x00000120      0x132 ../bsp//libucosii_bsp.a(alt_main.o)
 .debug_abbrev  0x00000252      0x1ca ../bsp//libucosii_bsp.a(alt_env_lock.o)
 .debug_abbrev  0x0000041c      0x25f ../bsp//libucosii_bsp.a(alt_malloc_lock.o)
 .debug_abbrev  0x0000067b      0x379 ../bsp//libucosii_bsp.a(os_core.o)
 .debug_abbrev  0x000009f4      0x102 ../bsp//libucosii_bsp.a(os_dbg.o)
 .debug_abbrev  0x00000af6      0x297 ../bsp//libucosii_bsp.a(os_flag.o)
 .debug_abbrev  0x00000d8d      0x25a ../bsp//libucosii_bsp.a(os_mem.o)
 .debug_abbrev  0x00000fe7      0x2b0 ../bsp//libucosii_bsp.a(os_q.o)
 .debug_abbrev  0x00001297      0x2b6 ../bsp//libucosii_bsp.a(os_sem.o)
 .debug_abbrev  0x0000154d      0x284 ../bsp//libucosii_bsp.a(os_task.o)
 .debug_abbrev  0x000017d1      0x209 ../bsp//libucosii_bsp.a(os_time.o)
 .debug_abbrev  0x000019da      0x26b ../bsp//libucosii_bsp.a(os_tmr.o)
 .debug_abbrev  0x00001c45      0x1a5 ../bsp//libucosii_bsp.a(alt_sys_init.o)
 .debug_abbrev  0x00001dea      0x158 ../bsp//libucosii_bsp.a(altera_avalon_jtag_uart_fd.o)
 .debug_abbrev  0x00001f42      0x244 ../bsp//libucosii_bsp.a(altera_avalon_jtag_uart_init.o)
 .debug_abbrev  0x00002186      0x151 ../bsp//libucosii_bsp.a(altera_avalon_jtag_uart_ioctl.o)
 .debug_abbrev  0x000022d7      0x201 ../bsp//libucosii_bsp.a(altera_avalon_jtag_uart_read.o)
 .debug_abbrev  0x000024d8      0x1ee ../bsp//libucosii_bsp.a(altera_avalon_jtag_uart_write.o)
 .debug_abbrev  0x000026c6      0x158 ../bsp//libucosii_bsp.a(altera_avalon_timer_sc.o)
 .debug_abbrev  0x0000281e       0x87 ../bsp//libucosii_bsp.a(altera_avalon_timer_vars.o)
 .debug_abbrev  0x000028a5      0x182 ../bsp//libucosii_bsp.a(altera_up_avalon_character_lcd.o)
 .debug_abbrev  0x00002a27      0x179 ../bsp//libucosii_bsp.a(alt_alarm_start.o)
 .debug_abbrev  0x00002ba0      0x120 ../bsp//libucosii_bsp.a(alt_close.o)
 .debug_abbrev  0x00002cc0       0x3f ../bsp//libucosii_bsp.a(alt_dcache_flush_all.o)