Archive member included because of file (symbol)

/opt/altera/13.0sp1/nios2eds/bin/gnu/H-i686-pc-linux-gnu/bin/../lib/gcc/nios2-elf/4.1.2/mno-hw-mul/libgcc.a(_sf_to_df.o)
                              obj/default/context.o (__extendsfdf2)
/opt/altera/13.0sp1/nios2eds/bin/gnu/H-i686-pc-linux-gnu/bin/../lib/gcc/nios2-elf/4.1.2/mno-hw-mul/libgcc.a(_mul_df.o)
                              obj/default/context.o (__muldf3)
/opt/altera/13.0sp1/nios2eds/bin/gnu/H-i686-pc-linux-gnu/bin/../lib/gcc/nios2-elf/4.1.2/mno-hw-mul/libgcc.a(_make_df.o)
                              /opt/altera/13.0sp1/nios2eds/bin/gnu/H-i686-pc-linux-gnu/bin/../lib/gcc/nios2-elf/4.1.2/mno-hw-mul/libgcc.a(_sf_to_df.o) (__make_dp)
/opt/altera/13.0sp1/nios2eds/bin/gnu/H-i686-pc-linux-gnu/bin/../lib/gcc/nios2-elf/4.1.2/mno-hw-mul/libgcc.a(_df_to_sf.o)
                              obj/default/context.o (__truncdfsf2)
/opt/altera/13.0sp1/nios2eds/bin/gnu/H-i686-pc-linux-gnu/bin/../lib/gcc/nios2-elf/4.1.2/mno-hw-mul/libgcc.a(_thenan_df.o)
                              /opt/altera/13.0sp1/nios2eds/bin/gnu/H-i686-pc-linux-gnu/bin/../lib/gcc/nios2-elf/4.1.2/mno-hw-mul/libgcc.a(_mul_df.o) (__thenan_df)
/opt/altera/13.0sp1/nios2eds/bin/gnu/H-i686-pc-linux-gnu/bin/../lib/gcc/nios2-elf/4.1.2/mno-hw-mul/libgcc.a(_usi_to_df.o)
                              obj/default/context.o (__floatunsidf)
/opt/altera/13.0sp1/nios2eds/bin/gnu/H-i686-pc-linux-gnu/bin/../lib/gcc/nios2-elf/4.1.2/mno-hw-mul/libgcc.a(_muldi3.o)
                              /opt/altera/13.0sp1/nios2eds/bin/gnu/H-i686-pc-linux-gnu/bin/../lib/gcc/nios2-elf/4.1.2/mno-hw-mul/libgcc.a(_mul_df.o) (__muldi3)
/opt/altera/13.0sp1/nios2eds/bin/gnu/H-i686-pc-linux-gnu/bin/../lib/gcc/nios2-elf/4.1.2/mno-hw-mul/libgcc.a(_clzsi2.o)
                              /opt/altera/13.0sp1/nios2eds/bin/gnu/H-i686-pc-linux-gnu/bin/../lib/gcc/nios2-elf/4.1.2/mno-hw-mul/libgcc.a(_usi_to_df.o) (__clzsi2)
/opt/altera/13.0sp1/nios2eds/bin/gnu/H-i686-pc-linux-gnu/bin/../lib/gcc/nios2-elf/4.1.2/mno-hw-mul/libgcc.a(_unpack_sf.o)
                              /opt/altera/13.0sp1/nios2eds/bin/gnu/H-i686-pc-linux-gnu/bin/../lib/gcc/nios2-elf/4.1.2/mno-hw-mul/libgcc.a(_sf_to_df.o) (__unpack_f)
/opt/altera/13.0sp1/nios2eds/bin/gnu/H-i686-pc-linux-gnu/bin/../lib/gcc/nios2-elf/4.1.2/mno-hw-mul/libgcc.a(_make_sf.o)
                              /opt/altera/13.0sp1/nios2eds/bin/gnu/H-i686-pc-linux-gnu/bin/../lib/gcc/nios2-elf/4.1.2/mno-hw-mul/libgcc.a(_df_to_sf.o) (__make_fp)
/opt/altera/13.0sp1/nios2eds/bin/gnu/H-i686-pc-linux-gnu/bin/../lib/gcc/nios2-elf/4.1.2/mno-hw-mul/libgcc.a(_pack_df.o)
                              /opt/altera/13.0sp1/nios2eds/bin/gnu/H-i686-pc-linux-gnu/bin/../lib/gcc/nios2-elf/4.1.2/mno-hw-mul/libgcc.a(_mul_df.o) (__pack_d)
/opt/altera/13.0sp1/nios2eds/bin/gnu/H-i686-pc-linux-gnu/bin/../lib/gcc/nios2-elf/4.1.2/mno-hw-mul/libgcc.a(_unpack_df.o)
                              /opt/altera/13.0sp1/nios2eds/bin/gnu/H-i686-pc-linux-gnu/bin/../lib/gcc/nios2-elf/4.1.2/mno-hw-mul/libgcc.a(_mul_df.o) (__unpack_d)
/opt/altera/13.0sp1/nios2eds/bin/gnu/H-i686-pc-linux-gnu/bin/../lib/gcc/nios2-elf/4.1.2/mno-hw-mul/libgcc.a(lib2-mul.o)
                              /opt/altera/13.0sp1/nios2eds/bin/gnu/H-i686-pc-linux-gnu/bin/../lib/gcc/nios2-elf/4.1.2/mno-hw-mul/libgcc.a(_muldi3.o) (__mulsi3)
/opt/altera/13.0sp1/nios2eds/bin/gnu/H-i686-pc-linux-gnu/bin/../lib/gcc/nios2-elf/4.1.2/mno-hw-mul/libgcc.a(_clz.o)
                              /opt/altera/13.0sp1/nios2eds/bin/gnu/H-i686-pc-linux-gnu/bin/../lib/gcc/nios2-elf/4.1.2/mno-hw-mul/libgcc.a(_clzsi2.o) (__clz_tab)
/opt/altera/13.0sp1/nios2eds/bin/gnu/H-i686-pc-linux-gnu/bin/../lib/gcc/nios2-elf/4.1.2/mno-hw-mul/libgcc.a(_pack_sf.o)
                              /opt/altera/13.0sp1/nios2eds/bin/gnu/H-i686-pc-linux-gnu/bin/../lib/gcc/nios2-elf/4.1.2/mno-hw-mul/libgcc.a(_make_sf.o) (__pack_f)
/opt/altera/13.0sp1/nios2eds/bin/gnu/H-i686-pc-linux-gnu/bin/../lib/gcc/nios2-elf/4.1.2/../../../../nios2-elf/lib/mno-hw-mul/libc.a(lib_a-impure.o)
                              obj/default/context.o (_impure_ptr)
/opt/altera/13.0sp1/nios2eds/bin/gnu/H-i686-pc-linux-gnu/bin/../lib/gcc/nios2-elf/4.1.2/../../../../nios2-elf/lib/mno-hw-mul/libc.a(lib_a-printf.o)
                              obj/default/context.o (printf)
/opt/altera/13.0sp1/nios2eds/bin/gnu/H-i686-pc-linux-gnu/bin/../lib/gcc/nios2-elf/4.1.2/../../../../nios2-elf/lib/mno-hw-mul/libc.a(lib_a-putc.o)
                              obj/default/context.o (putc)
/opt/altera/13.0sp1/nios2eds/bin/gnu/H-i686-pc-linux-gnu/bin/../lib/gcc/nios2-elf/4.1.2/../../../../nios2-elf/lib/mno-hw-mul/libc.a(lib_a-puts.o)
                              obj/default/context.o (puts)
/opt/altera/13.0sp1/nios2eds/bin/gnu/H-i686-pc-linux-gnu/bin/../lib/gcc/nios2-elf/4.1.2/../../../../nios2-elf/lib/mno-hw-mul/libc.a(lib_a-strlen.o)
                              obj/default/context.o (strlen)
[...]
Memory Configuration

Name             Origin             Length             Attributes
onchip_memory    0x00000000         0x00006400
sram             0x00100000         0x00080000
reset            0x01000000         0x00000020
sdram            0x01000020         0x007fffe0
*default*        0x00000000         0xffffffff

Linker script and memory map

LOAD ../bsp//obj/HAL/src/crt0.o
LOAD obj/default/context.o
LOAD /opt/altera/13.0sp1/nios2eds/bin/gnu/H-i686-pc-linux-gnu/bin/../lib/gcc/nios2-elf/4.1.2/../../../../nios2-elf/lib/mno-hw-mul/libstdc++.a
LOAD /opt/altera/13.0sp1/nios2eds/bin/gnu/H-i686-pc-linux-gnu/bin/../lib/gcc/nios2-elf/4.1.2/../../../../nios2-elf/lib/mno-hw-mul/libm.a
LOAD /opt/altera/13.0sp1/nios2eds/bin/gnu/H-i686-pc-linux-gnu/bin/../lib/gcc/nios2-elf/4.1.2/mno-hw-mul/libgcc.a
START GROUP
LOAD /opt/altera/13.0sp1/nios2eds/bin/gnu/H-i686-pc-linux-gnu/bin/../lib/gcc/nios2-elf/4.1.2/../../../../nios2-elf/lib/mno-hw-mul/libc.a
LOAD /opt/altera/13.0sp1/nios2eds/bin/gnu/H-i686-pc-linux-gnu/bin/../lib/gcc/nios2-elf/4.1.2/mno-hw-mul/libgcc.a
LOAD ../bsp//libucosii_bsp.a
END GROUP
LOAD /opt/altera/13.0sp1/nios2eds/bin/gnu/H-i686-pc-linux-gnu/bin/../lib/gcc/nios2-elf/4.1.2/mno-hw-mul/libgcc.a
                0x00000000                __alt_mem_onchip_memory = 0x0
                0x00100000                __alt_mem_sram = 0x100000
                0x01000000                __alt_mem_sdram = 0x1000000

.entry          0x01000000       0x20
 *(.entry)
 .entry         0x01000000       0x20 ../bsp//obj/HAL/src/crt0.o
                0x01000000                __reset

.exceptions     0x01000020      0x124 load address 0x00100000
                0x01000020                PROVIDE (__ram_exceptions_start, ABSOLUTE (.))
                0x01000020                . = ALIGN (0x20)
 *(.irq)
 *(.exceptions.entry.label)
 .exceptions.entry.label
                0x01000020        0x0 ../bsp//libucosii_bsp.a(alt_irq_entry.o)
                0x01000020                alt_irq_entry
 .exceptions.entry.label
                0x01000020        0x0 ../bsp//libucosii_bsp.a(alt_exception_entry.o)
                0x01000020                alt_exception
 *(.exceptions.entry.user)
 *(.exceptions.entry)
 .exceptions.entry
                0x01000020       0x54 ../bsp//libucosii_bsp.a(alt_exception_entry.o)
 *(.exceptions.irqtest.user)
 *(.exceptions.irqtest)
 .exceptions.irqtest
                0x01000074       0x10 ../bsp//libucosii_bsp.a(alt_irq_entry.o)
 *(.exceptions.irqhandler.user)
 *(.exceptions.irqhandler)
 .exceptions.irqhandler
                0x01000084        0x4 ../bsp//libucosii_bsp.a(alt_irq_entry.o)
 *(.exceptions.irqreturn.user)
 *(.exceptions.irqreturn)
 .exceptions.irqreturn
                0x01000088        0x4 ../bsp//libucosii_bsp.a(alt_irq_entry.o)
 *(.exceptions.notirq.label)
 .exceptions.notirq.label
                0x0100008c        0x0 ../bsp//libucosii_bsp.a(alt_irq_entry.o)
 *(.exceptions.notirq.user)
 *(.exceptions.notirq)
 .exceptions.notirq
                0x0100008c        0x8 ../bsp//libucosii_bsp.a(alt_exception_entry.o)
 *(.exceptions.soft.user)
 *(.exceptions.soft)
 *(.exceptions.unknown.user)
 *(.exceptions.unknown)
 .exceptions.unknown
                0x01000094        0x4 ../bsp//libucosii_bsp.a(alt_exception_entry.o)
 *(.exceptions.exit.label)
 .exceptions.exit.label
                0x01000098        0x0 ../bsp//libucosii_bsp.a(alt_irq_entry.o)
 .exceptions.exit.label
                0x01000098        0x0 ../bsp//libucosii_bsp.a(alt_exception_entry.o)
 *(.exceptions.exit.user)
 *(.exceptions.exit)
 .exceptions.exit
                0x01000098       0x54 ../bsp//libucosii_bsp.a(alt_exception_entry.o)
 *(.exceptions)
 .exceptions    0x010000ec       0x58 ../bsp//libucosii_bsp.a(alt_irq_handler.o)
                0x010000ec                alt_irq_handler
                0x01000144                PROVIDE (__ram_exceptions_end, ABSOLUTE (.))
                0x00100000                PROVIDE (__flash_exceptions_start, LOADADDR (.exceptions))

.text           0x00100124    0x11550
                0x00100124                PROVIDE (stext, ABSOLUTE (.))
 *(.interp)
 *(.hash)
 *(.dynsym)
 *(.dynstr)
 *(.gnu.version)
 *(.gnu.version_d)
 *(.gnu.version_r)
 *(.rel.init)
 *(.rela.init)
 *(.rel.text .rel.text.* .rel.gnu.linkonce.t.*)
 *(.rela.text .rela.text.* .rela.gnu.linkonce.t.*)
 *(.rel.fini)
 *(.rela.fini)
 *(.rel.rodata .rel.rodata.* .rel.gnu.linkonce.r.*)
 *(.rela.rodata .rela.rodata.* .rela.gnu.linkonce.r.*)
 *(.rel.data .rel.data.* .rel.gnu.linkonce.d.*)
 *(.rela.data .rela.data.* .rela.gnu.linkonce.d.*)
 *(.rel.tdata .rel.tdata.* .rel.gnu.linkonce.td.*)
 *(.rela.tdata .rela.tdata.* .rela.gnu.linkonce.td.*)
 *(.rel.tbss .rel.tbss.* .rel.gnu.linkonce.tb.*)
 *(.rela.tbss .rela.tbss.* .rela.gnu.linkonce.tb.*)
 *(.rel.ctors)
 *(.rela.ctors)
 *(.rel.dtors)
 *(.rela.dtors)
 *(.rel.got)
 *(.rela.got)
 *(.rel.sdata .rel.sdata.* .rel.gnu.linkonce.s.*)
 *(.rela.sdata .rela.sdata.* .rela.gnu.linkonce.s.*)
 *(.rel.sbss .rel.sbss.* .rel.gnu.linkonce.sb.*)
 *(.rela.sbss .rela.sbss.* .rela.gnu.linkonce.sb.*)
 *(.rel.sdata2 .rel.sdata2.* .rel.gnu.linkonce.s2.*)
 *(.rela.sdata2 .rela.sdata2.* .rela.gnu.linkonce.s2.*)
 *(.rel.sbss2 .rel.sbss2.* .rel.gnu.linkonce.sb2.*)
 *(.rela.sbss2 .rela.sbss2.* .rela.gnu.linkonce.sb2.*)
 *(.rel.bss .rel.bss.* .rel.gnu.linkonce.b.*)
 *(.rela.bss .rela.bss.* .rela.gnu.linkonce.b.*)
 *(.rel.plt)
 *(.rela.plt)
 *(.rel.dyn)
 *(.init)
 *(.plt)
 *(.text .stub .text.* .gnu.linkonce.t.*)
 .text          0x00100124       0x3c ../bsp//obj/HAL/src/crt0.o
                0x00100124                _start
 .text          0x00100160      0x36c obj/default/context.o
                0x00100160                printStackSize
                0x0010019c                task1
                0x00100268                task2
                0x001003a0                statisticTask
                0x001003e8                main
 .text          0x001004cc       0x54 /opt/altera/13.0sp1/nios2eds/bin/gnu/H-i686-pc-linux-gnu/bin/../lib/gcc/nios2-elf/4.1.2/mno-hw-mul/libgcc.a(_sf_to_df.o)
                0x001004cc                __extendsfdf2
 .text          0x00100520      0x3c4 /opt/altera/13.0sp1/nios2eds/bin/gnu/H-i686-pc-linux-gnu/bin/../lib/gcc/nios2-elf/4.1.2/mno-hw-mul/libgcc.a(_mul_df.o)
                0x00100520                __muldf3
 .text          0x001008e4       0x38 /opt/altera/13.0sp1/nios2eds/bin/gnu/H-i686-pc-linux-gnu/bin/../lib/gcc/nios2-elf/4.1.2/mno-hw-mul/libgcc.a(_make_df.o)
                0x001008e4                __make_dp
 .text          0x0010091c       0x74 /opt/altera/13.0sp1/nios2eds/bin/gnu/H-i686-pc-linux-gnu/bin/../lib/gcc/nios2-elf/4.1.2/mno-hw-mul/libgcc.a(_df_to_sf.o)
                0x0010091c                __truncdfsf2
 .text          0x00100990        0x0 /opt/altera/13.0sp1/nios2eds/bin/gnu/H-i686-pc-linux-gnu/bin/../lib/gcc/nios2-elf/4.1.2/mno-hw-mul/libgcc.a(_thenan_df.o)
 .text          0x00100990      0x194 /opt/altera/13.0sp1/nios2eds/bin/gnu/H-i686-pc-linux-gnu/bin/../lib/gcc/nios2-elf/4.1.2/mno-hw-mul/libgcc.a(_usi_to_df.o)
                0x00100990                __floatunsidf
 .text          0x00100b24      0x124 /opt/altera/13.0sp1/nios2eds/bin/gnu/H-i686-pc-linux-gnu/bin/../lib/gcc/nios2-elf/4.1.2/mno-hw-mul/libgcc.a(_muldi3.o)
                0x00100b24                __muldi3
 .text          0x00100c48       0x80 /opt/altera/13.0sp1/nios2eds/bin/gnu/H-i686-pc-linux-gnu/bin/../lib/gcc/nios2-elf/4.1.2/mno-hw-mul/libgcc.a(_clzsi2.o)
                0x00100c48                __clzsi2
 .text          0x00100cc8       0xc8 /opt/altera/13.0sp1/nios2eds/bin/gnu/H-i686-pc-linux-gnu/bin/../lib/gcc/nios2-elf/4.1.2/mno-hw-mul/libgcc.a(_unpack_sf.o)
                0x00100cc8                __unpack_f
 .text          0x00100d90       0x2c /opt/altera/13.0sp1/nios2eds/bin/gnu/H-i686-pc-linux-gnu/bin/../lib/gcc/nios2-elf/4.1.2/mno-hw-mul/libgcc.a(_make_sf.o)
                0x00100d90                __make_fp
 .text          0x00100dbc      0x314 /opt/altera/13.0sp1/nios2eds/bin/gnu/H-i686-pc-linux-gnu/bin/../lib/gcc/nios2-elf/4.1.2/mno-hw-mul/libgcc.a(_pack_df.o)
                0x00100dbc                __pack_d
 .text          0x001010d0      0x138 /opt/altera/13.0sp1/nios2eds/bin/gnu/H-i686-pc-linux-gnu/bin/../lib/gcc/nios2-elf/4.1.2/mno-hw-mul/libgcc.a(_unpack_df.o)
                0x001010d0                __unpack_d
 .text          0x00101208       0x38 /opt/altera/13.0sp1/nios2eds/bin/gnu/H-i686-pc-linux-gnu/bin/../lib/gcc/nios2-elf/4.1.2/mno-hw-mul/libgcc.a(lib2-mul.o)
                0x00101208                __mulsi3
 .text          0x00101240        0x0 /opt/altera/13.0sp1/nios2eds/bin/gnu/H-i686-pc-linux-gnu/bin/../lib/gcc/nios2-elf/4.1.2/mno-hw-mul/libgcc.a(_clz.o)
 .text          0x00101240      0x160 /opt/altera/13.0sp1/nios2eds/bin/gnu/H-i686-pc-linux-gnu/bin/../lib/gcc/nios2-elf/4.1.2/mno-hw-mul/libgcc.a(_pack_sf.o)
                0x00101240                __pack_f
 .text          0x001013a0        0x0 /opt/altera/13.0sp1/nios2eds/bin/gnu/H-i686-pc-linux-gnu/bin/../lib/gcc/nios2-elf/4.1.2/../../../../nios2-elf/lib/mno-hw-mul/libc.a(lib_a-impure.o)
 .text          0x001013a0       0x78 /opt/altera/13.0sp1/nios2eds/bin/gnu/H-i686-pc-linux-gnu/bin/../lib/gcc/nios2-elf/4.1.2/../../../../nios2-elf/lib/mno-hw-mul/libc.a(lib_a-printf.o)
                0x001013a0                printf
                0x001013e4                _printf_r
 .text          0x00101418      0x1ec /opt/altera/13.0sp1/nios2eds/bin/gnu/H-i686-pc-linux-gnu/bin/../lib/gcc/nios2-elf/4.1.2/../../../../nios2-elf/lib/mno-hw-mul/libc.a(lib_a-putc.o)
                0x00101418                putc
                0x0010151c                _putc_r
 .text          0x00101604       0xb4 /opt/altera/13.0sp1/nios2eds/bin/gnu/H-i686-pc-linux-gnu/bin/../lib/gcc/nios2-elf/4.1.2/../../../../nios2-elf/lib/mno-hw-mul/libc.a(lib_a-puts.o)
                0x00101604                _puts_r
                0x001016a4                puts
 .text          0x001016b8       0x74 /opt/altera/13.0sp1/nios2eds/bin/gnu/H-i686-pc-linux-gnu/bin/../lib/gcc/nios2-elf/4.1.2/../../../../nios2-elf/lib/mno-hw-mul/libc.a(lib_a-strlen.o)
                0x001016b8                strlen
 .text          0x0010172c     0x1f40 /opt/altera/13.0sp1/nios2eds/bin/gnu/H-i686-pc-linux-gnu/bin/../lib/gcc/nios2-elf/4.1.2/../../../../nios2-elf/lib/mno-hw-mul/libc.a(lib_a-vfprintf.o)
                0x00101784                ___vfprintf_internal_r
                0x00103648                __vfprintf_internal
 .text          0x0010366c      0x14c /opt/altera/13.0sp1/nios2eds/bin/gnu/H-i686-pc-linux-gnu/bin/../lib/gcc/nios2-elf/4.1.2/../../../../nios2-elf/lib/mno-hw-mul/libc.a(lib_a-wbuf.o)
                0x0010366c                __swbuf_r
                0x0010379c                __swbuf
 .text          0x001037b8      0x13c /opt/altera/13.0sp1/nios2eds/bin/gnu/H-i686-pc-linux-gnu/bin/../lib/gcc/nios2-elf/4.1.2/../../../../nios2-elf/lib/mno-hw-mul/libc.a(lib_a-wsetup.o)
                0x001037b8                __swsetup_r
 .text          0x001038f4     0x17f8 /opt/altera/13.0sp1/nios2eds/bin/gnu/H-i686-pc-linux-gnu/bin/../lib/gcc/nios2-elf/4.1.2/../../../../nios2-elf/lib/mno-hw-mul/libc.a(lib_a-dtoa.o)
                0x00103b38                _dtoa_r
 .text          0x001050ec      0x230 /opt/altera/13.0sp1/nios2eds/bin/gnu/H-i686-pc-linux-gnu/bin/../lib/gcc/nios2-elf/4.1.2/../../../../nios2-elf/lib/mno-hw-mul/libc.a(lib_a-fflush.o)
                0x001050ec                _fflush_r
                0x001052e8                fflush
 .text          0x0010531c      0x2f4 /opt/altera/13.0sp1/nios2eds/bin/gnu/H-i686-pc-linux-gnu/bin/../lib/gcc/nios2-elf/4.1.2/../../../../nios2-elf/lib/mno-hw-mul/libc.a(lib_a-findfp.o)
                0x00105374                __sfp_lock_acquire
                0x00105378                __sfp_lock_release
                0x0010537c                __sinit_lock_acquire
                0x00105380                __sinit_lock_release
                0x00105384                __sinit
                0x00105438                __fp_unlock_all
                0x00105450                __fp_lock_all
                0x00105468                _cleanup_r
                0x00105474                _cleanup
                0x00105484                __sfmoreglue
                0x00105520                __sfp
 .text          0x00105610      0x440 /opt/altera/13.0sp1/nios2eds/bin/gnu/H-i686-pc-linux-gnu/bin/../lib/gcc/nios2-elf/4.1.2/../../../../nios2-elf/lib/mno-hw-mul/libc.a(lib_a-freer.o)
                0x00105610                _malloc_trim_r
                0x0010573c                _free_r
 .text          0x00105a50      0x49c /opt/altera/13.0sp1/nios2eds/bin/gnu/H-i686-pc-linux-gnu/bin/../lib/gcc/nios2-elf/4.1.2/../../../../nios2-elf/lib/mno-hw-mul/libc.a(lib_a-fvwrite.o)
                0x00105a50                __sfvwrite_r
 .text          0x00105eec      0x180 /opt/altera/13.0sp1/nios2eds/bin/gnu/H-i686-pc-linux-gnu/bin/../lib/gcc/nios2-elf/4.1.2/../../../../nios2-elf/lib/mno-hw-mul/libc.a(lib_a-fwalk.o)
                0x00105eec                _fwalk_reent
                0x00105fb4                _fwalk
 .text          0x0010606c       0xc4 /opt/altera/13.0sp1/nios2eds/bin/gnu/H-i686-pc-linux-gnu/bin/../lib/gcc/nios2-elf/4.1.2/../../../../nios2-elf/lib/mno-hw-mul/libc.a(lib_a-locale.o)
                0x0010606c                __locale_charset
                0x00106074                _localeconv_r
                0x00106080                localeconv
                0x00106090                _setlocale_r
                0x00106114                setlocale
 .text          0x00106130      0x194 /opt/altera/13.0sp1/nios2eds/bin/gnu/H-i686-pc-linux-gnu/bin/../lib/gcc/nios2-elf/4.1.2/../../../../nios2-elf/lib/mno-hw-mul/libc.a(lib_a-makebuf.o)
                0x00106130                __smakebuf_r
 .text          0x001062c4      0x740 /opt/altera/13.0sp1/nios2eds/bin/gnu/H-i686-pc-linux-gnu/bin/../lib/gcc/nios2-elf/4.1.2/../../../../nios2-elf/lib/mno-hw-mul/libc.a(lib_a-mallocr.o)
                0x001062c4                _malloc_r
 .text          0x00106a04       0xe4 /opt/altera/13.0sp1/nios2eds/bin/gnu/H-i686-pc-linux-gnu/bin/../lib/gcc/nios2-elf/4.1.2/../../../../nios2-elf/lib/mno-hw-mul/libc.a(lib_a-memchr.o)
                0x00106a04                memchr
 .text          0x00106ae8       0xa0 /opt/altera/13.0sp1/nios2eds/bin/gnu/H-i686-pc-linux-gnu/bin/../lib/gcc/nios2-elf/4.1.2/../../../../nios2-elf/lib/mno-hw-mul/libc.a(lib_a-memcpy.o)
                0x00106ae8                memcpy
 .text          0x00106b88       0xe0 /opt/altera/13.0sp1/nios2eds/bin/gnu/H-i686-pc-linux-gnu/bin/../lib/gcc/nios2-elf/4.1.2/../../../../nios2-elf/lib/mno-hw-mul/libc.a(lib_a-memmove.o)
                0x00106b88                memmove
 .text          0x00106c68       0x98 /opt/altera/13.0sp1/nios2eds/bin/gnu/H-i686-pc-linux-gnu/bin/../lib/gcc/nios2-elf/4.1.2/../../../../nios2-elf/lib/mno-hw-mul/libc.a(lib_a-memset.o)
                0x00106c68                memset
 .text          0x00106d00     0x108c /opt/altera/13.0sp1/nios2eds/bin/gnu/H-i686-pc-linux-gnu/bin/../lib/gcc/nios2-elf/4.1.2/../../../../nios2-elf/lib/mno-hw-mul/libc.a(lib_a-mprec.o)
                0x00106d00                _Bfree
                0x00106d28                __hi0bits
                0x00106d98                __lo0bits
                0x00106e5c                __mcmp
                0x00106ebc                __ulp
                0x00106f3c                __b2d
                0x0010705c                __ratio
                0x0010710c                _mprec_log10
                0x001071a0                __copybits
                0x001071f8                __any_on
                0x00107280                _Balloc
                0x0010733c                __d2b
                0x001074b8                __mdiff
                0x00107644                __lshift
                0x00107790                __multiply
                0x001079e4                __i2b
                0x00107a20                __multadd
                0x00107b4c                __pow5mult
                0x00107c6c                __s2b
 .text          0x00107d8c      0x5f4 /opt/altera/13.0sp1/nios2eds/bin/gnu/H-i686-pc-linux-gnu/bin/../lib/gcc/nios2-elf/4.1.2/../../../../nios2-elf/lib/mno-hw-mul/libc.a(lib_a-reallocr.o)
                0x00107d8c                _realloc_r
 .text          0x00108380       0x40 /opt/altera/13.0sp1/nios2eds/bin/gnu/H-i686-pc-linux-gnu/bin/../lib/gcc/nios2-elf/4.1.2/../../../../nios2-elf/lib/mno-hw-mul/libc.a(lib_a-s_isinfd.o)
                0x00108380                __isinfd
 .text          0x001083c0       0x30 /opt/altera/13.0sp1/nios2eds/bin/gnu/H-i686-pc-linux-gnu/bin/../lib/gcc/nios2-elf/4.1.2/../../../../nios2-elf/lib/mno-hw-mul/libc.a(lib_a-s_isnand.o)
                0x001083c0                __isnand
 .text          0x001083f0       0x70 /opt/altera/13.0sp1/nios2eds/bin/gnu/H-i686-pc-linux-gnu/bin/../lib/gcc/nios2-elf/4.1.2/../../../../nios2-elf/lib/mno-hw-mul/libc.a(lib_a-sbrkr.o)
                0x001083f0                _sbrk_r
 .text          0x00108460      0x14c /opt/altera/13.0sp1/nios2eds/bin/gnu/H-i686-pc-linux-gnu/bin/../lib/gcc/nios2-elf/4.1.2/../../../../nios2-elf/lib/mno-hw-mul/libc.a(lib_a-stdio.o)
                0x00108460                __sclose
                0x00108468                __sseek
                0x001084d0                __swrite
                0x0010854c                __sread
 .text          0x001085ac       0xbc /opt/altera/13.0sp1/nios2eds/bin/gnu/H-i686-pc-linux-gnu/bin/../lib/gcc/nios2-elf/4.1.2/../../../../nios2-elf/lib/mno-hw-mul/libc.a(lib_a-strcmp.o)
                0x001085ac                strcmp
 .text          0x00108668       0x78 /opt/altera/13.0sp1/nios2eds/bin/gnu/H-i686-pc-linux-gnu/bin/../lib/gcc/nios2-elf/4.1.2/../../../../nios2-elf/lib/mno-hw-mul/libc.a(lib_a-writer.o)
                0x00108668                _write_r
 .text          0x001086e0       0xc8 /opt/altera/13.0sp1/nios2eds/bin/gnu/H-i686-pc-linux-gnu/bin/../lib/gcc/nios2-elf/4.1.2/../../../../nios2-elf/lib/mno-hw-mul/libc.a(lib_a-callocr.o)
                0x001086e0                _calloc_r
 .text          0x001087a8       0x70 /opt/altera/13.0sp1/nios2eds/bin/gnu/H-i686-pc-linux-gnu/bin/../lib/gcc/nios2-elf/4.1.2/../../../../nios2-elf/lib/mno-hw-mul/libc.a(lib_a-closer.o)
                0x001087a8                _close_r
 .text          0x00108818      0x124 /opt/altera/13.0sp1/nios2eds/bin/gnu/H-i686-pc-linux-gnu/bin/../lib/gcc/nios2-elf/4.1.2/../../../../nios2-elf/lib/mno-hw-mul/libc.a(lib_a-fclose.o)
                0x00108818                _fclose_r
                0x00108928                fclose
 .text          0x0010893c       0x74 /opt/altera/13.0sp1/nios2eds/bin/gnu/H-i686-pc-linux-gnu/bin/../lib/gcc/nios2-elf/4.1.2/../../../../nios2-elf/lib/mno-hw-mul/libc.a(lib_a-fstatr.o)
                0x0010893c                _fstat_r
 .text          0x001089b0        0x0 /opt/altera/13.0sp1/nios2eds/bin/gnu/H-i686-pc-linux-gnu/bin/../lib/gcc/nios2-elf/4.1.2/../../../../nios2-elf/lib/mno-hw-mul/libc.a(lib_a-int_errno.o)
 .text          0x001089b0       0x70 /opt/altera/13.0sp1/nios2eds/bin/gnu/H-i686-pc-linux-gnu/bin/../lib/gcc/nios2-elf/4.1.2/../../../../nios2-elf/lib/mno-hw-mul/libc.a(lib_a-isattyr.o)
                0x001089b0                _isatty_r
 .text          0x00108a20       0x78 /opt/altera/13.0sp1/nios2eds/bin/gnu/H-i686-pc-linux-gnu/bin/../lib/gcc/nios2-elf/4.1.2/../../../../nios2-elf/lib/mno-hw-mul/libc.a(lib_a-lseekr.o)
                0x00108a20                _lseek_r
 .text          0x00108a98       0x78 /opt/altera/13.0sp1/nios2eds/bin/gnu/H-i686-pc-linux-gnu/bin/../lib/gcc/nios2-elf/4.1.2/../../../../nios2-elf/lib/mno-hw-mul/libc.a(lib_a-readr.o)
                0x00108a98                _read_r
 .text          0x00108b10      0x66c /opt/altera/13.0sp1/nios2eds/bin/gnu/H-i686-pc-linux-gnu/bin/../lib/gcc/nios2-elf/4.1.2/mno-hw-mul/libgcc.a(_udivdi3.o)
                0x00108b10                __udivdi3
 .text          0x0010917c      0x660 /opt/altera/13.0sp1/nios2eds/bin/gnu/H-i686-pc-linux-gnu/bin/../lib/gcc/nios2-elf/4.1.2/mno-hw-mul/libgcc.a(_umoddi3.o)
                0x0010917c                __umoddi3
 .text          0x001097dc      0x504 /opt/altera/13.0sp1/nios2eds/bin/gnu/H-i686-pc-linux-gnu/bin/../lib/gcc/nios2-elf/4.1.2/mno-hw-mul/libgcc.a(_addsub_df.o)
                0x00109bec                __subdf3
                0x00109c6c                __adddf3
 .text          0x00109ce0      0x258 /opt/altera/13.0sp1/nios2eds/bin/gnu/H-i686-pc-linux-gnu/bin/../lib/gcc/nios2-elf/4.1.2/mno-hw-mul/libgcc.a(_div_df.o)
                0x00109ce0                __divdf3
 .text          0x00109f38       0x88 /opt/altera/13.0sp1/nios2eds/bin/gnu/H-i686-pc-linux-gnu/bin/../lib/gcc/nios2-elf/4.1.2/mno-hw-mul/libgcc.a(_eq_df.o)
                0x00109f38                __eqdf2
 .text          0x00109fc0       0x88 /opt/altera/13.0sp1/nios2eds/bin/gnu/H-i686-pc-linux-gnu/bin/../lib/gcc/nios2-elf/4.1.2/mno-hw-mul/libgcc.a(_ne_df.o)
                0x00109fc0                __nedf2
 .text          0x0010a048       0x88 /opt/altera/13.0sp1/nios2eds/bin/gnu/H-i686-pc-linux-gnu/bin/../lib/gcc/nios2-elf/4.1.2/mno-hw-mul/libgcc.a(_gt_df.o)
                0x0010a048                __gtdf2
 .text          0x0010a0d0       0x88 /opt/altera/13.0sp1/nios2eds/bin/gnu/H-i686-pc-linux-gnu/bin/../lib/gcc/nios2-elf/4.1.2/mno-hw-mul/libgcc.a(_ge_df.o)
                0x0010a0d0                __gedf2
 .text          0x0010a158       0x88 /opt/altera/13.0sp1/nios2eds/bin/gnu/H-i686-pc-linux-gnu/bin/../lib/gcc/nios2-elf/4.1.2/mno-hw-mul/libgcc.a(_lt_df.o)
                0x0010a158                __ltdf2
 .text          0x0010a1e0       0xf8 /opt/altera/13.0sp1/nios2eds/bin/gnu/H-i686-pc-linux-gnu/bin/../lib/gcc/nios2-elf/4.1.2/mno-hw-mul/libgcc.a(_si_to_df.o)
                0x0010a1e0                __floatsidf
 .text          0x0010a2d8       0xd8 /opt/altera/13.0sp1/nios2eds/bin/gnu/H-i686-pc-linux-gnu/bin/../lib/gcc/nios2-elf/4.1.2/mno-hw-mul/libgcc.a(_df_to_si.o)
                0x0010a2d8                __fixdfsi
 .text          0x0010a3b0      0x14c /opt/altera/13.0sp1/nios2eds/bin/gnu/H-i686-pc-linux-gnu/bin/../lib/gcc/nios2-elf/4.1.2/mno-hw-mul/libgcc.a(lib2-divmod.o)
                0x0010a42c                __divsi3
                0x0010a48c                __modsi3
                0x0010a4ec                __udivsi3
                0x0010a4f4                __umodsi3
 .text          0x0010a4fc       0xc8 /opt/altera/13.0sp1/nios2eds/bin/gnu/H-i686-pc-linux-gnu/bin/../lib/gcc/nios2-elf/4.1.2/mno-hw-mul/libgcc.a(_fpcmp_parts_df.o)
                0x0010a4fc                __fpcmp_parts_d
 .text          0x0010a5c4       0xbc ../bsp//libucosii_bsp.a(alt_close.o)
                0x0010a5e4                close
 .text          0x0010a680        0x8 ../bsp//libucosii_bsp.a(alt_dev.o)
 .text          0x0010a688        0x0 ../bsp//libucosii_bsp.a(alt_errno.o)
 .text          0x0010a688       0x9c ../bsp//libucosii_bsp.a(alt_fstat.o)
                0x0010a688                fstat
 .text          0x0010a724       0x94 ../bsp//libucosii_bsp.a(alt_isatty.o)
                0x0010a724                isatty
 .text          0x0010a7b8       0x8c ../bsp//libucosii_bsp.a(alt_load.o)
                0x0010a7d8                alt_load
 .text          0x0010a844       0xb8 ../bsp//libucosii_bsp.a(alt_lseek.o)
                0x0010a844                lseek
 .text          0x0010a8fc       0xa8 ../bsp//libucosii_bsp.a(alt_main.o)
                0x0010a8fc                alt_main
 .text          0x0010a9a4       0xd8 ../bsp//libucosii_bsp.a(alt_read.o)
                0x0010a9c4                read
 .text          0x0010aa7c       0x5c ../bsp//libucosii_bsp.a(alt_release_fd.o)
                0x0010aa7c                alt_release_fd
 .text          0x0010aad8       0x50 ../bsp//libucosii_bsp.a(alt_sbrk.o)
                0x0010aad8                sbrk
 .text          0x0010ab28       0xd4 ../bsp//libucosii_bsp.a(alt_write.o)
                0x0010ab48                write
 .text          0x0010abfc       0xa8 ../bsp//libucosii_bsp.a(alt_env_lock.o)
                0x0010abfc                __env_unlock
                0x0010ac24                __env_lock
 .text          0x0010aca4      0x110 ../bsp//libucosii_bsp.a(alt_malloc_lock.o)
                0x0010aca4                __malloc_unlock
                0x0010ad00                __malloc_lock
 .text          0x0010adb4     0x1118 ../bsp//libucosii_bsp.a(os_core.o)
                0x0010adb4                OSVersion
                0x0010adbc                OS_Dummy
                0x0010adc0                OS_EventTaskWait
                0x0010ae44                OS_EventTaskWaitMulti
                0x0010aee4                OS_EventTaskRemove
                0x0010af30                OS_EventTaskRemoveMulti
                0x0010af8c                OS_EventTaskRdy
                0x0010b080                OS_EventWaitListInit
                0x0010b09c                OS_MemClr
                0x0010b0b8                OS_MemCopy
                0x0010b0dc                OS_StrCopy
                0x0010b108                OS_StrLen
                0x0010b128                OS_TaskStatStkChk
                0x0010b1ac                OS_Sched
                0x0010b264                OSStart
                0x0010b2d0                OSInit
                0x0010b4b0                OSEventNameGet
                0x0010b568                OSEventPendMulti
                0x0010b8c0                OSIntEnter
                0x0010b8fc                OSSchedLock
                0x0010b940                OSSchedUnlock
                0x0010b994                OSStatInit
                0x0010b9f8                OSTimeTick
                0x0010bb04                OS_TaskIdle
                0x0010bb34                OS_TaskStat
                0x0010bbb8                OS_TCBInit
                0x0010bd3c                OSIntExit
                0x0010be10                OSEventNameSet
 .text          0x0010becc        0x4 ../bsp//libucosii_bsp.a(os_dbg.o)
                0x0010becc                OSDebugInit
 .text          0x0010bed0      0xc5c ../bsp//libucosii_bsp.a(os_flag.o)
                0x0010bf88                OS_FlagUnlink
                0x0010c054                OS_FlagInit
                0x0010c0c4                OSFlagQuery
                0x0010c120                OSFlagAccept
                0x0010c290                OSFlagCreate
                0x0010c318                OSFlagDel
                0x0010c478                OSFlagNameGet
                0x0010c538                OSFlagNameSet
                0x0010c60c                OSFlagPend
                0x0010c90c                OSFlagPendGetFlagsRdy
                0x0010c938                OSFlagPost
 .text          0x0010cb2c      0x3b8 ../bsp//libucosii_bsp.a(os_mem.o)
                0x0010cb2c                OS_MemInit
                0x0010cb94                OSMemQuery
                0x0010cbf8                OSMemCreate
                0x0010ccc8                OSMemGet
                0x0010cd34                OSMemNameGet
                0x0010cdd0                OSMemNameSet
                0x0010ce8c                OSMemPut
 .text          0x0010cee4      0x9c4 ../bsp//libucosii_bsp.a(os_q.o)
                0x0010cee4                OS_QInit
                0x0010cf34                OSQQuery
                0x0010cfcc                OSQAccept
                0x0010d068                OSQCreate
                0x0010d168                OSQDel
                0x0010d2ec                OSQFlush
                0x0010d33c                OSQPend
                0x0010d4fc                OSQPendAbort
                0x0010d5e4                OSQPost
                0x0010d6a0                OSQPostFront
                0x0010d764                OSQPostOpt
 .text          0x0010d8a8      0x5e0 ../bsp//libucosii_bsp.a(os_sem.o)
                0x0010d8a8                OSSemSet
                0x0010d90c                OSSemAccept
                0x0010d950                OSSemCreate
                0x0010d9dc                OSSemDel
                0x0010db30                OSSemPend
                0x0010dc98                OSSemPendAbort
                0x0010dd84                OSSemPost
                0x0010de20                OSSemQuery
 .text          0x0010de88      0xe74 ../bsp//libucosii_bsp.a(os_task.o)
                0x0010de88                OS_TaskStkClr
                0x0010deb8                OSTaskQuery
                0x0010df80                OSTaskChangePrio
                0x0010e21c                OSTaskCreate
                0x0010e328                OSTaskCreateExt
                0x0010e4a0                OSTaskDel
                0x0010e6ec                OSTaskDelReq
                0x0010e7a0                OSTaskNameGet
                0x0010e8a8                OSTaskNameSet
                0x0010e9c4                OSTaskResume
                0x0010eac8                OSTaskStkChk
                0x0010ebb8                OSTaskSuspend
 .text          0x0010ecfc      0x378 ../bsp//libucosii_bsp.a(os_time.o)
                0x0010ecfc                OSTimeSet
                0x0010ed20                OSTimeDly
                0x0010edb8                OSTimeDlyHMSM
                0x0010ef58                OSTimeDlyResume
                0x0010f050                OSTimeGet
 .text          0x0010f074      0xb94 ../bsp//libucosii_bsp.a(os_tmr.o)
                0x0010f1e0                OSTmr_Init
                0x0010f43c                OSTmrStop
                0x0010f598                OSTmrStart
                0x0010f69c                OSTmrStateGet
                0x0010f744                OSTmrRemainGet
                0x0010f85c                OSTmrDel
                0x0010f958                OSTmrSignal
                0x0010f980                OSTmrNameGet
                0x0010fa6c                OSTmrCreate
 .text          0x0010fc08       0xc0 ../bsp//libucosii_bsp.a(alt_sys_init.o)
                0x0010fc14                alt_sys_init
                0x0010fca8                alt_irq_init
 .text          0x0010fcc8       0x3c ../bsp//libucosii_bsp.a(altera_avalon_jtag_uart_fd.o)
                0x0010fcc8                altera_avalon_jtag_uart_ioctl_fd
                0x0010fcd4                altera_avalon_jtag_uart_close_fd
                0x0010fce4                altera_avalon_jtag_uart_write_fd
                0x0010fcf4                altera_avalon_jtag_uart_read_fd
 .text          0x0010fd04      0x2f4 ../bsp//libucosii_bsp.a(altera_avalon_jtag_uart_init.o)
                0x0010fd04                altera_avalon_jtag_uart_close
                0x0010fdc4                altera_avalon_jtag_uart_init
 .text          0x0010fff8       0x7c ../bsp//libucosii_bsp.a(altera_avalon_jtag_uart_ioctl.o)
                0x0010fff8                altera_avalon_jtag_uart_ioctl
 .text          0x00110074      0x1ac ../bsp//libucosii_bsp.a(altera_avalon_jtag_uart_read.o)
                0x00110074                altera_avalon_jtag_uart_read
 .text          0x00110220      0x1b8 ../bsp//libucosii_bsp.a(altera_avalon_jtag_uart_write.o)
                0x00110220                altera_avalon_jtag_uart_write
 .text          0x001103d8       0x8c ../bsp//libucosii_bsp.a(altera_avalon_timer_sc.o)
                0x001103d8                alt_avalon_timer_sc_init
 .text          0x00110464       0xa0 ../bsp//libucosii_bsp.a(altera_avalon_timer_ts.o)
                0x00110464                alt_timestamp_freq
                0x00110474                alt_timestamp_start
                0x001104bc                alt_timestamp
 .text          0x00110504        0x0 ../bsp//libucosii_bsp.a(altera_avalon_timer_vars.o)
 .text          0x00110504      0x250 ../bsp//libucosii_bsp.a(altera_up_avalon_character_lcd.o)
                0x00110504                get_DDRAM_addr
                0x0011051c                alt_up_character_lcd_string
                0x00110538                alt_up_character_lcd_write
                0x0011055c                alt_up_character_lcd_write_fd
                0x0011057c                alt_up_character_lcd_init
                0x0011058c                alt_up_character_lcd_send_cmd
                0x0011059c                alt_up_character_lcd_cursor_blink_on
                0x001105a4                alt_up_character_lcd_cursor_off
                0x001105ac                alt_up_character_lcd_erase_pos
                0x00110610                alt_up_character_lcd_shift_display
                0x00110680                alt_up_character_lcd_shift_cursor
                0x001106f0                alt_up_character_lcd_set_cursor_pos
                0x00110748                alt_up_character_lcd_open_dev
 .text          0x00110754       0x90 ../bsp//libucosii_bsp.a(alt_alarm_start.o)
                0x00110754                alt_alarm_start
 .text          0x001107e4        0x4 ../bsp//libucosii_bsp.a(alt_dcache_flush_all.o)
                0x001107e4                alt_dcache_flush_all
 .text          0x001107e8       0x70 ../bsp//libucosii_bsp.a(alt_dev_llist_insert.o)
                0x001107e8                alt_dev_llist_insert
 .text          0x00110858       0x40 ../bsp//libucosii_bsp.a(alt_do_ctors.o)
                0x00110858                _do_ctors
 .text          0x00110898       0x40 ../bsp//libucosii_bsp.a(alt_do_dtors.o)
                0x00110898                _do_dtors
 .text          0x001108d8       0x70 ../bsp//libucosii_bsp.a(alt_find_dev.o)
                0x001108d8                alt_find_dev
 .text          0x00110948        0x4 ../bsp//libucosii_bsp.a(alt_icache_flush_all.o)
                0x00110948                alt_icache_flush_all
 .text          0x0011094c       0x9c ../bsp//libucosii_bsp.a(alt_iic.o)
                0x0011094c                alt_ic_irq_enabled
                0x00110964                alt_ic_irq_enable
                0x001109a4                alt_ic_irq_disable
                0x001109e4                alt_ic_isr_register
 .text          0x001109e8       0x6c ../bsp//libucosii_bsp.a(alt_iic_isr_register.o)
                0x001109e8                alt_iic_isr_register
 .text          0x00110a54      0x114 ../bsp//libucosii_bsp.a(alt_io_redirect.o)
                0x00110adc                alt_io_redirect
 .text          0x00110b68        0x0 ../bsp//libucosii_bsp.a(alt_irq_entry.o)
 .text          0x00110b68        0x0 ../bsp//libucosii_bsp.a(alt_irq_handler.o)
 .text          0x00110b68        0x0 ../bsp//libucosii_bsp.a(alt_irq_vars.o)
 .text          0x00110b68      0x17c ../bsp//libucosii_bsp.a(alt_open.o)
                0x00110b68                open
 .text          0x00110ce4       0xe0 ../bsp//libucosii_bsp.a(alt_tick.o)
                0x00110ce4                alt_alarm_stop
                0x00110d18                alt_tick
 .text          0x00110dc4        0x8 ../bsp//libucosii_bsp.a(altera_nios2_qsys_irq.o)
                0x00110dc4                altera_nios2_qsys_irq_init
 .text          0x00110dcc       0xd0 ../bsp//libucosii_bsp.a(os_cpu_a.o)
                0x00110dcc                OSCtxSw
                0x00110dcc                OSIntCtxSw
                0x00110e58                OSStartHighRdy
                0x00110e78                OSStartTsk
 .text          0x00110e9c      0x228 ../bsp//libucosii_bsp.a(os_cpu_c.o)
                0x00110e9c                OSTaskCreateHook
                0x00110ea0                OSTaskDelHook
                0x00110ea4                OSTaskSwHook
                0x00110ea8                OSTaskStatHook
                0x00110eac                OSInitHookBegin
                0x00110eb4                OSInitHookEnd
                0x00110eb8                OSTaskIdleHook
                0x00110ebc                OSTCBInitHook
                0x00110ec0                OSTimeTickHook
                0x00110f18                OSTaskStkInit
 .text          0x001110c4        0x0 ../bsp//libucosii_bsp.a(alt_exception_entry.o)
 .text          0x001110c4       0x9c ../bsp//libucosii_bsp.a(alt_find_file.o)
                0x001110c4                alt_find_file
 .text          0x00111160       0xa4 ../bsp//libucosii_bsp.a(alt_get_fd.o)
                0x00111160                alt_get_fd
 .text          0x00111204       0x14 /opt/altera/13.0sp1/nios2eds/bin/gnu/H-i686-pc-linux-gnu/bin/../lib/gcc/nios2-elf/4.1.2/../../../../nios2-elf/lib/mno-hw-mul/libc.a(lib_a-atexit.o)
                0x00111204                atexit
 .text          0x00111218       0x38 /opt/altera/13.0sp1/nios2eds/bin/gnu/H-i686-pc-linux-gnu/bin/../lib/gcc/nios2-elf/4.1.2/../../../../nios2-elf/lib/mno-hw-mul/libc.a(lib_a-exit.o)
                0x00111218                exit
 .text          0x00111250       0x74 /opt/altera/13.0sp1/nios2eds/bin/gnu/H-i686-pc-linux-gnu/bin/../lib/gcc/nios2-elf/4.1.2/../../../../nios2-elf/lib/mno-hw-mul/libc.a(lib_a-memcmp.o)
                0x00111250                memcmp
 .text          0x001112c4      0x134 /opt/altera/13.0sp1/nios2eds/bin/gnu/H-i686-pc-linux-gnu/bin/../lib/gcc/nios2-elf/4.1.2/../../../../nios2-elf/lib/mno-hw-mul/libc.a(lib_a-__atexit.o)
                0x001112c4                __register_exitproc
 .text          0x001113f8      0x1b4 /opt/altera/13.0sp1/nios2eds/bin/gnu/H-i686-pc-linux-gnu/bin/../lib/gcc/nios2-elf/4.1.2/../../../../nios2-elf/lib/mno-hw-mul/libc.a(lib_a-__call_atexit.o)
                0x001113fc                __call_exitprocs
 .text          0x001115ac       0xa4 /opt/altera/13.0sp1/nios2eds/bin/gnu/H-i686-pc-linux-gnu/bin/../lib/gcc/nios2-elf/4.1.2/mno-hw-mul/libgcc.a(_fixunsdfsi.o)
                0x001115ac                __fixunsdfsi
 .text          0x00111650       0x20 ../bsp//libucosii_bsp.a(alt_exit.o)
                0x00111650                _exit
 *(.gnu.warning.*)
 *(.fini)
                0x00111670                PROVIDE (__etext, ABSOLUTE (.))
                0x00111670                PROVIDE (_etext, ABSOLUTE (.))
                0x00111670                PROVIDE (etext, ABSOLUTE (.))
 *(.eh_frame_hdr)
                0x00111670                . = ALIGN (0x4)
                0x00111670                PROVIDE (__preinit_array_start, ABSOLUTE (.))
 *(.preinit_array)
                0x00111670                PROVIDE (__preinit_array_end, ABSOLUTE (.))
                0x00111670                PROVIDE (__init_array_start, ABSOLUTE (.))
 *(.init_array)
                0x00111670                PROVIDE (__init_array_end, ABSOLUTE (.))
                0x00111670                PROVIDE (__fini_array_start, ABSOLUTE (.))
 *(.fini_array)
                0x00111670                PROVIDE (__fini_array_end, ABSOLUTE (.))
 *(.eh_frame)
 *(.gcc_except_table)
 *(.dynamic)
                0x00111670                PROVIDE (__CTOR_LIST__, ABSOLUTE (.))
 *(.ctors)
 *(SORT(.ctors.*))
 .ctors.65535   0x00111670        0x4 /opt/altera/13.0sp1/nios2eds/bin/gnu/H-i686-pc-linux-gnu/bin/../lib/gcc/nios2-elf/4.1.2/../../../../nios2-elf/lib/mno-hw-mul/libc.a(lib_a-__call_atexit.o)
                0x00111674                PROVIDE (__CTOR_END__, ABSOLUTE (.))
                0x00111674                PROVIDE (__DTOR_LIST__, ABSOLUTE (.))
 *(.dtors)
 *(SORT(.dtors.*))
                0x00111674                PROVIDE (__DTOR_END__, ABSOLUTE (.))
 *(.jcr)
                0x00111674                . = ALIGN (0x4)

.rodata         0x00111674      0x564
                0x00111674                PROVIDE (__ram_rodata_start, ABSOLUTE (.))
                0x00111674                . = ALIGN (0x4)
 *(.rodata .rodata.* .gnu.linkonce.r.*)
 .rodata        0x00111674       0xcc obj/default/context.o
 .rodata        0x00111740       0x14 /opt/altera/13.0sp1/nios2eds/bin/gnu/H-i686-pc-linux-gnu/bin/../lib/gcc/nios2-elf/4.1.2/mno-hw-mul/libgcc.a(_thenan_df.o)
                0x00111740                __thenan_df
 .rodata        0x00111754      0x100 /opt/altera/13.0sp1/nios2eds/bin/gnu/H-i686-pc-linux-gnu/bin/../lib/gcc/nios2-elf/4.1.2/mno-hw-mul/libgcc.a(_clz.o)
                0x00111754                __clz_tab
 .rodata.str1.4
                0x00111854        0x2 /opt/altera/13.0sp1/nios2eds/bin/gnu/H-i686-pc-linux-gnu/bin/../lib/gcc/nios2-elf/4.1.2/../../../../nios2-elf/lib/mno-hw-mul/libc.a(lib_a-impure.o)
                                  0x4 (size before relaxing)
 *fill*         0x00111856        0x2 00
 .rodata.str1.4
                0x00111858        0x2 /opt/altera/13.0sp1/nios2eds/bin/gnu/H-i686-pc-linux-gnu/bin/../lib/gcc/nios2-elf/4.1.2/../../../../nios2-elf/lib/mno-hw-mul/libc.a(lib_a-puts.o)
                                  0x4 (size before relaxing)
 *fill*         0x0011185a        0x2 00
 .rodata.str1.4
                0x0011185c       0x5e /opt/altera/13.0sp1/nios2eds/bin/gnu/H-i686-pc-linux-gnu/bin/../lib/gcc/nios2-elf/4.1.2/../../../../nios2-elf/lib/mno-hw-mul/libc.a(lib_a-vfprintf.o)
                                 0x60 (size before relaxing)
 .rodata        0x001118ba       0x20 /opt/altera/13.0sp1/nios2eds/bin/gnu/H-i686-pc-linux-gnu/bin/../lib/gcc/nios2-elf/4.1.2/../../../../nios2-elf/lib/mno-hw-mul/libc.a(lib_a-vfprintf.o)
 *fill*         0x001118da        0x2 00
 .rodata.str1.4
                0x001118dc       0x10 /opt/altera/13.0sp1/nios2eds/bin/gnu/H-i686-pc-linux-gnu/bin/../lib/gcc/nios2-elf/4.1.2/../../../../nios2-elf/lib/mno-hw-mul/libc.a(lib_a-dtoa.o)
                                 0x14 (size before relaxing)
 .rodata.str1.4
                0x001118ec        0xf /opt/altera/13.0sp1/nios2eds/bin/gnu/H-i686-pc-linux-gnu/bin/../lib/gcc/nios2-elf/4.1.2/../../../../nios2-elf/lib/mno-hw-mul/libc.a(lib_a-locale.o)
                                 0x18 (size before relaxing)
 *fill*         0x001118fb        0x1 00
 .rodata        0x001118fc       0x30 /opt/altera/13.0sp1/nios2eds/bin/gnu/H-i686-pc-linux-gnu/bin/../lib/gcc/nios2-elf/4.1.2/../../../../nios2-elf/lib/mno-hw-mul/libc.a(lib_a-locale.o)
 .rodata        0x0011192c      0x124 /opt/altera/13.0sp1/nios2eds/bin/gnu/H-i686-pc-linux-gnu/bin/../lib/gcc/nios2-elf/4.1.2/../../../../nios2-elf/lib/mno-hw-mul/libc.a(lib_a-mprec.o)
                0x0011192c                __mprec_tens
                0x001119f4                __mprec_bigtens
                0x00111a1c                __mprec_tinytens
 .rodata.str1.4
                0x00111a50        0xa ../bsp//libucosii_bsp.a(alt_dev.o)
                                  0xc (size before relaxing)
 *fill*         0x00111a5a        0x2 00
 .rodata.str1.4
                0x00111a5c       0x11 ../bsp//libucosii_bsp.a(alt_main.o)
                                 0x14 (size before relaxing)
 *fill*         0x00111a6d        0x3 00
 .rodata.str1.4
                0x00111a70       0x1e ../bsp//libucosii_bsp.a(os_core.o)
                                 0x20 (size before relaxing)
 .rodata        0x00111a8e      0x100 ../bsp//libucosii_bsp.a(os_core.o)
                0x00111a8e                OSUnMapTbl
 *fill*         0x00111b8e        0x2 00
 .rodata.str1.4
                0x00111b90       0x35 ../bsp//libucosii_bsp.a(os_tmr.o)
                                 0x38 (size before relaxing)
 *fill*         0x00111bc5        0x3 00
 .rodata.str1.4
                0x00111bc8       0x10 ../bsp//libucosii_bsp.a(alt_sys_init.o)
                                 0x24 (size before relaxing)
 .rodata.str1.4
                0x00000000        0x4 ../bsp//libucosii_bsp.a(os_cpu_c.o)
 *(.rodata1)
                0x00111bd8                . = ALIGN (0x4)
                0x00111bd8                PROVIDE (__ram_rodata_end, ABSOLUTE (.))
                0x00111674                PROVIDE (__flash_rodata_start, LOADADDR (.rodata))

.rwdata         0x00111bd8     0x1b10 load address 0x001136e8
                0x00111bd8                PROVIDE (__ram_rwdata_start, ABSOLUTE (.))
                0x00111bd8                . = ALIGN (0x4)
 *(.got.plt)
 *(.got)
 *(.data1)
 *(.data .data.* .gnu.linkonce.d.*)
 .data          0x00111bd8        0x0 ../bsp//obj/HAL/src/crt0.o
 .data          0x00111bd8        0x0 obj/default/context.o
 .data          0x00111bd8        0x0 /opt/altera/13.0sp1/nios2eds/bin/gnu/H-i686-pc-linux-gnu/bin/../lib/gcc/nios2-elf/4.1.2/mno-hw-mul/libgcc.a(_sf_to_df.o)
 .data          0x00111bd8        0x0 /opt/altera/13.0sp1/nios2eds/bin/gnu/H-i686-pc-linux-gnu/bin/../lib/gcc/nios2-elf/4.1.2/mno-hw-mul/libgcc.a(_mul_df.o)
 .data          0x00111bd8        0x0 /opt/altera/13.0sp1/nios2eds/bin/gnu/H-i686-pc-linux-gnu/bin/../lib/gcc/nios2-elf/4.1.2/mno-hw-mul/libgcc.a(_make_df.o)
 .data          0x00111bd8        0x0 /opt/altera/13.0sp1/nios2eds/bin/gnu/H-i686-pc-linux-gnu/bin/../lib/gcc/nios2-elf/4.1.2/mno-hw-mul/libgcc.a(_df_to_sf.o)
 .data          0x00111bd8        0x0 /opt/altera/13.0sp1/nios2eds/bin/gnu/H-i686-pc-linux-gnu/bin/../lib/gcc/nios2-elf/4.1.2/mno-hw-mul/libgcc.a(_thenan_df.o)
 .data          0x00111bd8        0x0 /opt/altera/13.0sp1/nios2eds/bin/gnu/H-i686-pc-linux-gnu/bin/../lib/gcc/nios2-elf/4.1.2/mno-hw-mul/libgcc.a(_usi_to_df.o)
 .data          0x00111bd8        0x0 /opt/altera/13.0sp1/nios2eds/bin/gnu/H-i686-pc-linux-gnu/bin/../lib/gcc/nios2-elf/4.1.2/mno-hw-mul/libgcc.a(_muldi3.o)
 .data          0x00111bd8        0x0 /opt/altera/13.0sp1/nios2eds/bin/gnu/H-i686-pc-linux-gnu/bin/../lib/gcc/nios2-elf/4.1.2/mno-hw-mul/libgcc.a(_clzsi2.o)
 .data          0x00111bd8        0x0 /opt/altera/13.0sp1/nios2eds/bin/gnu/H-i686-pc-linux-gnu/bin/../lib/gcc/nios2-elf/4.1.2/mno-hw-mul/libgcc.a(_unpack_sf.o)
 .data          0x00111bd8        0x0 /opt/altera/13.0sp1/nios2eds/bin/gnu/H-i686-pc-linux-gnu/bin/../lib/gcc/nios2-elf/4.1.2/mno-hw-mul/libgcc.a(_make_sf.o)
 .data          0x00111bd8        0x0 /opt/altera/13.0sp1/nios2eds/bin/gnu/H-i686-pc-linux-gnu/bin/../lib/gcc/nios2-elf/4.1.2/mno-hw-mul/libgcc.a(_pack_df.o)
 .data          0x00111bd8        0x0 /opt/altera/13.0sp1/nios2eds/bin/gnu/H-i686-pc-linux-gnu/bin/../lib/gcc/nios2-elf/4.1.2/mno-hw-mul/libgcc.a(_unpack_df.o)
 .data          0x00111bd8        0x0 /opt/altera/13.0sp1/nios2eds/bin/gnu/H-i686-pc-linux-gnu/bin/../lib/gcc/nios2-elf/4.1.2/mno-hw-mul/libgcc.a(lib2-mul.o)
 .data          0x00111bd8        0x0 /opt/altera/13.0sp1/nios2eds/bin/gnu/H-i686-pc-linux-gnu/bin/../lib/gcc/nios2-elf/4.1.2/mno-hw-mul/libgcc.a(_clz.o)
 .data          0x00111bd8        0x0 /opt/altera/13.0sp1/nios2eds/bin/gnu/H-i686-pc-linux-gnu/bin/../lib/gcc/nios2-elf/4.1.2/mno-hw-mul/libgcc.a(_pack_sf.o)
 .data          0x00111bd8      0x400 /opt/altera/13.0sp1/nios2eds/bin/gnu/H-i686-pc-linux-gnu/bin/../lib/gcc/nios2-elf/4.1.2/../../../../nios2-elf/lib/mno-hw-mul/libc.a(lib_a-impure.o)
 .data          0x00111fd8        0x0 /opt/altera/13.0sp1/nios2eds/bin/gnu/H-i686-pc-linux-gnu/bin/../lib/gcc/nios2-elf/4.1.2/../../../../nios2-elf/lib/mno-hw-mul/libc.a(lib_a-printf.o)
 .data          0x00111fd8        0x0 /opt/altera/13.0sp1/nios2eds/bin/gnu/H-i686-pc-linux-gnu/bin/../lib/gcc/nios2-elf/4.1.2/../../../../nios2-elf/lib/mno-hw-mul/libc.a(lib_a-putc.o)
 .data          0x00111fd8        0x0 /opt/altera/13.0sp1/nios2eds/bin/gnu/H-i686-pc-linux-gnu/bin/../lib/gcc/nios2-elf/4.1.2/../../../../nios2-elf/lib/mno-hw-mul/libc.a(lib_a-puts.o)
 .data          0x00111fd8        0x0 /opt/altera/13.0sp1/nios2eds/bin/gnu/H-i686-pc-linux-gnu/bin/../lib/gcc/nios2-elf/4.1.2/../../../../nios2-elf/lib/mno-hw-mul/libc.a(lib_a-strlen.o)
 .data          0x00111fd8        0x0 /opt/altera/13.0sp1/nios2eds/bin/gnu/H-i686-pc-linux-gnu/bin/../lib/gcc/nios2-elf/4.1.2/../../../../nios2-elf/lib/mno-hw-mul/libc.a(lib_a-vfprintf.o)
 .data          0x00111fd8        0x0 /opt/altera/13.0sp1/nios2eds/bin/gnu/H-i686-pc-linux-gnu/bin/../lib/gcc/nios2-elf/4.1.2/../../../../nios2-elf/lib/mno-hw-mul/libc.a(lib_a-wbuf.o)
 .data          0x00111fd8        0x0 /opt/altera/13.0sp1/nios2eds/bin/gnu/H-i686-pc-linux-gnu/bin/../lib/gcc/nios2-elf/4.1.2/../../../../nios2-elf/lib/mno-hw-mul/libc.a(lib_a-wsetup.o)
 .data          0x00111fd8        0x0 /opt/altera/13.0sp1/nios2eds/bin/gnu/H-i686-pc-linux-gnu/bin/../lib/gcc/nios2-elf/4.1.2/../../../../nios2-elf/lib/mno-hw-mul/libc.a(lib_a-dtoa.o)
 .data          0x00111fd8        0x0 /opt/altera/13.0sp1/nios2eds/bin/gnu/H-i686-pc-linux-gnu/bin/../lib/gcc/nios2-elf/4.1.2/../../../../nios2-elf/lib/mno-hw-mul/libc.a(lib_a-fflush.o)
 .data          0x00111fd8        0x0 /opt/altera/13.0sp1/nios2eds/bin/gnu/H-i686-pc-linux-gnu/bin/../lib/gcc/nios2-elf/4.1.2/../../../../nios2-elf/lib/mno-hw-mul/libc.a(lib_a-findfp.o)
 .data          0x00111fd8        0x0 /opt/altera/13.0sp1/nios2eds/bin/gnu/H-i686-pc-linux-gnu/bin/../lib/gcc/nios2-elf/4.1.2/../../../../nios2-elf/lib/mno-hw-mul/libc.a(lib_a-freer.o)
 .data          0x00111fd8        0x0 /opt/altera/13.0sp1/nios2eds/bin/gnu/H-i686-pc-linux-gnu/bin/../lib/gcc/nios2-elf/4.1.2/../../../../nios2-elf/lib/mno-hw-mul/libc.a(lib_a-fvwrite.o)
 .data          0x00111fd8        0x0 /opt/altera/13.0sp1/nios2eds/bin/gnu/H-i686-pc-linux-gnu/bin/../lib/gcc/nios2-elf/4.1.2/../../../../nios2-elf/lib/mno-hw-mul/libc.a(lib_a-fwalk.o)
 .data          0x00111fd8        0xc /opt/altera/13.0sp1/nios2eds/bin/gnu/H-i686-pc-linux-gnu/bin/../lib/gcc/nios2-elf/4.1.2/../../../../nios2-elf/lib/mno-hw-mul/libc.a(lib_a-locale.o)
                0x00111fd8                __lc_ctype
 .data          0x00111fe4        0x0 /opt/altera/13.0sp1/nios2eds/bin/gnu/H-i686-pc-linux-gnu/bin/../lib/gcc/nios2-elf/4.1.2/../../../../nios2-elf/lib/mno-hw-mul/libc.a(lib_a-makebuf.o)
 .data          0x00111fe4      0x408 /opt/altera/13.0sp1/nios2eds/bin/gnu/H-i686-pc-linux-gnu/bin/../lib/gcc/nios2-elf/4.1.2/../../../../nios2-elf/lib/mno-hw-mul/libc.a(lib_a-mallocr.o)
                0x00111fe4                __malloc_av_
 .data          0x001123ec        0x0 /opt/altera/13.0sp1/nios2eds/bin/gnu/H-i686-pc-linux-gnu/bin/../lib/gcc/nios2-elf/4.1.2/../../../../nios2-elf/lib/mno-hw-mul/libc.a(lib_a-memchr.o)
 .data          0x001123ec        0x0 /opt/altera/13.0sp1/nios2eds/bin/gnu/H-i686-pc-linux-gnu/bin/../lib/gcc/nios2-elf/4.1.2/../../../../nios2-elf/lib/mno-hw-mul/libc.a(lib_a-memcpy.o)
 .data          0x001123ec        0x0 /opt/altera/13.0sp1/nios2eds/bin/gnu/H-i686-pc-linux-gnu/bin/../lib/gcc/nios2-elf/4.1.2/../../../../nios2-elf/lib/mno-hw-mul/libc.a(lib_a-memmove.o)
 .data          0x001123ec        0x0 /opt/altera/13.0sp1/nios2eds/bin/gnu/H-i686-pc-linux-gnu/bin/../lib/gcc/nios2-elf/4.1.2/../../../../nios2-elf/lib/mno-hw-mul/libc.a(lib_a-memset.o)
 .data          0x001123ec        0x0 /opt/altera/13.0sp1/nios2eds/bin/gnu/H-i686-pc-linux-gnu/bin/../lib/gcc/nios2-elf/4.1.2/../../../../nios2-elf/lib/mno-hw-mul/libc.a(lib_a-mprec.o)
 .data          0x001123ec        0x0 /opt/altera/13.0sp1/nios2eds/bin/gnu/H-i686-pc-linux-gnu/bin/../lib/gcc/nios2-elf/4.1.2/../../../../nios2-elf/lib/mno-hw-mul/libc.a(lib_a-reallocr.o)
 .data          0x001123ec        0x0 /opt/altera/13.0sp1/nios2eds/bin/gnu/H-i686-pc-linux-gnu/bin/../lib/gcc/nios2-elf/4.1.2/../../../../nios2-elf/lib/mno-hw-mul/libc.a(lib_a-s_isinfd.o)
 .data          0x001123ec        0x0 /opt/altera/13.0sp1/nios2eds/bin/gnu/H-i686-pc-linux-gnu/bin/../lib/gcc/nios2-elf/4.1.2/../../../../nios2-elf/lib/mno-hw-mul/libc.a(lib_a-s_isnand.o)
 .data          0x001123ec        0x0 /opt/altera/13.0sp1/nios2eds/bin/gnu/H-i686-pc-linux-gnu/bin/../lib/gcc/nios2-elf/4.1.2/../../../../nios2-elf/lib/mno-hw-mul/libc.a(lib_a-sbrkr.o)
 .data          0x001123ec        0x0 /opt/altera/13.0sp1/nios2eds/bin/gnu/H-i686-pc-linux-gnu/bin/../lib/gcc/nios2-elf/4.1.2/../../../../nios2-elf/lib/mno-hw-mul/libc.a(lib_a-stdio.o)
 .data          0x001123ec        0x0 /opt/altera/13.0sp1/nios2eds/bin/gnu/H-i686-pc-linux-gnu/bin/../lib/gcc/nios2-elf/4.1.2/../../../../nios2-elf/lib/mno-hw-mul/libc.a(lib_a-strcmp.o)
 .data          0x001123ec        0x0 /opt/altera/13.0sp1/nios2eds/bin/gnu/H-i686-pc-linux-gnu/bin/../lib/gcc/nios2-elf/4.1.2/../../../../nios2-elf/lib/mno-hw-mul/libc.a(lib_a-writer.o)
 .data          0x001123ec        0x0 /opt/altera/13.0sp1/nios2eds/bin/gnu/H-i686-pc-linux-gnu/bin/../lib/gcc/nios2-elf/4.1.2/../../../../nios2-elf/lib/mno-hw-mul/libc.a(lib_a-callocr.o)
 .data          0x001123ec        0x0 /opt/altera/13.0sp1/nios2eds/bin/gnu/H-i686-pc-linux-gnu/bin/../lib/gcc/nios2-elf/4.1.2/../../../../nios2-elf/lib/mno-hw-mul/libc.a(lib_a-closer.o)
 .data          0x001123ec        0x0 /opt/altera/13.0sp1/nios2eds/bin/gnu/H-i686-pc-linux-gnu/bin/../lib/gcc/nios2-elf/4.1.2/../../../../nios2-elf/lib/mno-hw-mul/libc.a(lib_a-fclose.o)
 .data          0x001123ec        0x0 /opt/altera/13.0sp1/nios2eds/bin/gnu/H-i686-pc-linux-gnu/bin/../lib/gcc/nios2-elf/4.1.2/../../../../nios2-elf/lib/mno-hw-mul/libc.a(lib_a-fstatr.o)
 .data          0x001123ec        0x0 /opt/altera/13.0sp1/nios2eds/bin/gnu/H-i686-pc-linux-gnu/bin/../lib/gcc/nios2-elf/4.1.2/../../../../nios2-elf/lib/mno-hw-mul/libc.a(lib_a-int_errno.o)
 .data          0x001123ec        0x0 /opt/altera/13.0sp1/nios2eds/bin/gnu/H-i686-pc-linux-gnu/bin/../lib/gcc/nios2-elf/4.1.2/../../../../nios2-elf/lib/mno-hw-mul/libc.a(lib_a-isattyr.o)
 .data          0x001123ec        0x0 /opt/altera/13.0sp1/nios2eds/bin/gnu/H-i686-pc-linux-gnu/bin/../lib/gcc/nios2-elf/4.1.2/../../../../nios2-elf/lib/mno-hw-mul/libc.a(lib_a-lseekr.o)
 .data          0x001123ec        0x0 /opt/altera/13.0sp1/nios2eds/bin/gnu/H-i686-pc-linux-gnu/bin/../lib/gcc/nios2-elf/4.1.2/../../../../nios2-elf/lib/mno-hw-mul/libc.a(lib_a-readr.o)
 .data          0x001123ec        0x0 /opt/altera/13.0sp1/nios2eds/bin/gnu/H-i686-pc-linux-gnu/bin/../lib/gcc/nios2-elf/4.1.2/mno-hw-mul/libgcc.a(_udivdi3.o)
 .data          0x001123ec        0x0 /opt/altera/13.0sp1/nios2eds/bin/gnu/H-i686-pc-linux-gnu/bin/../lib/gcc/nios2-elf/4.1.2/mno-hw-mul/libgcc.a(_umoddi3.o)
 .data          0x001123ec        0x0 /opt/altera/13.0sp1/nios2eds/bin/gnu/H-i686-pc-linux-gnu/bin/../lib/gcc/nios2-elf/4.1.2/mno-hw-mul/libgcc.a(_addsub_df.o)
 .data          0x001123ec        0x0 /opt/altera/13.0sp1/nios2eds/bin/gnu/H-i686-pc-linux-gnu/bin/../lib/gcc/nios2-elf/4.1.2/mno-hw-mul/libgcc.a(_div_df.o)
 .data          0x001123ec        0x0 /opt/altera/13.0sp1/nios2eds/bin/gnu/H-i686-pc-linux-gnu/bin/../lib/gcc/nios2-elf/4.1.2/mno-hw-mul/libgcc.a(_eq_df.o)
 .data          0x001123ec        0x0 /opt/altera/13.0sp1/nios2eds/bin/gnu/H-i686-pc-linux-gnu/bin/../lib/gcc/nios2-elf/4.1.2/mno-hw-mul/libgcc.a(_ne_df.o)
 .data          0x001123ec        0x0 /opt/altera/13.0sp1/nios2eds/bin/gnu/H-i686-pc-linux-gnu/bin/../lib/gcc/nios2-elf/4.1.2/mno-hw-mul/libgcc.a(_gt_df.o)
 .data          0x001123ec        0x0 /opt/altera/13.0sp1/nios2eds/bin/gnu/H-i686-pc-linux-gnu/bin/../lib/gcc/nios2-elf/4.1.2/mno-hw-mul/libgcc.a(_ge_df.o)
 .data          0x001123ec        0x0 /opt/altera/13.0sp1/nios2eds/bin/gnu/H-i686-pc-linux-gnu/bin/../lib/gcc/nios2-elf/4.1.2/mno-hw-mul/libgcc.a(_lt_df.o)
 .data          0x001123ec        0x0 /opt/altera/13.0sp1/nios2eds/bin/gnu/H-i686-pc-linux-gnu/bin/../lib/gcc/nios2-elf/4.1.2/mno-hw-mul/libgcc.a(_si_to_df.o)
 .data          0x001123ec        0x0 /opt/altera/13.0sp1/nios2eds/bin/gnu/H-i686-pc-linux-gnu/bin/../lib/gcc/nios2-elf/4.1.2/mno-hw-mul/libgcc.a(_df_to_si.o)
 .data          0x001123ec        0x0 /opt/altera/13.0sp1/nios2eds/bin/gnu/H-i686-pc-linux-gnu/bin/../lib/gcc/nios2-elf/4.1.2/mno-hw-mul/libgcc.a(lib2-divmod.o)
 .data          0x001123ec        0x0 /opt/altera/13.0sp1/nios2eds/bin/gnu/H-i686-pc-linux-gnu/bin/../lib/gcc/nios2-elf/4.1.2/mno-hw-mul/libgcc.a(_fpcmp_parts_df.o)
 .data          0x001123ec        0x0 ../bsp//libucosii_bsp.a(alt_close.o)
 .data          0x001123ec      0x1a8 ../bsp//libucosii_bsp.a(alt_dev.o)
                0x001123ec                alt_dev_null
                0x00112414                alt_fd_list
 .data          0x00112594        0x0 ../bsp//libucosii_bsp.a(alt_errno.o)
 .data          0x00112594        0x0 ../bsp//libucosii_bsp.a(alt_fstat.o)
 .data          0x00112594        0x0 ../bsp//libucosii_bsp.a(alt_isatty.o)
 .data          0x00112594        0x0 ../bsp//libucosii_bsp.a(alt_load.o)
 .data          0x00112594        0x0 ../bsp//libucosii_bsp.a(alt_lseek.o)
 .data          0x00112594        0x0 ../bsp//libucosii_bsp.a(alt_main.o)
 .data          0x00112594        0x0 ../bsp//libucosii_bsp.a(alt_read.o)
 .data          0x00112594        0x0 ../bsp//libucosii_bsp.a(alt_release_fd.o)
 .data          0x00112594        0x0 ../bsp//libucosii_bsp.a(alt_sbrk.o)
 .data          0x00112594        0x0 ../bsp//libucosii_bsp.a(alt_write.o)
 .data          0x00112594        0x0 ../bsp//libucosii_bsp.a(alt_env_lock.o)
 .data          0x00112594        0x0 ../bsp//libucosii_bsp.a(alt_malloc_lock.o)
 .data          0x00112594        0x0 ../bsp//libucosii_bsp.a(os_core.o)
 .data          0x00112594        0x0 ../bsp//libucosii_bsp.a(os_dbg.o)
 .data          0x00112594        0x0 ../bsp//libucosii_bsp.a(os_flag.o)
 .data          0x00112594        0x0 ../bsp//libucosii_bsp.a(os_mem.o)
 .data          0x00112594        0x0 ../bsp//libucosii_bsp.a(os_q.o)
 .data          0x00112594        0x0 ../bsp//libucosii_bsp.a(os_sem.o)
 .data          0x00112594        0x0 ../bsp//libucosii_bsp.a(os_task.o)
 .data          0x00112594        0x0 ../bsp//libucosii_bsp.a(os_time.o)
 .data          0x00112594        0x0 ../bsp//libucosii_bsp.a(os_tmr.o)
 .data          0x00112594     0x1098 ../bsp//libucosii_bsp.a(alt_sys_init.o)
 .data          0x0011362c        0x0 ../bsp//libucosii_bsp.a(altera_avalon_jtag_uart_fd.o)
 .data          0x0011362c        0x0 ../bsp//libucosii_bsp.a(altera_avalon_jtag_uart_init.o)
 .data          0x0011362c        0x0 ../bsp//libucosii_bsp.a(altera_avalon_jtag_uart_ioctl.o)
 .data          0x0011362c        0x0 ../bsp//libucosii_bsp.a(altera_avalon_jtag_uart_read.o)
 .data          0x0011362c        0x0 ../bsp//libucosii_bsp.a(altera_avalon_jtag_uart_write.o)
 .data          0x0011362c        0x0 ../bsp//libucosii_bsp.a(altera_avalon_timer_sc.o)
 .data          0x0011362c        0x0 ../bsp//libucosii_bsp.a(altera_avalon_timer_ts.o)
 .data          0x0011362c        0x0 ../bsp//libucosii_bsp.a(altera_avalon_timer_vars.o)
 .data          0x0011362c        0x0 ../bsp//libucosii_bsp.a(altera_up_avalon_character_lcd.o)
 .data          0x0011362c        0x0 ../bsp//libucosii_bsp.a(alt_alarm_start.o)
 .data          0x0011362c        0x0 ../bsp//libucosii_bsp.a(alt_dcache_flush_all.o)
 .data          0x0011362c        0x0 ../bsp//libucosii_bsp.a(alt_dev_llist_insert.o)
 .data          0x0011362c        0x0 ../bsp//libucosii_bsp.a(alt_do_ctors.o)
 .data          0x0011362c        0x0 ../bsp//libucosii_bsp.a(alt_do_dtors.o)
 .data          0x0011362c        0x0 ../bsp//libucosii_bsp.a(alt_find_dev.o)
 .data          0x0011362c        0x0 ../bsp//libucosii_bsp.a(alt_icache_flush_all.o)
 .data          0x0011362c        0x0 ../bsp//libucosii_bsp.a(alt_iic.o)
 .data          0x0011362c        0x0 ../bsp//libucosii_bsp.a(alt_iic_isr_register.o)
 .data          0x0011362c        0x0 ../bsp//libucosii_bsp.a(alt_io_redirect.o)
 .data          0x0011362c        0x0 ../bsp//libucosii_bsp.a(alt_irq_entry.o)
 .data          0x0011362c        0x0 ../bsp//libucosii_bsp.a(alt_irq_handler.o)
 .data          0x0011362c        0x0 ../bsp//libucosii_bsp.a(alt_irq_vars.o)
 .data          0x0011362c        0x0 ../bsp//libucosii_bsp.a(alt_open.o)
 .data          0x0011362c        0x0 ../bsp//libucosii_bsp.a(alt_tick.o)
 .data          0x0011362c        0x0 ../bsp//libucosii_bsp.a(altera_nios2_qsys_irq.o)
 .data          0x0011362c        0x0 ../bsp//libucosii_bsp.a(os_cpu_a.o)
 .data          0x0011362c        0x0 ../bsp//libucosii_bsp.a(os_cpu_c.o)
 .data          0x0011362c        0x0 ../bsp//libucosii_bsp.a(alt_exception_entry.o)
 .data          0x0011362c        0x0 ../bsp//libucosii_bsp.a(alt_find_file.o)
 .data          0x0011362c        0x0 ../bsp//libucosii_bsp.a(alt_get_fd.o)
 .data          0x0011362c        0x0 /opt/altera/13.0sp1/nios2eds/bin/gnu/H-i686-pc-linux-gnu/bin/../lib/gcc/nios2-elf/4.1.2/../../../../nios2-elf/lib/mno-hw-mul/libc.a(lib_a-atexit.o)
 .data          0x0011362c        0x0 /opt/altera/13.0sp1/nios2eds/bin/gnu/H-i686-pc-linux-gnu/bin/../lib/gcc/nios2-elf/4.1.2/../../../../nios2-elf/lib/mno-hw-mul/libc.a(lib_a-exit.o)
 .data          0x0011362c        0x0 /opt/altera/13.0sp1/nios2eds/bin/gnu/H-i686-pc-linux-gnu/bin/../lib/gcc/nios2-elf/4.1.2/../../../../nios2-elf/lib/mno-hw-mul/libc.a(lib_a-memcmp.o)
 .data          0x0011362c        0x0 /opt/altera/13.0sp1/nios2eds/bin/gnu/H-i686-pc-linux-gnu/bin/../lib/gcc/nios2-elf/4.1.2/../../../../nios2-elf/lib/mno-hw-mul/libc.a(lib_a-__atexit.o)
 .data          0x0011362c        0x0 /opt/altera/13.0sp1/nios2eds/bin/gnu/H-i686-pc-linux-gnu/bin/../lib/gcc/nios2-elf/4.1.2/../../../../nios2-elf/lib/mno-hw-mul/libc.a(lib_a-__call_atexit.o)
 .data          0x0011362c        0x0 /opt/altera/13.0sp1/nios2eds/bin/gnu/H-i686-pc-linux-gnu/bin/../lib/gcc/nios2-elf/4.1.2/mno-hw-mul/libgcc.a(_fixunsdfsi.o)
 .data          0x0011362c        0x0 ../bsp//libucosii_bsp.a(alt_exit.o)
                0x0011b62c                _gp = ABSOLUTE ((. + 0x8000))
                0x0011b62c                PROVIDE (gp, _gp)
 *(.rwdata .rwdata.*)
 *(.sdata .sdata.* .gnu.linkonce.s.*)
 .sdata         0x0011362c        0x8 /opt/altera/13.0sp1/nios2eds/bin/gnu/H-i686-pc-linux-gnu/bin/../lib/gcc/nios2-elf/4.1.2/../../../../nios2-elf/lib/mno-hw-mul/libc.a(lib_a-impure.o)
                0x0011362c                _impure_ptr
                0x00113630                _global_impure_ptr
 .sdata         0x00113634        0x8 /opt/altera/13.0sp1/nios2eds/bin/gnu/H-i686-pc-linux-gnu/bin/../lib/gcc/nios2-elf/4.1.2/../../../../nios2-elf/lib/mno-hw-mul/libc.a(lib_a-locale.o)
                0x00113634                __mb_cur_max
 .sdata         0x0011363c        0x8 /opt/altera/13.0sp1/nios2eds/bin/gnu/H-i686-pc-linux-gnu/bin/../lib/gcc/nios2-elf/4.1.2/../../../../nios2-elf/lib/mno-hw-mul/libc.a(lib_a-mallocr.o)
                0x0011363c                __malloc_trim_threshold
                0x00113640                __malloc_sbrk_base
 .sdata         0x00113644       0x14 ../bsp//libucosii_bsp.a(alt_dev.o)
                0x00113644                alt_fs_list
                0x0011364c                alt_dev_list
                0x00113654                alt_max_fd
 .sdata         0x00113658        0x4 ../bsp//libucosii_bsp.a(alt_errno.o)
                0x00113658                alt_errno
 .sdata         0x0011365c        0x4 ../bsp//libucosii_bsp.a(alt_sbrk.o)
 .sdata         0x00113660        0x4 ../bsp//libucosii_bsp.a(alt_env_lock.o)
 .sdata         0x00113664        0x4 ../bsp//libucosii_bsp.a(alt_malloc_lock.o)
 .sdata         0x00113668       0x74 ../bsp//libucosii_bsp.a(os_dbg.o)
                0x00113668                OSDebugEn
                0x0011366c                OSEndiannessTest
                0x00113670                OSEventEn
                0x00113672                OSEventMax
                0x00113674                OSEventNameSize
                0x00113676                OSEventSize
                0x00113678                OSEventTblSize
                0x0011367a                OSEventMultiEn
                0x0011367c                OSFlagEn
                0x0011367e                OSFlagGrpSize
                0x00113680                OSFlagNodeSize
                0x00113682                OSFlagWidth
                0x00113684                OSFlagMax
                0x00113686                OSFlagNameSize
                0x00113688                OSLowestPrio
                0x0011368a                OSMboxEn
                0x0011368c                OSMemEn
                0x0011368e                OSMemMax
                0x00113690                OSMemNameSize
                0x00113692                OSMemSize
                0x00113694                OSMemTblSize
                0x00113696                OSMutexEn
                0x00113698                OSPtrSize
                0x0011369a                OSQEn
                0x0011369c                OSQMax
                0x0011369e                OSQSize
                0x001136a0                OSRdyTblSize
                0x001136a2                OSSemEn
                0x001136a4                OSStkWidth
                0x001136a6                OSTaskCreateEn
                0x001136a8                OSTaskCreateExtEn
                0x001136aa                OSTaskDelEn
                0x001136ac                OSTaskIdleStkSize
                0x001136ae                OSTaskProfileEn
                0x001136b0                OSTaskMax
                0x001136b2                OSTaskNameSize
                0x001136b4                OSTaskStatEn
                0x001136b6                OSTaskStatStkSize
                0x001136b8                OSTaskStatStkChkEn
                0x001136ba                OSTaskSwHookEn
                0x001136bc                OSTCBPrioTblMax
                0x001136be                OSTCBSize
                0x001136c0                OSTicksPerSec
                0x001136c2                OSTimeTickHookEn
                0x001136c4                OSVersionNbr
                0x001136c6                OSTmrEn
                0x001136c8                OSTmrCfgMax
                0x001136ca                OSTmrCfgNameSize
                0x001136cc                OSTmrCfgWheelSize
                0x001136ce                OSTmrCfgTicksPerSec
                0x001136d0                OSTmrSize
                0x001136d2                OSTmrTblSize
                0x001136d4                OSTmrWheelSize
                0x001136d6                OSTmrWheelTblSize
                0x001136d8                OSDataSize
 .sdata         0x001136dc        0x4 ../bsp//libucosii_bsp.a(alt_irq_vars.o)
                0x001136dc                alt_priority_mask
 .sdata         0x001136e0        0x8 ../bsp//libucosii_bsp.a(alt_tick.o)
                0x001136e0                alt_alarm_list
 *(.sdata2 .sdata2.* .gnu.linkonce.s2.*)
                0x001136e8                . = ALIGN (0x4)
                0x001136e8                _edata = ABSOLUTE (.)
                0x001136e8                PROVIDE (edata, ABSOLUTE (.))
                0x001136e8                PROVIDE (__ram_rwdata_end, ABSOLUTE (.))
                0x001136e8                PROVIDE (__flash_rwdata_start, LOADADDR (.rwdata))

.bss            0x001151f8     0xa0f0
                0x001151f8                __bss_start = ABSOLUTE (.)
                0x001151f8                PROVIDE (__sbss_start, ABSOLUTE (.))
                0x001151f8                PROVIDE (___sbss_start, ABSOLUTE (.))
 *(.dynsbss)
 *(.sbss .sbss.* .gnu.linkonce.sb.*)
 .sbss          0x001151f8        0x8 obj/default/context.o
                0x001151f8                time1
                0x001151fc                time2
 .sbss          0x00115200        0xc /opt/altera/13.0sp1/nios2eds/bin/gnu/H-i686-pc-linux-gnu/bin/../lib/gcc/nios2-elf/4.1.2/../../../../nios2-elf/lib/mno-hw-mul/libc.a(lib_a-locale.o)
                0x00115200                __nlocale_changed
                0x00115204                __mlocale_changed
                0x00115208                _PathLocale
 .sbss          0x0011520c        0xc /opt/altera/13.0sp1/nios2eds/bin/gnu/H-i686-pc-linux-gnu/bin/../lib/gcc/nios2-elf/4.1.2/../../../../nios2-elf/lib/mno-hw-mul/libc.a(lib_a-mallocr.o)
                0x0011520c                __malloc_top_pad
                0x00115210                __malloc_max_sbrked_mem
                0x00115214                __malloc_max_total_mem
 .sbss          0x00115218        0x4 /opt/altera/13.0sp1/nios2eds/bin/gnu/H-i686-pc-linux-gnu/bin/../lib/gcc/nios2-elf/4.1.2/../../../../nios2-elf/lib/mno-hw-mul/libc.a(lib_a-int_errno.o)
                0x00115218                errno
 .sbss          0x0011521c        0x4 ../bsp//libucosii_bsp.a(alt_dev.o)
                0x0011521c                alt_fd_list_lock
 .sbss          0x00115220        0xc ../bsp//libucosii_bsp.a(alt_main.o)
                0x00115220                alt_argc
                0x00115224                alt_argv
                0x00115228                alt_envp
 .sbss          0x0011522c        0x8 ../bsp//libucosii_bsp.a(alt_env_lock.o)
                0x00115230                alt_envsem
 .sbss          0x00115234        0x8 ../bsp//libucosii_bsp.a(alt_malloc_lock.o)
                0x00115238                alt_heapsem
 .sbss          0x0011523c       0x68 ../bsp//libucosii_bsp.a(os_core.o)
                0x0011523c                OSTmrFreeList
                0x00115240                OSLockNesting
                0x00115244                OSTmrSemSignal
                0x00115248                OSRunning
                0x0011524c                OSIdleCtr
                0x00115250                OSTmrUsed
                0x00115252                OSPrioHighRdy
                0x00115253                OSPrioCur
                0x00115254                OSTCBList
                0x00115258                OSTickStepState
                0x0011525c                OSCtxSwCtr
                0x00115260                OSTmrFree
                0x00115264                OSIdleCtrMax
                0x00115268                OSTCBFreeList
                0x0011526c                OSCPUUsage
                0x0011526d                OSTaskCtr
                0x00115270                OSMemFreeList
                0x00115274                OSTCBHighRdy
                0x00115278                OSQFreeList
                0x0011527c                OSRdyGrp
                0x0011527d                OSRdyTbl
                0x00115280                OSEventFreeList
                0x00115284                OSIntNesting
                0x00115288                OSTCBCur
                0x0011528c                OSTmrTime
                0x00115290                OSTime
                0x00115294                OSTmrSem
                0x00115298                OSFlagFreeList
                0x0011529c                OSStatRdy
                0x001152a0                OSIdleCtrRun
 .sbss          0x001152a4        0x8 ../bsp//libucosii_bsp.a(altera_avalon_timer_vars.o)
                0x001152a4                altera_avalon_timer_ts_base
                0x001152a8                altera_avalon_timer_ts_freq
 .sbss          0x001152ac        0x4 ../bsp//libucosii_bsp.a(alt_irq_vars.o)
                0x001152ac                alt_irq_active
 .sbss          0x001152b0        0x8 ../bsp//libucosii_bsp.a(alt_tick.o)
                0x001152b0                _alt_tick_rate
                0x001152b4                _alt_nticks
 .sbss          0x001152b8        0x2 ../bsp//libucosii_bsp.a(os_cpu_c.o)
 *(.sbss2 .sbss2.* .gnu.linkonce.sb2.*)
 *(.scommon)
                0x001152ba                PROVIDE (__sbss_end, ABSOLUTE (.))
                0x001152ba                PROVIDE (___sbss_end, ABSOLUTE (.))
 *(.dynbss)
 *(.bss .bss.* .gnu.linkonce.b.*)
 .bss           0x001152ba        0x0 ../bsp//obj/HAL/src/crt0.o
 .bss           0x001152ba        0x0 obj/default/context.o
 .bss           0x001152ba        0x0 /opt/altera/13.0sp1/nios2eds/bin/gnu/H-i686-pc-linux-gnu/bin/../lib/gcc/nios2-elf/4.1.2/mno-hw-mul/libgcc.a(_sf_to_df.o)
 .bss           0x001152ba        0x0 /opt/altera/13.0sp1/nios2eds/bin/gnu/H-i686-pc-linux-gnu/bin/../lib/gcc/nios2-elf/4.1.2/mno-hw-mul/libgcc.a(_mul_df.o)
 .bss           0x001152ba        0x0 /opt/altera/13.0sp1/nios2eds/bin/gnu/H-i686-pc-linux-gnu/bin/../lib/gcc/nios2-elf/4.1.2/mno-hw-mul/libgcc.a(_make_df.o)
 .bss           0x001152ba        0x0 /opt/altera/13.0sp1/nios2eds/bin/gnu/H-i686-pc-linux-gnu/bin/../lib/gcc/nios2-elf/4.1.2/mno-hw-mul/libgcc.a(_df_to_sf.o)
 .bss           0x001152ba        0x0 /opt/altera/13.0sp1/nios2eds/bin/gnu/H-i686-pc-linux-gnu/bin/../lib/gcc/nios2-elf/4.1.2/mno-hw-mul/libgcc.a(_thenan_df.o)
 .bss           0x001152ba        0x0 /opt/altera/13.0sp1/nios2eds/bin/gnu/H-i686-pc-linux-gnu/bin/../lib/gcc/nios2-elf/4.1.2/mno-hw-mul/libgcc.a(_usi_to_df.o)
 .bss           0x001152ba        0x0 /opt/altera/13.0sp1/nios2eds/bin/gnu/H-i686-pc-linux-gnu/bin/../lib/gcc/nios2-elf/4.1.2/mno-hw-mul/libgcc.a(_muldi3.o)
 .bss           0x001152ba        0x0 /opt/altera/13.0sp1/nios2eds/bin/gnu/H-i686-pc-linux-gnu/bin/../lib/gcc/nios2-elf/4.1.2/mno-hw-mul/libgcc.a(_clzsi2.o)
 .bss           0x001152ba        0x0 /opt/altera/13.0sp1/nios2eds/bin/gnu/H-i686-pc-linux-gnu/bin/../lib/gcc/nios2-elf/4.1.2/mno-hw-mul/libgcc.a(_unpack_sf.o)
 .bss           0x001152ba        0x0 /opt/altera/13.0sp1/nios2eds/bin/gnu/H-i686-pc-linux-gnu/bin/../lib/gcc/nios2-elf/4.1.2/mno-hw-mul/libgcc.a(_make_sf.o)
 .bss           0x001152ba        0x0 /opt/altera/13.0sp1/nios2eds/bin/gnu/H-i686-pc-linux-gnu/bin/../lib/gcc/nios2-elf/4.1.2/mno-hw-mul/libgcc.a(_pack_df.o)
 .bss           0x001152ba        0x0 /opt/altera/13.0sp1/nios2eds/bin/gnu/H-i686-pc-linux-gnu/bin/../lib/gcc/nios2-elf/4.1.2/mno-hw-mul/libgcc.a(_unpack_df.o)
 .bss           0x001152ba        0x0 /opt/altera/13.0sp1/nios2eds/bin/gnu/H-i686-pc-linux-gnu/bin/../lib/gcc/nios2-elf/4.1.2/mno-hw-mul/libgcc.a(lib2-mul.o)
 .bss           0x001152ba        0x0 /opt/altera/13.0sp1/nios2eds/bin/gnu/H-i686-pc-linux-gnu/bin/../lib/gcc/nios2-elf/4.1.2/mno-hw-mul/libgcc.a(_clz.o)
 .bss           0x001152ba        0x0 /opt/altera/13.0sp1/nios2eds/bin/gnu/H-i686-pc-linux-gnu/bin/../lib/gcc/nios2-elf/4.1.2/mno-hw-mul/libgcc.a(_pack_sf.o)
 .bss           0x001152ba        0x0 /opt/altera/13.0sp1/nios2eds/bin/gnu/H-i686-pc-linux-gnu/bin/../lib/gcc/nios2-elf/4.1.2/../../../../nios2-elf/lib/mno-hw-mul/libc.a(lib_a-impure.o)
 .bss           0x001152ba        0x0 /opt/altera/13.0sp1/nios2eds/bin/gnu/H-i686-pc-linux-gnu/bin/../lib/gcc/nios2-elf/4.1.2/../../../../nios2-elf/lib/mno-hw-mul/libc.a(lib_a-printf.o)
 .bss           0x001152ba        0x0 /opt/altera/13.0sp1/nios2eds/bin/gnu/H-i686-pc-linux-gnu/bin/../lib/gcc/nios2-elf/4.1.2/../../../../nios2-elf/lib/mno-hw-mul/libc.a(lib_a-putc.o)
 .bss           0x001152ba        0x0 /opt/altera/13.0sp1/nios2eds/bin/gnu/H-i686-pc-linux-gnu/bin/../lib/gcc/nios2-elf/4.1.2/../../../../nios2-elf/lib/mno-hw-mul/libc.a(lib_a-puts.o)
 .bss           0x001152ba        0x0 /opt/altera/13.0sp1/nios2eds/bin/gnu/H-i686-pc-linux-gnu/bin/../lib/gcc/nios2-elf/4.1.2/../../../../nios2-elf/lib/mno-hw-mul/libc.a(lib_a-strlen.o)
 .bss           0x001152ba        0x0 /opt/altera/13.0sp1/nios2eds/bin/gnu/H-i686-pc-linux-gnu/bin/../lib/gcc/nios2-elf/4.1.2/../../../../nios2-elf/lib/mno-hw-mul/libc.a(lib_a-vfprintf.o)
 .bss           0x001152ba        0x0 /opt/altera/13.0sp1/nios2eds/bin/gnu/H-i686-pc-linux-gnu/bin/../lib/gcc/nios2-elf/4.1.2/../../../../nios2-elf/lib/mno-hw-mul/libc.a(lib_a-wbuf.o)
 .bss           0x001152ba        0x0 /opt/altera/13.0sp1/nios2eds/bin/gnu/H-i686-pc-linux-gnu/bin/../lib/gcc/nios2-elf/4.1.2/../../../../nios2-elf/lib/mno-hw-mul/libc.a(lib_a-wsetup.o)
 .bss           0x001152ba        0x0 /opt/altera/13.0sp1/nios2eds/bin/gnu/H-i686-pc-linux-gnu/bin/../lib/gcc/nios2-elf/4.1.2/../../../../nios2-elf/lib/mno-hw-mul/libc.a(lib_a-dtoa.o)
 .bss           0x001152ba        0x0 /opt/altera/13.0sp1/nios2eds/bin/gnu/H-i686-pc-linux-gnu/bin/../lib/gcc/nios2-elf/4.1.2/../../../../nios2-elf/lib/mno-hw-mul/libc.a(lib_a-fflush.o)
 .bss           0x001152ba        0x0 /opt/altera/13.0sp1/nios2eds/bin/gnu/H-i686-pc-linux-gnu/bin/../lib/gcc/nios2-elf/4.1.2/../../../../nios2-elf/lib/mno-hw-mul/libc.a(lib_a-findfp.o)
 .bss           0x001152ba        0x0 /opt/altera/13.0sp1/nios2eds/bin/gnu/H-i686-pc-linux-gnu/bin/../lib/gcc/nios2-elf/4.1.2/../../../../nios2-elf/lib/mno-hw-mul/libc.a(lib_a-freer.o)
 .bss           0x001152ba        0x0 /opt/altera/13.0sp1/nios2eds/bin/gnu/H-i686-pc-linux-gnu/bin/../lib/gcc/nios2-elf/4.1.2/../../../../nios2-elf/lib/mno-hw-mul/libc.a(lib_a-fvwrite.o)
 .bss           0x001152ba        0x0 /opt/altera/13.0sp1/nios2eds/bin/gnu/H-i686-pc-linux-gnu/bin/../lib/gcc/nios2-elf/4.1.2/../../../../nios2-elf/lib/mno-hw-mul/libc.a(lib_a-fwalk.o)
 .bss           0x001152ba        0x0 /opt/altera/13.0sp1/nios2eds/bin/gnu/H-i686-pc-linux-gnu/bin/../lib/gcc/nios2-elf/4.1.2/../../../../nios2-elf/lib/mno-hw-mul/libc.a(lib_a-locale.o)
 .bss           0x001152ba        0x0 /opt/altera/13.0sp1/nios2eds/bin/gnu/H-i686-pc-linux-gnu/bin/../lib/gcc/nios2-elf/4.1.2/../../../../nios2-elf/lib/mno-hw-mul/libc.a(lib_a-makebuf.o)
 *fill*         0x001152ba        0x2 00
 .bss           0x001152bc       0x28 /opt/altera/13.0sp1/nios2eds/bin/gnu/H-i686-pc-linux-gnu/bin/../lib/gcc/nios2-elf/4.1.2/../../../../nios2-elf/lib/mno-hw-mul/libc.a(lib_a-mallocr.o)
                0x001152bc                __malloc_current_mallinfo
 .bss           0x001152e4        0x0 /opt/altera/13.0sp1/nios2eds/bin/gnu/H-i686-pc-linux-gnu/bin/../lib/gcc/nios2-elf/4.1.2/../../../../nios2-elf/lib/mno-hw-mul/libc.a(lib_a-memchr.o)
 .bss           0x001152e4        0x0 /opt/altera/13.0sp1/nios2eds/bin/gnu/H-i686-pc-linux-gnu/bin/../lib/gcc/nios2-elf/4.1.2/../../../../nios2-elf/lib/mno-hw-mul/libc.a(lib_a-memcpy.o)
 .bss           0x001152e4        0x0 /opt/altera/13.0sp1/nios2eds/bin/gnu/H-i686-pc-linux-gnu/bin/../lib/gcc/nios2-elf/4.1.2/../../../../nios2-elf/lib/mno-hw-mul/libc.a(lib_a-memmove.o)
 .bss           0x001152e4        0x0 /opt/altera/13.0sp1/nios2eds/bin/gnu/H-i686-pc-linux-gnu/bin/../lib/gcc/nios2-elf/4.1.2/../../../../nios2-elf/lib/mno-hw-mul/libc.a(lib_a-memset.o)
 .bss           0x001152e4        0x0 /opt/altera/13.0sp1/nios2eds/bin/gnu/H-i686-pc-linux-gnu/bin/../lib/gcc/nios2-elf/4.1.2/../../../../nios2-elf/lib/mno-hw-mul/libc.a(lib_a-mprec.o)
 .bss           0x001152e4        0x0 /opt/altera/13.0sp1/nios2eds/bin/gnu/H-i686-pc-linux-gnu/bin/../lib/gcc/nios2-elf/4.1.2/../../../../nios2-elf/lib/mno-hw-mul/libc.a(lib_a-reallocr.o)
 .bss           0x001152e4        0x0 /opt/altera/13.0sp1/nios2eds/bin/gnu/H-i686-pc-linux-gnu/bin/../lib/gcc/nios2-elf/4.1.2/../../../../nios2-elf/lib/mno-hw-mul/libc.a(lib_a-s_isinfd.o)
 .bss           0x001152e4        0x0 /opt/altera/13.0sp1/nios2eds/bin/gnu/H-i686-pc-linux-gnu/bin/../lib/gcc/nios2-elf/4.1.2/../../../../nios2-elf/lib/mno-hw-mul/libc.a(lib_a-s_isnand.o)
 .bss           0x001152e4        0x0 /opt/altera/13.0sp1/nios2eds/bin/gnu/H-i686-pc-linux-gnu/bin/../lib/gcc/nios2-elf/4.1.2/../../../../nios2-elf/lib/mno-hw-mul/libc.a(lib_a-sbrkr.o)
 .bss           0x001152e4        0x0 /opt/altera/13.0sp1/nios2eds/bin/gnu/H-i686-pc-linux-gnu/bin/../lib/gcc/nios2-elf/4.1.2/../../../../nios2-elf/lib/mno-hw-mul/libc.a(lib_a-stdio.o)
 .bss           0x001152e4        0x0 /opt/altera/13.0sp1/nios2eds/bin/gnu/H-i686-pc-linux-gnu/bin/../lib/gcc/nios2-elf/4.1.2/../../../../nios2-elf/lib/mno-hw-mul/libc.a(lib_a-strcmp.o)
 .bss           0x001152e4        0x0 /opt/altera/13.0sp1/nios2eds/bin/gnu/H-i686-pc-linux-gnu/bin/../lib/gcc/nios2-elf/4.1.2/../../../../nios2-elf/lib/mno-hw-mul/libc.a(lib_a-writer.o)
 .bss           0x001152e4        0x0 /opt/altera/13.0sp1/nios2eds/bin/gnu/H-i686-pc-linux-gnu/bin/../lib/gcc/nios2-elf/4.1.2/../../../../nios2-elf/lib/mno-hw-mul/libc.a(lib_a-callocr.o)
 .bss           0x001152e4        0x0 /opt/altera/13.0sp1/nios2eds/bin/gnu/H-i686-pc-linux-gnu/bin/../lib/gcc/nios2-elf/4.1.2/../../../../nios2-elf/lib/mno-hw-mul/libc.a(lib_a-closer.o)
 .bss           0x001152e4        0x0 /opt/altera/13.0sp1/nios2eds/bin/gnu/H-i686-pc-linux-gnu/bin/../lib/gcc/nios2-elf/4.1.2/../../../../nios2-elf/lib/mno-hw-mul/libc.a(lib_a-fclose.o)
 .bss           0x001152e4        0x0 /opt/altera/13.0sp1/nios2eds/bin/gnu/H-i686-pc-linux-gnu/bin/../lib/gcc/nios2-elf/4.1.2/../../../../nios2-elf/lib/mno-hw-mul/libc.a(lib_a-fstatr.o)
 .bss           0x001152e4        0x0 /opt/altera/13.0sp1/nios2eds/bin/gnu/H-i686-pc-linux-gnu/bin/../lib/gcc/nios2-elf/4.1.2/../../../../nios2-elf/lib/mno-hw-mul/libc.a(lib_a-int_errno.o)
 .bss           0x001152e4        0x0 /opt/altera/13.0sp1/nios2eds/bin/gnu/H-i686-pc-linux-gnu/bin/../lib/gcc/nios2-elf/4.1.2/../../../../nios2-elf/lib/mno-hw-mul/libc.a(lib_a-isattyr.o)
 .bss           0x001152e4        0x0 /opt/altera/13.0sp1/nios2eds/bin/gnu/H-i686-pc-linux-gnu/bin/../lib/gcc/nios2-elf/4.1.2/../../../../nios2-elf/lib/mno-hw-mul/libc.a(lib_a-lseekr.o)
 .bss           0x001152e4        0x0 /opt/altera/13.0sp1/nios2eds/bin/gnu/H-i686-pc-linux-gnu/bin/../lib/gcc/nios2-elf/4.1.2/../../../../nios2-elf/lib/mno-hw-mul/libc.a(lib_a-readr.o)
 .bss           0x001152e4        0x0 /opt/altera/13.0sp1/nios2eds/bin/gnu/H-i686-pc-linux-gnu/bin/../lib/gcc/nios2-elf/4.1.2/mno-hw-mul/libgcc.a(_udivdi3.o)
 .bss           0x001152e4        0x0 /opt/altera/13.0sp1/nios2eds/bin/gnu/H-i686-pc-linux-gnu/bin/../lib/gcc/nios2-elf/4.1.2/mno-hw-mul/libgcc.a(_umoddi3.o)
 .bss           0x001152e4        0x0 /opt/altera/13.0sp1/nios2eds/bin/gnu/H-i686-pc-linux-gnu/bin/../lib/gcc/nios2-elf/4.1.2/mno-hw-mul/libgcc.a(_addsub_df.o)
 .bss           0x001152e4        0x0 /opt/altera/13.0sp1/nios2eds/bin/gnu/H-i686-pc-linux-gnu/bin/../lib/gcc/nios2-elf/4.1.2/mno-hw-mul/libgcc.a(_div_df.o)
 .bss           0x001152e4        0x0 /opt/altera/13.0sp1/nios2eds/bin/gnu/H-i686-pc-linux-gnu/bin/../lib/gcc/nios2-elf/4.1.2/mno-hw-mul/libgcc.a(_eq_df.o)
 .bss           0x001152e4        0x0 /opt/altera/13.0sp1/nios2eds/bin/gnu/H-i686-pc-linux-gnu/bin/../lib/gcc/nios2-elf/4.1.2/mno-hw-mul/libgcc.a(_ne_df.o)
 .bss           0x001152e4        0x0 /opt/altera/13.0sp1/nios2eds/bin/gnu/H-i686-pc-linux-gnu/bin/../lib/gcc/nios2-elf/4.1.2/mno-hw-mul/libgcc.a(_gt_df.o)
 .bss           0x001152e4        0x0 /opt/altera/13.0sp1/nios2eds/bin/gnu/H-i686-pc-linux-gnu/bin/../lib/gcc/nios2-elf/4.1.2/mno-hw-mul/libgcc.a(_ge_df.o)
 .bss           0x001152e4        0x0 /opt/altera/13.0sp1/nios2eds/bin/gnu/H-i686-pc-linux-gnu/bin/../lib/gcc/nios2-elf/4.1.2/mno-hw-mul/libgcc.a(_lt_df.o)
 .bss           0x001152e4        0x0 /opt/altera/13.0sp1/nios2eds/bin/gnu/H-i686-pc-linux-gnu/bin/../lib/gcc/nios2-elf/4.1.2/mno-hw-mul/libgcc.a(_si_to_df.o)
 .bss           0x001152e4        0x0 /opt/altera/13.0sp1/nios2eds/bin/gnu/H-i686-pc-linux-gnu/bin/../lib/gcc/nios2-elf/4.1.2/mno-hw-mul/libgcc.a(_df_to_si.o)
 .bss           0x001152e4        0x0 /opt/altera/13.0sp1/nios2eds/bin/gnu/H-i686-pc-linux-gnu/bin/../lib/gcc/nios2-elf/4.1.2/mno-hw-mul/libgcc.a(lib2-divmod.o)
 .bss           0x001152e4        0x0 /opt/altera/13.0sp1/nios2eds/bin/gnu/H-i686-pc-linux-gnu/bin/../lib/gcc/nios2-elf/4.1.2/mno-hw-mul/libgcc.a(_fpcmp_parts_df.o)
 .bss           0x001152e4        0x0 ../bsp//libucosii_bsp.a(alt_close.o)
 .bss           0x001152e4        0x0 ../bsp//libucosii_bsp.a(alt_dev.o)
 .bss           0x001152e4        0x0 ../bsp//libucosii_bsp.a(alt_errno.o)
 .bss           0x001152e4        0x0 ../bsp//libucosii_bsp.a(alt_fstat.o)
 .bss           0x001152e4        0x0 ../bsp//libucosii_bsp.a(alt_isatty.o)
 .bss           0x001152e4        0x0 ../bsp//libucosii_bsp.a(alt_load.o)
 .bss           0x001152e4        0x0 ../bsp//libucosii_bsp.a(alt_lseek.o)
 .bss           0x001152e4        0x0 ../bsp//libucosii_bsp.a(alt_main.o)
 .bss           0x001152e4        0x0 ../bsp//libucosii_bsp.a(alt_read.o)
 .bss           0x001152e4        0x0 ../bsp//libucosii_bsp.a(alt_release_fd.o)
 .bss           0x001152e4        0x0 ../bsp//libucosii_bsp.a(alt_sbrk.o)
 .bss           0x001152e4        0x0 ../bsp//libucosii_bsp.a(alt_write.o)
 .bss           0x001152e4        0x0 ../bsp//libucosii_bsp.a(alt_env_lock.o)
 .bss           0x001152e4        0x0 ../bsp//libucosii_bsp.a(alt_malloc_lock.o)
 .bss           0x001152e4        0x0 ../bsp//libucosii_bsp.a(os_core.o)
 .bss           0x001152e4        0x0 ../bsp//libucosii_bsp.a(os_dbg.o)
 .bss           0x001152e4        0x0 ../bsp//libucosii_bsp.a(os_flag.o)
 .bss           0x001152e4        0x0 ../bsp//libucosii_bsp.a(os_mem.o)
 .bss           0x001152e4        0x0 ../bsp//libucosii_bsp.a(os_q.o)
 .bss           0x001152e4        0x0 ../bsp//libucosii_bsp.a(os_sem.o)
 .bss           0x001152e4        0x0 ../bsp//libucosii_bsp.a(os_task.o)
 .bss           0x001152e4        0x0 ../bsp//libucosii_bsp.a(os_time.o)
 .bss           0x001152e4        0x0 ../bsp//libucosii_bsp.a(os_tmr.o)
 .bss           0x001152e4        0x0 ../bsp//libucosii_bsp.a(alt_sys_init.o)
 .bss           0x001152e4        0x0 ../bsp//libucosii_bsp.a(altera_avalon_jtag_uart_fd.o)
 .bss           0x001152e4        0x0 ../bsp//libucosii_bsp.a(altera_avalon_jtag_uart_init.o)
 .bss           0x001152e4        0x0 ../bsp//libucosii_bsp.a(altera_avalon_jtag_uart_ioctl.o)
 .bss           0x001152e4        0x0 ../bsp//libucosii_bsp.a(altera_avalon_jtag_uart_read.o)
 .bss           0x001152e4        0x0 ../bsp//libucosii_bsp.a(altera_avalon_jtag_uart_write.o)
 .bss           0x001152e4        0x0 ../bsp//libucosii_bsp.a(altera_avalon_timer_sc.o)
 .bss           0x001152e4        0x0 ../bsp//libucosii_bsp.a(altera_avalon_timer_ts.o)
 .bss           0x001152e4        0x0 ../bsp//libucosii_bsp.a(altera_avalon_timer_vars.o)
 .bss           0x001152e4        0x0 ../bsp//libucosii_bsp.a(altera_up_avalon_character_lcd.o)
 .bss           0x001152e4        0x0 ../bsp//libucosii_bsp.a(alt_alarm_start.o)
 .bss           0x001152e4        0x0 ../bsp//libucosii_bsp.a(alt_dcache_flush_all.o)
 .bss           0x001152e4        0x0 ../bsp//libucosii_bsp.a(alt_dev_llist_insert.o)
 .bss           0x001152e4        0x0 ../bsp//libucosii_bsp.a(alt_do_ctors.o)
 .bss           0x001152e4        0x0 ../bsp//libucosii_bsp.a(alt_do_dtors.o)
 .bss           0x001152e4        0x0 ../bsp//libucosii_bsp.a(alt_find_dev.o)
 .bss           0x001152e4        0x0 ../bsp//libucosii_bsp.a(alt_icache_flush_all.o)
 .bss           0x001152e4        0x0 ../bsp//libucosii_bsp.a(alt_iic.o)
 .bss           0x001152e4        0x0 ../bsp//libucosii_bsp.a(alt_iic_isr_register.o)
 .bss           0x001152e4        0x0 ../bsp//libucosii_bsp.a(alt_io_redirect.o)
 .bss           0x001152e4        0x0 ../bsp//libucosii_bsp.a(alt_irq_entry.o)
 .bss           0x001152e4        0x0 ../bsp//libucosii_bsp.a(alt_irq_handler.o)
 .bss           0x001152e4        0x0 ../bsp//libucosii_bsp.a(alt_irq_vars.o)
 .bss           0x001152e4        0x0 ../bsp//libucosii_bsp.a(alt_open.o)
 .bss           0x001152e4        0x0 ../bsp//libucosii_bsp.a(alt_tick.o)
 .bss           0x001152e4        0x0 ../bsp//libucosii_bsp.a(altera_nios2_qsys_irq.o)
 .bss           0x001152e4        0x0 ../bsp//libucosii_bsp.a(os_cpu_a.o)
 .bss           0x001152e4        0x0 ../bsp//libucosii_bsp.a(os_cpu_c.o)
 .bss           0x001152e4        0x0 ../bsp//libucosii_bsp.a(alt_exception_entry.o)
 .bss           0x001152e4        0x0 ../bsp//libucosii_bsp.a(alt_find_file.o)
 .bss           0x001152e4        0x0 ../bsp//libucosii_bsp.a(alt_get_fd.o)
 .bss           0x001152e4        0x0 /opt/altera/13.0sp1/nios2eds/bin/gnu/H-i686-pc-linux-gnu/bin/../lib/gcc/nios2-elf/4.1.2/../../../../nios2-elf/lib/mno-hw-mul/libc.a(lib_a-atexit.o)
 .bss           0x001152e4        0x0 /opt/altera/13.0sp1/nios2eds/bin/gnu/H-i686-pc-linux-gnu/bin/../lib/gcc/nios2-elf/4.1.2/../../../../nios2-elf/lib/mno-hw-mul/libc.a(lib_a-exit.o)
 .bss           0x001152e4        0x0 /opt/altera/13.0sp1/nios2eds/bin/gnu/H-i686-pc-linux-gnu/bin/../lib/gcc/nios2-elf/4.1.2/../../../../nios2-elf/lib/mno-hw-mul/libc.a(lib_a-memcmp.o)
 .bss           0x001152e4        0x0 /opt/altera/13.0sp1/nios2eds/bin/gnu/H-i686-pc-linux-gnu/bin/../lib/gcc/nios2-elf/4.1.2/../../../../nios2-elf/lib/mno-hw-mul/libc.a(lib_a-__atexit.o)
 .bss           0x001152e4        0x0 /opt/altera/13.0sp1/nios2eds/bin/gnu/H-i686-pc-linux-gnu/bin/../lib/gcc/nios2-elf/4.1.2/../../../../nios2-elf/lib/mno-hw-mul/libc.a(lib_a-__call_atexit.o)
 .bss           0x001152e4        0x0 /opt/altera/13.0sp1/nios2eds/bin/gnu/H-i686-pc-linux-gnu/bin/../lib/gcc/nios2-elf/4.1.2/mno-hw-mul/libgcc.a(_fixunsdfsi.o)
 .bss           0x001152e4        0x0 ../bsp//libucosii_bsp.a(alt_exit.o)
 *(COMMON)
 COMMON         0x001152e4     0x6000 obj/default/context.o
                0x001152e4                task1_stk
                0x001172e4                stat_stk
                0x001192e4                task2_stk
 COMMON         0x0011b2e4     0x3d74 ../bsp//libucosii_bsp.a(os_core.o)
                0x0011b2e4                OSTmrWheelTbl
                0x0011b2f4                OSFlagTbl
                0x0011b664                OSTmrTbl
                0x0011b9a4                OSMemTbl
                0x0011c5d4                OSTaskStatStk
                0x0011cdd4                OSQTbl
                0x0011cfb4                OSTmrTaskStk
                0x0011d7b4                OSTaskIdleStk
                0x0011dfb4                OSEventTbl
                0x0011eaf4                OSTCBTbl
                0x0011f004                OSTCBPrioTbl
 COMMON         0x0011f058      0x100 ../bsp//libucosii_bsp.a(alt_irq_handler.o)
                0x0011f058                alt_irq
 COMMON         0x0011f158      0x190 /opt/altera/13.0sp1/nios2eds/bin/gnu/H-i686-pc-linux-gnu/bin/../lib/gcc/nios2-elf/4.1.2/../../../../nios2-elf/lib/mno-hw-mul/libc.a(lib_a-atexit.o)
                0x0011f158                _atexit0
                0x0011f2e8                . = ALIGN (0x4)
                0x0011f2e8                __bss_end = ABSOLUTE (.)

.onchip_memory  0x00000000        0x0 load address 0x0011f2e8
                0x00000000                PROVIDE (_alt_partition_onchip_memory_start, ABSOLUTE (.))
 *(.onchip_memory. onchip_memory.*)
                0x00000000                . = ALIGN (0x4)
                0x00000000                PROVIDE (_alt_partition_onchip_memory_end, ABSOLUTE (.))
                0x0011f2e8                PROVIDE (_alt_partition_onchip_memory_load_addr, LOADADDR (.onchip_memory))

.sram           0x0011f2e8        0x0
                0x0011f2e8                PROVIDE (_alt_partition_sram_start, ABSOLUTE (.))
 *(.sram. sram.*)
                0x0011f2e8                . = ALIGN (0x4)
                0x0011f2e8                PROVIDE (_alt_partition_sram_end, ABSOLUTE (.))
                0x0011f2e8                _end = ABSOLUTE (.)
                0x0011f2e8                end = ABSOLUTE (.)
                0x0011f2e8                __alt_stack_base = ABSOLUTE (.)
                0x0011f2e8                PROVIDE (_alt_partition_sram_load_addr, LOADADDR (.sram))

.sdram          0x01000144        0x0 load address 0x0011f2e8
                0x01000144                PROVIDE (_alt_partition_sdram_start, ABSOLUTE (.))
 *(.sdram. sdram.*)
                0x01000144                . = ALIGN (0x4)
                0x01000144                PROVIDE (_alt_partition_sdram_end, ABSOLUTE (.))
                0x0011f2e8                PROVIDE (_alt_partition_sdram_load_addr, LOADADDR (.sdram))

.stab
 *(.stab)

.stabstr
 *(.stabstr)

.stab.excl
 *(.stab.excl)

.stab.exclstr
 *(.stab.exclstr)

.stab.index
 *(.stab.index)

.stab.indexstr
 *(.stab.indexstr)

.comment        0x00000000       0x26
 *(.comment)
 .comment       0x00000000       0x26 obj/default/context.o
                                 0x27 (size before relaxing)
 .comment       0x00000000       0x27 /opt/altera/13.0sp1/nios2eds/bin/gnu/H-i686-pc-linux-gnu/bin/../lib/gcc/nios2-elf/4.1.2/mno-hw-mul/libgcc.a(_sf_to_df.o)
 .comment       0x00000000       0x27 /opt/altera/13.0sp1/nios2eds/bin/gnu/H-i686-pc-linux-gnu/bin/../lib/gcc/nios2-elf/4.1.2/mno-hw-mul/libgcc.a(_mul_df.o)
 .comment       0x00000000       0x27 /opt/altera/13.0sp1/nios2eds/bin/gnu/H-i686-pc-linux-gnu/bin/../lib/gcc/nios2-elf/4.1.2/mno-hw-mul/libgcc.a(_make_df.o)
 .comment       0x00000000       0x27 /opt/altera/13.0sp1/nios2eds/bin/gnu/H-i686-pc-linux-gnu/bin/../lib/gcc/nios2-elf/4.1.2/mno-hw-mul/libgcc.a(_df_to_sf.o)
 .comment       0x00000000       0x27 /opt/altera/13.0sp1/nios2eds/bin/gnu/H-i686-pc-linux-gnu/bin/../lib/gcc/nios2-elf/4.1.2/mno-hw-mul/libgcc.a(_thenan_df.o)
 .comment       0x00000000       0x27 /opt/altera/13.0sp1/nios2eds/bin/gnu/H-i686-pc-linux-gnu/bin/../lib/gcc/nios2-elf/4.1.2/mno-hw-mul/libgcc.a(_usi_to_df.o)
 .comment       0x00000000       0x27 /opt/altera/13.0sp1/nios2eds/bin/gnu/H-i686-pc-linux-gnu/bin/../lib/gcc/nios2-elf/4.1.2/mno-hw-mul/libgcc.a(_muldi3.o)
 .comment       0x00000000       0x27 /opt/altera/13.0sp1/nios2eds/bin/gnu/H-i686-pc-linux-gnu/bin/../lib/gcc/nios2-elf/4.1.2/mno-hw-mul/libgcc.a(_clzsi2.o)
 .comment       0x00000000       0x27 /opt/altera/13.0sp1/nios2eds/bin/gnu/H-i686-pc-linux-gnu/bin/../lib/gcc/nios2-elf/4.1.2/mno-hw-mul/libgcc.a(_unpack_sf.o)
 .comment       0x00000000       0x27 /opt/altera/13.0sp1/nios2eds/bin/gnu/H-i686-pc-linux-gnu/bin/../lib/gcc/nios2-elf/4.1.2/mno-hw-mul/libgcc.a(_make_sf.o)
 .comment       0x00000000       0x27 /opt/altera/13.0sp1/nios2eds/bin/gnu/H-i686-pc-linux-gnu/bin/../lib/gcc/nios2-elf/4.1.2/mno-hw-mul/libgcc.a(_pack_df.o)
 .comment       0x00000000       0x27 /opt/altera/13.0sp1/nios2eds/bin/gnu/H-i686-pc-linux-gnu/bin/../lib/gcc/nios2-elf/4.1.2/mno-hw-mul/libgcc.a(_unpack_df.o)
 .comment       0x00000000       0x27 /opt/altera/13.0sp1/nios2eds/bin/gnu/H-i686-pc-linux-gnu/bin/../lib/gcc/nios2-elf/4.1.2/mno-hw-mul/libgcc.a(lib2-mul.o)
 .comment       0x00000000       0x27 /opt/altera/13.0sp1/nios2eds/bin/gnu/H-i686-pc-linux-gnu/bin/../lib/gcc/nios2-elf/4.1.2/mno-hw-mul/libgcc.a(_clz.o)
 .comment       0x00000000       0x27 /opt/altera/13.0sp1/nios2eds/bin/gnu/H-i686-pc-linux-gnu/bin/../lib/gcc/nios2-elf/4.1.2/mno-hw-mul/libgcc.a(_pack_sf.o)
 .comment       0x00000000       0x27 /opt/altera/13.0sp1/nios2eds/bin/gnu/H-i686-pc-linux-gnu/bin/../lib/gcc/nios2-elf/4.1.2/../../../../nios2-elf/lib/mno-hw-mul/libc.a(lib_a-impure.o)
 .comment       0x00000000       0x27 /opt/altera/13.0sp1/nios2eds/bin/gnu/H-i686-pc-linux-gnu/bin/../lib/gcc/nios2-elf/4.1.2/../../../../nios2-elf/lib/mno-hw-mul/libc.a(lib_a-printf.o)
 .comment       0x00000000       0x27 /opt/altera/13.0sp1/nios2eds/bin/gnu/H-i686-pc-linux-gnu/bin/../lib/gcc/nios2-elf/4.1.2/../../../../nios2-elf/lib/mno-hw-mul/libc.a(lib_a-putc.o)
 .comment       0x00000000       0x27 /opt/altera/13.0sp1/nios2eds/bin/gnu/H-i686-pc-linux-gnu/bin/../lib/gcc/nios2-elf/4.1.2/../../../../nios2-elf/lib/mno-hw-mul/libc.a(lib_a-puts.o)